******************************************************************************
                  MSP430 Linker Unix v18.1.5                   
******************************************************************************
>> Linked Mon Apr 29 22:12:31 2019

OUTPUT FILE NAME:   <software.out>
ENTRY POINT SYMBOL: "_c_int00_noargs"  address: 0000cb82


MEMORY CONFIGURATION

         name            origin    length      used     unused   attr    fill
----------------------  --------  ---------  --------  --------  ----  --------
  SFR                   00000000   00000010  00000000  00000010  RWIX
  PERIPHERALS_8BIT      00000010   000000f0  00000000  000000f0  RWIX
  PERIPHERALS_16BIT     00000100   00000100  00000000  00000100  RWIX
  RAM                   00000200   00000200  00000078  00000188  RWIX
  INFOD                 00001000   00000040  00000000  00000040  RWIX
  INFOC                 00001040   00000040  00000000  00000040  RWIX
  INFOB                 00001080   00000040  00000000  00000040  RWIX
  INFOA                 000010c0   00000040  00000000  00000040  RWIX
  FLASH                 0000c000   00003fde  00001085  00002f59  RWIX
  BSLSIGNATURE          0000ffde   00000002  00000002  00000000  RWIX  ffff 
  INT00                 0000ffe0   00000002  00000002  00000000  RWIX
  INT01                 0000ffe2   00000002  00000000  00000002  RWIX
  INT02                 0000ffe4   00000002  00000002  00000000  RWIX
  INT03                 0000ffe6   00000002  00000002  00000000  RWIX
  INT04                 0000ffe8   00000002  00000000  00000002  RWIX
  INT05                 0000ffea   00000002  00000002  00000000  RWIX
  INT06                 0000ffec   00000002  00000002  00000000  RWIX
  INT07                 0000ffee   00000002  00000002  00000000  RWIX
  INT08                 0000fff0   00000002  00000002  00000000  RWIX
  INT09                 0000fff2   00000002  00000002  00000000  RWIX
  INT10                 0000fff4   00000002  00000002  00000000  RWIX
  INT11                 0000fff6   00000002  00000002  00000000  RWIX
  INT12                 0000fff8   00000002  00000002  00000000  RWIX
  INT13                 0000fffa   00000002  00000002  00000000  RWIX
  INT14                 0000fffc   00000002  00000002  00000000  RWIX
  RESET                 0000fffe   00000002  00000002  00000000  RWIX


SECTION ALLOCATION MAP

 output                                  attributes/
section   page    origin      length       input sections
--------  ----  ----------  ----------   ----------------
.bss       0    00000200    00000016     UNINITIALIZED
                  00000200    0000000c     pong.obj (.bss)
                  0000020c    00000004     (.common:pot_vals)
                  00000210    00000002     (.common:h_index)
                  00000212    00000002     (.common:w_index)
                  00000214    00000001     (.common:bit_num)
                  00000215    00000001     (.common:byte)

.data      0    00000216    00000012     UNINITIALIZED
                  00000216    0000000b     main.obj (.data:score_str$1)
                  00000221    00000001     --HOLE--
                  00000222    00000004     main.obj (.data)
                  00000226    00000002     buttons.obj (.data)

.stack     0    000003b0    00000050     UNINITIALIZED
                  000003b0    00000002     rts430_eabi.lib : boot.c.obj (.stack)
                  000003b2    0000004e     --HOLE--

.text      0    0000c000    00000d30     
                  0000c000    000001ca     lib_lcd.obj (.text:draw_bitmap)
                  0000c1ca    00000178     lib_lcd.obj (.text:convert_font_size)
                  0000c342    000000ec     lib_lcd.obj (.text:draw_rect)
                  0000c42e    00000084     lib_lcd.obj (.text:write_string)
                  0000c4b2    0000007c     rts430_eabi.lib : copy_decompress_lzss.c.obj (.text:decompress:lzss:__TI_decompress_lzss)
                  0000c52e    0000006c     lib_lcd.obj (.text:draw_string_sin_fixed)
                  0000c59a    0000006a     main.obj (.text:main)
                  0000c604    00000056     main.obj (.text:display_score)
                  0000c65a    00000052     pong.obj (.text:tick)
                  0000c6ac    00000050     lib_lcd.obj (.text:write_char)
                  0000c6fc    0000004e     pong.obj (.text:update_ball_position)
                  0000c74a    0000004c     rts430_eabi.lib : lsr16.asm.obj (.text)
                  0000c796    00000042                     : autoinit.c.obj (.text:__TI_auto_init_nobinit_nopinit:__TI_auto_init_nobinit_nopinit)
                  0000c7d8    00000042     pong.obj (.text:ball_in_paddle_range)
                  0000c81a    0000003e     lib_lcd.obj (.text:fill_display)
                  0000c858    0000003e     pong.obj (.text:update_paddle_positions)
                  0000c896    0000003c     main.obj (.text:display_game_over)
                  0000c8d2    0000003c     main.obj (.text:display_start)
                  0000c90e    0000003c     pong.obj (.text:play_pong_round)
                  0000c94a    0000003a     lib_lcd.obj (.text:write_small_string)
                  0000c984    00000038     init_SSD1306.obj (.text:init_LCD)
                  0000c9bc    0000002e     lib_math.obj (.text:get_sin)
                  0000c9ea    0000002c     lib_lcd.obj (.text:init_USCI)
                  0000ca16    0000002c     rts430_eabi.lib : asr16.asm.obj (.text)
                  0000ca42    0000002c                     : div16s.asm.obj (.text)
                  0000ca6e    0000002c                     : lsl16.asm.obj (.text)
                  0000ca9a    0000002c     lib_lcd.obj (.text:set_cursor)
                  0000cac6    00000022     pong.obj (.text:draw_paddles)
                  0000cae8    00000022     pong.obj (.text:map)
                  0000cb0a    00000020     buttons.obj (.text:init_buttons)
                  0000cb2a    0000001e     pots.obj (.text:init_pots)
                  0000cb48    0000001e     lib_lcd.obj (.text:set_instruction)
                  0000cb66    0000001c     buttons.obj (.text:Port_2)
                  0000cb82    0000001c     rts430_eabi.lib : boot.c.obj (.text:_c_int00_noargs)
                  0000cb9e    0000001c     main.obj (.text:check_game_over)
                  0000cbba    0000001a     pong.obj (.text:check_horizontal_collisions)
                  0000cbd4    00000018     pots.obj (.text:get_pots)
                  0000cbec    00000018     lib_lcd.obj (.text:send_data_array)
                  0000cc04    00000016     pong.obj (.text:draw_ball)
                  0000cc1a    00000016     rts430_eabi.lib : div16u.asm.obj (.text)
                  0000cc30    00000016     delay.obj (.text:wait_ms)
                  0000cc46    00000014     pong.obj (.text:check_vertical_collisions)
                  0000cc5a    00000014     rts430_eabi.lib : copy_zero_init.c.obj (.text:decompress:ZI:__TI_zero_init_nomemset:__TI_zero_init_nomemset)
                  0000cc6e    00000014                     : mult16.asm.obj (.text)
                  0000cc82    00000014     main.obj (.text:update_score)
                  0000cc96    00000012     rts430_eabi.lib : copy_decompress_none.c.obj (.text:decompress:none:__TI_decompress_none)
                  0000cca8    00000012                     : memcpy.c.obj (.text:memcpy)
                  0000ccba    00000010     init_SSD1306.obj (.text:init_ports)
                  0000ccca    00000010     rts430_eabi.lib : epilog.asm.obj (.text)
                  0000ccda    0000000e     pong.obj (.text:clear_display)
                  0000cce8    0000000c     main.obj (.text:init_display)
                  0000ccf4    0000000a     lib_lcd.obj (.text:USCI)
                  0000ccfe    0000000a     lib_math.obj (.text:get_abs)
                  0000cd08    0000000a     main.obj (.text:init_game)
                  0000cd12    0000000a     buttons.obj (.text:wait_for_button_press)
                  0000cd1c    00000008     rts430_eabi.lib : isr_trap.asm.obj (.text:_isr:__TI_ISR_TRAP)
                  0000cd24    00000006                     : exit.c.obj (.text:abort)
                  0000cd2a    00000004                     : pre_init.c.obj (.text:_system_pre_init)
                  0000cd2e    00000002                     : startup.c.obj (.text:_system_post_cinit)

.const     0    0000cd30    00000331     
                  0000cd30    00000280     lib_lcd.obj (.const:ascii_table)
                  0000cfb0    0000004e     lib_math.obj (.const:.string:sine_array)
                  0000cffe    00000019     init_SSD1306.obj (.const:.string:init_cmd_array)
                  0000d017    00000001     --HOLE-- [fill = 0]
                  0000d018    00000014     main.obj (.const:.string:str_subtitle)
                  0000d02c    0000000c     main.obj (.const:.string:str_right_winner)
                  0000d038    0000000c     main.obj (.const:.string:str_title)
                  0000d044    0000000b     main.obj (.const:.string:str_left_winner)
                  0000d04f    00000001     --HOLE-- [fill = 0]
                  0000d050    0000000a     main.obj (.const:.string:str_continue)
                  0000d05a    00000007     main.obj (.const:.string:str_subtitle2)

.cinit     0    0000d062    00000024     
                  0000d062    00000011     (.cinit..data.load) [load image, compression = lzss]
                  0000d073    00000001     --HOLE-- [fill = 0]
                  0000d074    00000006     (__TI_handler_table)
                  0000d07a    00000004     (.cinit..bss.load) [load image, compression = zero_init]
                  0000d07e    00000008     (__TI_cinit_table)

.binit     0    0000c000    00000000     

.init_array 
*          0    0000c000    00000000     UNINITIALIZED

TRAPINT    0    0000ffe0    00000002     
                  0000ffe0    00000002     rts430_eabi.lib : int00.asm.obj (.int00)

PORT1      0    0000ffe4    00000002     
                  0000ffe4    00000002     rts430_eabi.lib : int02.asm.obj (.int02)

PORT2      0    0000ffe6    00000002     
                  0000ffe6    00000002     buttons.obj (.int03)

ADC10      0    0000ffea    00000002     
                  0000ffea    00000002     rts430_eabi.lib : int05.asm.obj (.int05)

USCIAB0TX 
*          0    0000ffec    00000002     
                  0000ffec    00000002     lib_lcd.obj (.int06)

USCIAB0RX 
*          0    0000ffee    00000002     
                  0000ffee    00000002     rts430_eabi.lib : int07.asm.obj (.int07)

TIMER0_A1 
*          0    0000fff0    00000002     
                  0000fff0    00000002     rts430_eabi.lib : int08.asm.obj (.int08)

TIMER0_A0 
*          0    0000fff2    00000002     
                  0000fff2    00000002     rts430_eabi.lib : int09.asm.obj (.int09)

WDT        0    0000fff4    00000002     
                  0000fff4    00000002     rts430_eabi.lib : int10.asm.obj (.int10)

COMPARATORA 
*          0    0000fff6    00000002     
                  0000fff6    00000002     rts430_eabi.lib : int11.asm.obj (.int11)

TIMER1_A1 
*          0    0000fff8    00000002     
                  0000fff8    00000002     rts430_eabi.lib : int12.asm.obj (.int12)

TIMER1_A0 
*          0    0000fffa    00000002     
                  0000fffa    00000002     rts430_eabi.lib : int13.asm.obj (.int13)

NMI        0    0000fffc    00000002     
                  0000fffc    00000002     rts430_eabi.lib : int14.asm.obj (.int14)

.reset     0    0000fffe    00000002     
                  0000fffe    00000002     rts430_eabi.lib : boot.c.obj (.reset)

$fill000   0    0000ffde    00000002     
                  0000ffde    00000002     --HOLE-- [fill = ffff]

MODULE SUMMARY

       Module                       code   ro data   rw data
       ------                       ----   -------   -------
    ./
       lib_lcd.obj                  1662   642       6      
       pong.obj                     498    0         12     
       main.obj                     382    72        15     
       lib_math.obj                 56     78        0      
       init_SSD1306.obj             72     25        0      
       buttons.obj                  70     2         2      
       pots.obj                     54     0         4      
       delay.obj                    22     0         0      
    +--+----------------------------+------+---------+---------+
       Total:                       2816   819       39     
                                                            
    /home/ben/ti/ccsv8/tools/compiler/ti-cgt-msp430_18.1.5.LTS/lib/rts430_eabi.lib
       copy_decompress_lzss.c.obj   124    0         0      
       lsr16.asm.obj                76     0         0      
       autoinit.c.obj               66     0         0      
       asr16.asm.obj                44     0         0      
       div16s.asm.obj               44     0         0      
       lsl16.asm.obj                44     0         0      
       boot.c.obj                   28     2         0      
       div16u.asm.obj               22     0         0      
       copy_zero_init.c.obj         20     0         0      
       mult16.asm.obj               20     0         0      
       copy_decompress_none.c.obj   18     0         0      
       memcpy.c.obj                 18     0         0      
       epilog.asm.obj               16     0         0      
       isr_trap.asm.obj             8      0         0      
       exit.c.obj                   6      0         0      
       pre_init.c.obj               4      0         0      
       int00.asm.obj                0      2         0      
       int02.asm.obj                0      2         0      
       int05.asm.obj                0      2         0      
       int07.asm.obj                0      2         0      
       int08.asm.obj                0      2         0      
       int09.asm.obj                0      2         0      
       int10.asm.obj                0      2         0      
       int11.asm.obj                0      2         0      
       int12.asm.obj                0      2         0      
       int13.asm.obj                0      2         0      
       int14.asm.obj                0      2         0      
       startup.c.obj                2      0         0      
    +--+----------------------------+------+---------+---------+
       Total:                       560    24        0      
                                                            
       Stack:                       0      0         80     
       Linker Generated:            0      35        0      
    +--+----------------------------+------+---------+---------+
       Grand Total:                 3376   878       119    


LINKER GENERATED COPY TABLES

__TI_cinit_table @ 0000d07e records: 2, size/record: 4, table size: 8
	.data: load addr=0000d062, load size=00000011 bytes, run addr=00000216, run size=00000012 bytes, compression=lzss
	.bss: load addr=0000d07a, load size=00000004 bytes, run addr=00000200, run size=00000016 bytes, compression=zero_init


LINKER GENERATED HANDLER TABLE

__TI_handler_table @ 0000d074 records: 3, size/record: 2, table size: 6
	index: 0, handler: __TI_zero_init
	index: 1, handler: __TI_decompress_lzss
	index: 2, handler: __TI_decompress_none


GLOBAL SYMBOLS: SORTED ALPHABETICALLY BY Name 

address   name                          
-------   ----                          
0000004a  ADC10AE0                      
000001b0  ADC10CTL0                     
000001b2  ADC10CTL1                     
00000048  ADC10DTC0                     
00000049  ADC10DTC1                     
000001b4  ADC10MEM                      
000001bc  ADC10SA                       
00000057  BCSCTL1                       
00000058  BCSCTL2                       
00000053  BCSCTL3                       
0000cd24  C$$EXIT                       
00000059  CACTL1                        
0000005a  CACTL2                        
000010fb  CALBC1_12MHZ                  
000010f9  CALBC1_16MHZ                  
000010ff  CALBC1_1MHZ                   
000010fd  CALBC1_8MHZ                   
000010fa  CALDCO_12MHZ                  
000010f8  CALDCO_16MHZ                  
000010fe  CALDCO_1MHZ                   
000010fc  CALDCO_8MHZ                   
0000005b  CAPD                          
00000056  DCOCTL                        
00000128  FCTL1                         
0000012a  FCTL2                         
0000012c  FCTL3                         
00000000  IE1                           
00000001  IE2                           
00000002  IFG1                          
00000003  IFG2                          
00000022  P1DIR                         
00000025  P1IE                          
00000024  P1IES                         
00000023  P1IFG                         
00000020  P1IN                          
00000021  P1OUT                         
00000027  P1REN                         
00000026  P1SEL                         
00000041  P1SEL2                        
0000002a  P2DIR                         
0000002d  P2IE                          
0000002c  P2IES                         
0000002b  P2IFG                         
00000028  P2IN                          
00000029  P2OUT                         
0000002f  P2REN                         
0000002e  P2SEL                         
00000042  P2SEL2                        
0000001a  P3DIR                         
00000018  P3IN                          
00000019  P3OUT                         
00000010  P3REN                         
0000001b  P3SEL                         
00000043  P3SEL2                        
0000cb66  Port_2                        
00000172  TA0CCR0                       
00000174  TA0CCR1                       
00000176  TA0CCR2                       
00000162  TA0CCTL0                      
00000164  TA0CCTL1                      
00000166  TA0CCTL2                      
00000160  TA0CTL                        
0000012e  TA0IV                         
00000170  TA0R                          
00000192  TA1CCR0                       
00000194  TA1CCR1                       
00000196  TA1CCR2                       
00000182  TA1CCTL0                      
00000184  TA1CCTL1                      
00000186  TA1CCTL2                      
00000180  TA1CTL                        
0000011e  TA1IV                         
00000190  TA1R                          
000010db  TLV_ADC10_1_LEN               
000010da  TLV_ADC10_1_TAG               
000010c0  TLV_CHECKSUM                  
000010f7  TLV_DCO_30_LEN                
000010f6  TLV_DCO_30_TAG                
0000005d  UCA0ABCTL                     
00000062  UCA0BR0                       
00000063  UCA0BR1                       
00000060  UCA0CTL0                      
00000061  UCA0CTL1                      
0000005f  UCA0IRRCTL                    
0000005e  UCA0IRTCTL                    
00000064  UCA0MCTL                      
00000066  UCA0RXBUF                     
00000065  UCA0STAT                      
00000067  UCA0TXBUF                     
0000006a  UCB0BR0                       
0000006b  UCB0BR1                       
00000068  UCB0CTL0                      
00000069  UCB0CTL1                      
0000006c  UCB0I2CIE                     
00000118  UCB0I2COA                     
0000011a  UCB0I2CSA                     
0000006e  UCB0RXBUF                     
0000006d  UCB0STAT                      
0000006f  UCB0TXBUF                     
0000ccf4  USCI                          
00000120  WDTCTL                        
00000400  __STACK_END                   
00000050  __STACK_SIZE                  
0000d07e  __TI_CINIT_Base               
0000d086  __TI_CINIT_Limit              
0000d074  __TI_Handler_Table_Base       
0000d07a  __TI_Handler_Table_Limit      
0000cd1c  __TI_ISR_TRAP                 
0000c796  __TI_auto_init_nobinit_nopinit
0000c4b2  __TI_decompress_lzss          
0000cc96  __TI_decompress_none          
0000ffe0  __TI_int00                    
0000ffe4  __TI_int02                    
0000ffe6  __TI_int03                    
0000ffea  __TI_int05                    
0000ffec  __TI_int06                    
0000ffee  __TI_int07                    
0000fff0  __TI_int08                    
0000fff2  __TI_int09                    
0000fff4  __TI_int10                    
0000fff6  __TI_int11                    
0000fff8  __TI_int12                    
0000fffa  __TI_int13                    
0000fffc  __TI_int14                    
ffffffff  __TI_pprof_out_hndl           
ffffffff  __TI_prof_data_size           
ffffffff  __TI_prof_data_start          
0000cc5a  __TI_zero_init_nomemset       
ffffffff  __c_args__                    
0000ca42  __mspabi_divi                 
0000cc1a  __mspabi_divu                 
0000ccd6  __mspabi_func_epilog_1        
0000ccd4  __mspabi_func_epilog_2        
0000ccd2  __mspabi_func_epilog_3        
0000ccd0  __mspabi_func_epilog_4        
0000ccce  __mspabi_func_epilog_5        
0000cccc  __mspabi_func_epilog_6        
0000ccca  __mspabi_func_epilog_7        
0000cc6e  __mspabi_mpyi                 
0000cc6e  __mspabi_mpyi_sw              
0000ca42  __mspabi_remi                 
0000cc1a  __mspabi_remu                 
0000ca6e  __mspabi_slli                 
0000ca96  __mspabi_slli_1               
0000ca84  __mspabi_slli_10              
0000ca82  __mspabi_slli_11              
0000ca80  __mspabi_slli_12              
0000ca7e  __mspabi_slli_13              
0000ca7c  __mspabi_slli_14              
0000ca7a  __mspabi_slli_15              
0000ca94  __mspabi_slli_2               
0000ca92  __mspabi_slli_3               
0000ca90  __mspabi_slli_4               
0000ca8e  __mspabi_slli_5               
0000ca8c  __mspabi_slli_6               
0000ca8a  __mspabi_slli_7               
0000ca88  __mspabi_slli_8               
0000ca86  __mspabi_slli_9               
0000ca16  __mspabi_srai                 
0000ca3e  __mspabi_srai_1               
0000ca2c  __mspabi_srai_10              
0000ca2a  __mspabi_srai_11              
0000ca28  __mspabi_srai_12              
0000ca26  __mspabi_srai_13              
0000ca24  __mspabi_srai_14              
0000ca22  __mspabi_srai_15              
0000ca3c  __mspabi_srai_2               
0000ca3a  __mspabi_srai_3               
0000ca38  __mspabi_srai_4               
0000ca36  __mspabi_srai_5               
0000ca34  __mspabi_srai_6               
0000ca32  __mspabi_srai_7               
0000ca30  __mspabi_srai_8               
0000ca2e  __mspabi_srai_9               
0000c74a  __mspabi_srli                 
0000c790  __mspabi_srli_1               
0000c76c  __mspabi_srli_10              
0000c768  __mspabi_srli_11              
0000c764  __mspabi_srli_12              
0000c760  __mspabi_srli_13              
0000c75c  __mspabi_srli_14              
0000c758  __mspabi_srli_15              
0000c78c  __mspabi_srli_2               
0000c788  __mspabi_srli_3               
0000c784  __mspabi_srli_4               
0000c780  __mspabi_srli_5               
0000c77c  __mspabi_srli_6               
0000c778  __mspabi_srli_7               
0000c774  __mspabi_srli_8               
0000c770  __mspabi_srli_9               
0000cb82  _c_int00_noargs               
0000fffe  _reset_vector                 
000003b0  _stack                        
0000cd2e  _system_post_cinit            
0000cd2a  _system_pre_init              
0000cd24  abort                         
0000cd30  ascii_table                   
00000214  bit_num                       
00000215  byte                          
0000c1ca  convert_font_size             
0000c000  draw_bitmap                   
0000c342  draw_rect                     
0000c52e  draw_string_sin_fixed         
0000c81a  fill_display                  
0000ccfe  get_abs                       
0000cbd4  get_pots                      
0000c9bc  get_sin                       
00000210  h_index                       
0000c984  init_LCD                      
0000c9ea  init_USCI                     
0000cb0a  init_buttons                  
0000cffe  init_cmd_array                
0000ccba  init_ports                    
0000cb2a  init_pots                     
0000c59a  main                          
0000cca8  memcpy                        
0000c90e  play_pong_round               
0000020c  pot_vals                      
0000cbec  send_data_array               
0000ca9a  set_cursor                    
0000cb48  set_instruction               
0000cfb0  sine_array                    
0000d050  str_continue                  
0000d044  str_left_winner               
0000d02c  str_right_winner              
0000d018  str_subtitle                  
0000d05a  str_subtitle2                 
0000d038  str_title                     
00000212  w_index                       
0000cd12  wait_for_button_press         
0000cc30  wait_ms                       
0000c6ac  write_char                    
0000c94a  write_small_string            
0000c42e  write_string                  


GLOBAL SYMBOLS: SORTED BY Symbol Address 

address   name                          
-------   ----                          
00000000  IE1                           
00000001  IE2                           
00000002  IFG1                          
00000003  IFG2                          
00000010  P3REN                         
00000018  P3IN                          
00000019  P3OUT                         
0000001a  P3DIR                         
0000001b  P3SEL                         
00000020  P1IN                          
00000021  P1OUT                         
00000022  P1DIR                         
00000023  P1IFG                         
00000024  P1IES                         
00000025  P1IE                          
00000026  P1SEL                         
00000027  P1REN                         
00000028  P2IN                          
00000029  P2OUT                         
0000002a  P2DIR                         
0000002b  P2IFG                         
0000002c  P2IES                         
0000002d  P2IE                          
0000002e  P2SEL                         
0000002f  P2REN                         
00000041  P1SEL2                        
00000042  P2SEL2                        
00000043  P3SEL2                        
00000048  ADC10DTC0                     
00000049  ADC10DTC1                     
0000004a  ADC10AE0                      
00000050  __STACK_SIZE                  
00000053  BCSCTL3                       
00000056  DCOCTL                        
00000057  BCSCTL1                       
00000058  BCSCTL2                       
00000059  CACTL1                        
0000005a  CACTL2                        
0000005b  CAPD                          
0000005d  UCA0ABCTL                     
0000005e  UCA0IRTCTL                    
0000005f  UCA0IRRCTL                    
00000060  UCA0CTL0                      
00000061  UCA0CTL1                      
00000062  UCA0BR0                       
00000063  UCA0BR1                       
00000064  UCA0MCTL                      
00000065  UCA0STAT                      
00000066  UCA0RXBUF                     
00000067  UCA0TXBUF                     
00000068  UCB0CTL0                      
00000069  UCB0CTL1                      
0000006a  UCB0BR0                       
0000006b  UCB0BR1                       
0000006c  UCB0I2CIE                     
0000006d  UCB0STAT                      
0000006e  UCB0RXBUF                     
0000006f  UCB0TXBUF                     
00000118  UCB0I2COA                     
0000011a  UCB0I2CSA                     
0000011e  TA1IV                         
00000120  WDTCTL                        
00000128  FCTL1                         
0000012a  FCTL2                         
0000012c  FCTL3                         
0000012e  TA0IV                         
00000160  TA0CTL                        
00000162  TA0CCTL0                      
00000164  TA0CCTL1                      
00000166  TA0CCTL2                      
00000170  TA0R                          
00000172  TA0CCR0                       
00000174  TA0CCR1                       
00000176  TA0CCR2                       
00000180  TA1CTL                        
00000182  TA1CCTL0                      
00000184  TA1CCTL1                      
00000186  TA1CCTL2                      
00000190  TA1R                          
00000192  TA1CCR0                       
00000194  TA1CCR1                       
00000196  TA1CCR2                       
000001b0  ADC10CTL0                     
000001b2  ADC10CTL1                     
000001b4  ADC10MEM                      
000001bc  ADC10SA                       
0000020c  pot_vals                      
00000210  h_index                       
00000212  w_index                       
00000214  bit_num                       
00000215  byte                          
000003b0  _stack                        
00000400  __STACK_END                   
000010c0  TLV_CHECKSUM                  
000010da  TLV_ADC10_1_TAG               
000010db  TLV_ADC10_1_LEN               
000010f6  TLV_DCO_30_TAG                
000010f7  TLV_DCO_30_LEN                
000010f8  CALDCO_16MHZ                  
000010f9  CALBC1_16MHZ                  
000010fa  CALDCO_12MHZ                  
000010fb  CALBC1_12MHZ                  
000010fc  CALDCO_8MHZ                   
000010fd  CALBC1_8MHZ                   
000010fe  CALDCO_1MHZ                   
000010ff  CALBC1_1MHZ                   
0000c000  draw_bitmap                   
0000c1ca  convert_font_size             
0000c342  draw_rect                     
0000c42e  write_string                  
0000c4b2  __TI_decompress_lzss          
0000c52e  draw_string_sin_fixed         
0000c59a  main                          
0000c6ac  write_char                    
0000c74a  __mspabi_srli                 
0000c758  __mspabi_srli_15              
0000c75c  __mspabi_srli_14              
0000c760  __mspabi_srli_13              
0000c764  __mspabi_srli_12              
0000c768  __mspabi_srli_11              
0000c76c  __mspabi_srli_10              
0000c770  __mspabi_srli_9               
0000c774  __mspabi_srli_8               
0000c778  __mspabi_srli_7               
0000c77c  __mspabi_srli_6               
0000c780  __mspabi_srli_5               
0000c784  __mspabi_srli_4               
0000c788  __mspabi_srli_3               
0000c78c  __mspabi_srli_2               
0000c790  __mspabi_srli_1               
0000c796  __TI_auto_init_nobinit_nopinit
0000c81a  fill_display                  
0000c90e  play_pong_round               
0000c94a  write_small_string            
0000c984  init_LCD                      
0000c9bc  get_sin                       
0000c9ea  init_USCI                     
0000ca16  __mspabi_srai                 
0000ca22  __mspabi_srai_15              
0000ca24  __mspabi_srai_14              
0000ca26  __mspabi_srai_13              
0000ca28  __mspabi_srai_12              
0000ca2a  __mspabi_srai_11              
0000ca2c  __mspabi_srai_10              
0000ca2e  __mspabi_srai_9               
0000ca30  __mspabi_srai_8               
0000ca32  __mspabi_srai_7               
0000ca34  __mspabi_srai_6               
0000ca36  __mspabi_srai_5               
0000ca38  __mspabi_srai_4               
0000ca3a  __mspabi_srai_3               
0000ca3c  __mspabi_srai_2               
0000ca3e  __mspabi_srai_1               
0000ca42  __mspabi_divi                 
0000ca42  __mspabi_remi                 
0000ca6e  __mspabi_slli                 
0000ca7a  __mspabi_slli_15              
0000ca7c  __mspabi_slli_14              
0000ca7e  __mspabi_slli_13              
0000ca80  __mspabi_slli_12              
0000ca82  __mspabi_slli_11              
0000ca84  __mspabi_slli_10              
0000ca86  __mspabi_slli_9               
0000ca88  __mspabi_slli_8               
0000ca8a  __mspabi_slli_7               
0000ca8c  __mspabi_slli_6               
0000ca8e  __mspabi_slli_5               
0000ca90  __mspabi_slli_4               
0000ca92  __mspabi_slli_3               
0000ca94  __mspabi_slli_2               
0000ca96  __mspabi_slli_1               
0000ca9a  set_cursor                    
0000cb0a  init_buttons                  
0000cb2a  init_pots                     
0000cb48  set_instruction               
0000cb66  Port_2                        
0000cb82  _c_int00_noargs               
0000cbd4  get_pots                      
0000cbec  send_data_array               
0000cc1a  __mspabi_divu                 
0000cc1a  __mspabi_remu                 
0000cc30  wait_ms                       
0000cc5a  __TI_zero_init_nomemset       
0000cc6e  __mspabi_mpyi                 
0000cc6e  __mspabi_mpyi_sw              
0000cc96  __TI_decompress_none          
0000cca8  memcpy                        
0000ccba  init_ports                    
0000ccca  __mspabi_func_epilog_7        
0000cccc  __mspabi_func_epilog_6        
0000ccce  __mspabi_func_epilog_5        
0000ccd0  __mspabi_func_epilog_4        
0000ccd2  __mspabi_func_epilog_3        
0000ccd4  __mspabi_func_epilog_2        
0000ccd6  __mspabi_func_epilog_1        
0000ccf4  USCI                          
0000ccfe  get_abs                       
0000cd12  wait_for_button_press         
0000cd1c  __TI_ISR_TRAP                 
0000cd24  C$$EXIT                       
0000cd24  abort                         
0000cd2a  _system_pre_init              
0000cd2e  _system_post_cinit            
0000cd30  ascii_table                   
0000cfb0  sine_array                    
0000cffe  init_cmd_array                
0000d018  str_subtitle                  
0000d02c  str_right_winner              
0000d038  str_title                     
0000d044  str_left_winner               
0000d050  str_continue                  
0000d05a  str_subtitle2                 
0000d074  __TI_Handler_Table_Base       
0000d07a  __TI_Handler_Table_Limit      
0000d07e  __TI_CINIT_Base               
0000d086  __TI_CINIT_Limit              
0000ffe0  __TI_int00                    
0000ffe4  __TI_int02                    
0000ffe6  __TI_int03                    
0000ffea  __TI_int05                    
0000ffec  __TI_int06                    
0000ffee  __TI_int07                    
0000fff0  __TI_int08                    
0000fff2  __TI_int09                    
0000fff4  __TI_int10                    
0000fff6  __TI_int11                    
0000fff8  __TI_int12                    
0000fffa  __TI_int13                    
0000fffc  __TI_int14                    
0000fffe  _reset_vector                 
ffffffff  __TI_pprof_out_hndl           
ffffffff  __TI_prof_data_size           
ffffffff  __TI_prof_data_start          
ffffffff  __c_args__                    

[234 symbols]
