******************************************************************************
                  MSP430 Linker Unix v18.1.5                   
******************************************************************************
>> Linked Mon Apr 29 22:30:52 2019

OUTPUT FILE NAME:   <software.out>
ENTRY POINT SYMBOL: "_c_int00_noargs"  address: 0000cbae


MEMORY CONFIGURATION

         name            origin    length      used     unused   attr    fill
----------------------  --------  ---------  --------  --------  ----  --------
  SFR                   00000000   00000010  00000000  00000010  RWIX
  PERIPHERALS_8BIT      00000010   000000f0  00000000  000000f0  RWIX
  PERIPHERALS_16BIT     00000100   00000100  00000000  00000100  RWIX
  RAM                   00000200   00000200  00000078  00000188  RWIX
  INFOD                 00001000   00000040  00000000  00000040  RWIX
  INFOC                 00001040   00000040  00000000  00000040  RWIX
  INFOB                 00001080   00000040  00000000  00000040  RWIX
  INFOA                 000010c0   00000040  00000000  00000040  RWIX
  FLASH                 0000c000   00003fde  000010b1  00002f2d  RWIX
  BSLSIGNATURE          0000ffde   00000002  00000002  00000000  RWIX  ffff 
  INT00                 0000ffe0   00000002  00000002  00000000  RWIX
  INT01                 0000ffe2   00000002  00000000  00000002  RWIX
  INT02                 0000ffe4   00000002  00000002  00000000  RWIX
  INT03                 0000ffe6   00000002  00000002  00000000  RWIX
  INT04                 0000ffe8   00000002  00000000  00000002  RWIX
  INT05                 0000ffea   00000002  00000002  00000000  RWIX
  INT06                 0000ffec   00000002  00000002  00000000  RWIX
  INT07                 0000ffee   00000002  00000002  00000000  RWIX
  INT08                 0000fff0   00000002  00000002  00000000  RWIX
  INT09                 0000fff2   00000002  00000002  00000000  RWIX
  INT10                 0000fff4   00000002  00000002  00000000  RWIX
  INT11                 0000fff6   00000002  00000002  00000000  RWIX
  INT12                 0000fff8   00000002  00000002  00000000  RWIX
  INT13                 0000fffa   00000002  00000002  00000000  RWIX
  INT14                 0000fffc   00000002  00000002  00000000  RWIX
  RESET                 0000fffe   00000002  00000002  00000000  RWIX


SECTION ALLOCATION MAP

 output                                  attributes/
section   page    origin      length       input sections
--------  ----  ----------  ----------   ----------------
.bss       0    00000200    00000016     UNINITIALIZED
                  00000200    0000000c     pong.obj (.bss)
                  0000020c    00000004     (.common:pot_vals)
                  00000210    00000002     (.common:h_index)
                  00000212    00000002     (.common:w_index)
                  00000214    00000001     (.common:bit_num)
                  00000215    00000001     (.common:byte)

.data      0    00000216    00000012     UNINITIALIZED
                  00000216    0000000b     main.obj (.data:score_str$1)
                  00000221    00000001     --HOLE--
                  00000222    00000004     main.obj (.data)
                  00000226    00000002     buttons.obj (.data)

.stack     0    000003b0    00000050     UNINITIALIZED
                  000003b0    00000002     rts430_eabi.lib : boot.c.obj (.stack)
                  000003b2    0000004e     --HOLE--

.text      0    0000c000    00000d5c     
                  0000c000    000001ca     lib_lcd.obj (.text:draw_bitmap)
                  0000c1ca    00000178     lib_lcd.obj (.text:convert_font_size)
                  0000c342    000000ec     lib_lcd.obj (.text:draw_rect)
                  0000c42e    00000084     lib_lcd.obj (.text:write_string)
                  0000c4b2    0000007c     rts430_eabi.lib : copy_decompress_lzss.c.obj (.text:decompress:lzss:__TI_decompress_lzss)
                  0000c52e    0000006c     lib_lcd.obj (.text:draw_string_sin_fixed)
                  0000c59a    0000006a     main.obj (.text:main)
                  0000c604    00000060     pong.obj (.text:tick)
                  0000c664    00000056     main.obj (.text:display_score)
                  0000c6ba    00000050     lib_lcd.obj (.text:write_char)
                  0000c70a    0000004e     pong.obj (.text:update_ball_position)
                  0000c758    0000004c     rts430_eabi.lib : lsr16.asm.obj (.text)
                  0000c7a4    00000042                     : autoinit.c.obj (.text:__TI_auto_init_nobinit_nopinit:__TI_auto_init_nobinit_nopinit)
                  0000c7e6    00000042     pong.obj (.text:ball_in_paddle_range)
                  0000c828    0000003e     lib_lcd.obj (.text:fill_display)
                  0000c866    0000003e     pong.obj (.text:update_paddle_positions)
                  0000c8a4    0000003c     main.obj (.text:display_game_over)
                  0000c8e0    0000003c     main.obj (.text:display_start)
                  0000c91c    0000003a     lib_lcd.obj (.text:write_small_string)
                  0000c956    00000038     init_SSD1306.obj (.text:init_LCD)
                  0000c98e    0000002e     lib_math.obj (.text:get_sin)
                  0000c9bc    0000002e     pong.obj (.text:play_pong_round)
                  0000c9ea    0000002c     pong.obj (.text:draw_ball_and_paddles)
                  0000ca16    0000002c     lib_lcd.obj (.text:init_USCI)
                  0000ca42    0000002c     rts430_eabi.lib : asr16.asm.obj (.text)
                  0000ca6e    0000002c                     : div16s.asm.obj (.text)
                  0000ca9a    0000002c                     : lsl16.asm.obj (.text)
                  0000cac6    0000002c     lib_lcd.obj (.text:set_cursor)
                  0000caf2    00000022     pong.obj (.text:draw_paddles)
                  0000cb14    00000022     pong.obj (.text:map)
                  0000cb36    00000020     buttons.obj (.text:init_buttons)
                  0000cb56    0000001e     pots.obj (.text:init_pots)
                  0000cb74    0000001e     lib_lcd.obj (.text:set_instruction)
                  0000cb92    0000001c     buttons.obj (.text:Port_2)
                  0000cbae    0000001c     rts430_eabi.lib : boot.c.obj (.text:_c_int00_noargs)
                  0000cbca    0000001c     main.obj (.text:check_game_over)
                  0000cbe6    0000001a     pong.obj (.text:check_horizontal_collisions)
                  0000cc00    00000018     pots.obj (.text:get_pots)
                  0000cc18    00000018     lib_lcd.obj (.text:send_data_array)
                  0000cc30    00000016     pong.obj (.text:draw_ball)
                  0000cc46    00000016     rts430_eabi.lib : div16u.asm.obj (.text)
                  0000cc5c    00000016     delay.obj (.text:wait_ms)
                  0000cc72    00000014     pong.obj (.text:check_vertical_collisions)
                  0000cc86    00000014     rts430_eabi.lib : copy_zero_init.c.obj (.text:decompress:ZI:__TI_zero_init_nomemset:__TI_zero_init_nomemset)
                  0000cc9a    00000014                     : mult16.asm.obj (.text)
                  0000ccae    00000014     main.obj (.text:update_score)
                  0000ccc2    00000012     rts430_eabi.lib : copy_decompress_none.c.obj (.text:decompress:none:__TI_decompress_none)
                  0000ccd4    00000012                     : memcpy.c.obj (.text:memcpy)
                  0000cce6    00000010     init_SSD1306.obj (.text:init_ports)
                  0000ccf6    00000010     rts430_eabi.lib : epilog.asm.obj (.text)
                  0000cd06    0000000e     pong.obj (.text:clear_display)
                  0000cd14    0000000c     main.obj (.text:init_display)
                  0000cd20    0000000a     lib_lcd.obj (.text:USCI)
                  0000cd2a    0000000a     lib_math.obj (.text:get_abs)
                  0000cd34    0000000a     main.obj (.text:init_game)
                  0000cd3e    0000000a     buttons.obj (.text:wait_for_button_press)
                  0000cd48    00000008     rts430_eabi.lib : isr_trap.asm.obj (.text:_isr:__TI_ISR_TRAP)
                  0000cd50    00000006                     : exit.c.obj (.text:abort)
                  0000cd56    00000004                     : pre_init.c.obj (.text:_system_pre_init)
                  0000cd5a    00000002                     : startup.c.obj (.text:_system_post_cinit)

.const     0    0000cd5c    00000331     
                  0000cd5c    00000280     lib_lcd.obj (.const:ascii_table)
                  0000cfdc    0000004e     lib_math.obj (.const:.string:sine_array)
                  0000d02a    00000019     init_SSD1306.obj (.const:.string:init_cmd_array)
                  0000d043    00000001     --HOLE-- [fill = 0]
                  0000d044    00000014     main.obj (.const:.string:str_subtitle)
                  0000d058    0000000c     main.obj (.const:.string:str_right_winner)
                  0000d064    0000000c     main.obj (.const:.string:str_title)
                  0000d070    0000000b     main.obj (.const:.string:str_left_winner)
                  0000d07b    00000001     --HOLE-- [fill = 0]
                  0000d07c    0000000a     main.obj (.const:.string:str_continue)
                  0000d086    00000007     main.obj (.const:.string:str_subtitle2)

.cinit     0    0000d08e    00000024     
                  0000d08e    00000011     (.cinit..data.load) [load image, compression = lzss]
                  0000d09f    00000001     --HOLE-- [fill = 0]
                  0000d0a0    00000006     (__TI_handler_table)
                  0000d0a6    00000004     (.cinit..bss.load) [load image, compression = zero_init]
                  0000d0aa    00000008     (__TI_cinit_table)

.binit     0    0000c000    00000000     

.init_array 
*          0    0000c000    00000000     UNINITIALIZED

TRAPINT    0    0000ffe0    00000002     
                  0000ffe0    00000002     rts430_eabi.lib : int00.asm.obj (.int00)

PORT1      0    0000ffe4    00000002     
                  0000ffe4    00000002     rts430_eabi.lib : int02.asm.obj (.int02)

PORT2      0    0000ffe6    00000002     
                  0000ffe6    00000002     buttons.obj (.int03)

ADC10      0    0000ffea    00000002     
                  0000ffea    00000002     rts430_eabi.lib : int05.asm.obj (.int05)

USCIAB0TX 
*          0    0000ffec    00000002     
                  0000ffec    00000002     lib_lcd.obj (.int06)

USCIAB0RX 
*          0    0000ffee    00000002     
                  0000ffee    00000002     rts430_eabi.lib : int07.asm.obj (.int07)

TIMER0_A1 
*          0    0000fff0    00000002     
                  0000fff0    00000002     rts430_eabi.lib : int08.asm.obj (.int08)

TIMER0_A0 
*          0    0000fff2    00000002     
                  0000fff2    00000002     rts430_eabi.lib : int09.asm.obj (.int09)

WDT        0    0000fff4    00000002     
                  0000fff4    00000002     rts430_eabi.lib : int10.asm.obj (.int10)

COMPARATORA 
*          0    0000fff6    00000002     
                  0000fff6    00000002     rts430_eabi.lib : int11.asm.obj (.int11)

TIMER1_A1 
*          0    0000fff8    00000002     
                  0000fff8    00000002     rts430_eabi.lib : int12.asm.obj (.int12)

TIMER1_A0 
*          0    0000fffa    00000002     
                  0000fffa    00000002     rts430_eabi.lib : int13.asm.obj (.int13)

NMI        0    0000fffc    00000002     
                  0000fffc    00000002     rts430_eabi.lib : int14.asm.obj (.int14)

.reset     0    0000fffe    00000002     
                  0000fffe    00000002     rts430_eabi.lib : boot.c.obj (.reset)

$fill000   0    0000ffde    00000002     
                  0000ffde    00000002     --HOLE-- [fill = ffff]

MODULE SUMMARY

       Module                       code   ro data   rw data
       ------                       ----   -------   -------
    ./
       lib_lcd.obj                  1662   642       6      
       pong.obj                     542    0         12     
       main.obj                     382    72        15     
       lib_math.obj                 56     78        0      
       init_SSD1306.obj             72     25        0      
       buttons.obj                  70     2         2      
       pots.obj                     54     0         4      
       delay.obj                    22     0         0      
    +--+----------------------------+------+---------+---------+
       Total:                       2860   819       39     
                                                            
    /home/ben/ti/ccsv8/tools/compiler/ti-cgt-msp430_18.1.5.LTS/lib/rts430_eabi.lib
       copy_decompress_lzss.c.obj   124    0         0      
       lsr16.asm.obj                76     0         0      
       autoinit.c.obj               66     0         0      
       asr16.asm.obj                44     0         0      
       div16s.asm.obj               44     0         0      
       lsl16.asm.obj                44     0         0      
       boot.c.obj                   28     2         0      
       div16u.asm.obj               22     0         0      
       copy_zero_init.c.obj         20     0         0      
       mult16.asm.obj               20     0         0      
       copy_decompress_none.c.obj   18     0         0      
       memcpy.c.obj                 18     0         0      
       epilog.asm.obj               16     0         0      
       isr_trap.asm.obj             8      0         0      
       exit.c.obj                   6      0         0      
       pre_init.c.obj               4      0         0      
       int00.asm.obj                0      2         0      
       int02.asm.obj                0      2         0      
       int05.asm.obj                0      2         0      
       int07.asm.obj                0      2         0      
       int08.asm.obj                0      2         0      
       int09.asm.obj                0      2         0      
       int10.asm.obj                0      2         0      
       int11.asm.obj                0      2         0      
       int12.asm.obj                0      2         0      
       int13.asm.obj                0      2         0      
       int14.asm.obj                0      2         0      
       startup.c.obj                2      0         0      
    +--+----------------------------+------+---------+---------+
       Total:                       560    24        0      
                                                            
       Stack:                       0      0         80     
       Linker Generated:            0      35        0      
    +--+----------------------------+------+---------+---------+
       Grand Total:                 3420   878       119    


LINKER GENERATED COPY TABLES

__TI_cinit_table @ 0000d0aa records: 2, size/record: 4, table size: 8
	.data: load addr=0000d08e, load size=00000011 bytes, run addr=00000216, run size=00000012 bytes, compression=lzss
	.bss: load addr=0000d0a6, load size=00000004 bytes, run addr=00000200, run size=00000016 bytes, compression=zero_init


LINKER GENERATED HANDLER TABLE

__TI_handler_table @ 0000d0a0 records: 3, size/record: 2, table size: 6
	index: 0, handler: __TI_zero_init
	index: 1, handler: __TI_decompress_lzss
	index: 2, handler: __TI_decompress_none


GLOBAL SYMBOLS: SORTED ALPHABETICALLY BY Name 

address   name                          
-------   ----                          
0000004a  ADC10AE0                      
000001b0  ADC10CTL0                     
000001b2  ADC10CTL1                     
00000048  ADC10DTC0                     
00000049  ADC10DTC1                     
000001b4  ADC10MEM                      
000001bc  ADC10SA                       
00000057  BCSCTL1                       
00000058  BCSCTL2                       
00000053  BCSCTL3                       
0000cd50  C$$EXIT                       
00000059  CACTL1                        
0000005a  CACTL2                        
000010fb  CALBC1_12MHZ                  
000010f9  CALBC1_16MHZ                  
000010ff  CALBC1_1MHZ                   
000010fd  CALBC1_8MHZ                   
000010fa  CALDCO_12MHZ                  
000010f8  CALDCO_16MHZ                  
000010fe  CALDCO_1MHZ                   
000010fc  CALDCO_8MHZ                   
0000005b  CAPD                          
00000056  DCOCTL                        
00000128  FCTL1                         
0000012a  FCTL2                         
0000012c  FCTL3                         
00000000  IE1                           
00000001  IE2                           
00000002  IFG1                          
00000003  IFG2                          
00000022  P1DIR                         
00000025  P1IE                          
00000024  P1IES                         
00000023  P1IFG                         
00000020  P1IN                          
00000021  P1OUT                         
00000027  P1REN                         
00000026  P1SEL                         
00000041  P1SEL2                        
0000002a  P2DIR                         
0000002d  P2IE                          
0000002c  P2IES                         
0000002b  P2IFG                         
00000028  P2IN                          
00000029  P2OUT                         
0000002f  P2REN                         
0000002e  P2SEL                         
00000042  P2SEL2                        
0000001a  P3DIR                         
00000018  P3IN                          
00000019  P3OUT                         
00000010  P3REN                         
0000001b  P3SEL                         
00000043  P3SEL2                        
0000cb92  Port_2                        
00000172  TA0CCR0                       
00000174  TA0CCR1                       
00000176  TA0CCR2                       
00000162  TA0CCTL0                      
00000164  TA0CCTL1                      
00000166  TA0CCTL2                      
00000160  TA0CTL                        
0000012e  TA0IV                         
00000170  TA0R                          
00000192  TA1CCR0                       
00000194  TA1CCR1                       
00000196  TA1CCR2                       
00000182  TA1CCTL0                      
00000184  TA1CCTL1                      
00000186  TA1CCTL2                      
00000180  TA1CTL                        
0000011e  TA1IV                         
00000190  TA1R                          
000010db  TLV_ADC10_1_LEN               
000010da  TLV_ADC10_1_TAG               
000010c0  TLV_CHECKSUM                  
000010f7  TLV_DCO_30_LEN                
000010f6  TLV_DCO_30_TAG                
0000005d  UCA0ABCTL                     
00000062  UCA0BR0                       
00000063  UCA0BR1                       
00000060  UCA0CTL0                      
00000061  UCA0CTL1                      
0000005f  UCA0IRRCTL                    
0000005e  UCA0IRTCTL                    
00000064  UCA0MCTL                      
00000066  UCA0RXBUF                     
00000065  UCA0STAT                      
00000067  UCA0TXBUF                     
0000006a  UCB0BR0                       
0000006b  UCB0BR1                       
00000068  UCB0CTL0                      
00000069  UCB0CTL1                      
0000006c  UCB0I2CIE                     
00000118  UCB0I2COA                     
0000011a  UCB0I2CSA                     
0000006e  UCB0RXBUF                     
0000006d  UCB0STAT                      
0000006f  UCB0TXBUF                     
0000cd20  USCI                          
00000120  WDTCTL                        
00000400  __STACK_END                   
00000050  __STACK_SIZE                  
0000d0aa  __TI_CINIT_Base               
0000d0b2  __TI_CINIT_Limit              
0000d0a0  __TI_Handler_Table_Base       
0000d0a6  __TI_Handler_Table_Limit      
0000cd48  __TI_ISR_TRAP                 
0000c7a4  __TI_auto_init_nobinit_nopinit
0000c4b2  __TI_decompress_lzss          
0000ccc2  __TI_decompress_none          
0000ffe0  __TI_int00                    
0000ffe4  __TI_int02                    
0000ffe6  __TI_int03                    
0000ffea  __TI_int05                    
0000ffec  __TI_int06                    
0000ffee  __TI_int07                    
0000fff0  __TI_int08                    
0000fff2  __TI_int09                    
0000fff4  __TI_int10                    
0000fff6  __TI_int11                    
0000fff8  __TI_int12                    
0000fffa  __TI_int13                    
0000fffc  __TI_int14                    
ffffffff  __TI_pprof_out_hndl           
ffffffff  __TI_prof_data_size           
ffffffff  __TI_prof_data_start          
0000cc86  __TI_zero_init_nomemset       
ffffffff  __c_args__                    
0000ca6e  __mspabi_divi                 
0000cc46  __mspabi_divu                 
0000cd02  __mspabi_func_epilog_1        
0000cd00  __mspabi_func_epilog_2        
0000ccfe  __mspabi_func_epilog_3        
0000ccfc  __mspabi_func_epilog_4        
0000ccfa  __mspabi_func_epilog_5        
0000ccf8  __mspabi_func_epilog_6        
0000ccf6  __mspabi_func_epilog_7        
0000cc9a  __mspabi_mpyi                 
0000cc9a  __mspabi_mpyi_sw              
0000ca6e  __mspabi_remi                 
0000cc46  __mspabi_remu                 
0000ca9a  __mspabi_slli                 
0000cac2  __mspabi_slli_1               
0000cab0  __mspabi_slli_10              
0000caae  __mspabi_slli_11              
0000caac  __mspabi_slli_12              
0000caaa  __mspabi_slli_13              
0000caa8  __mspabi_slli_14              
0000caa6  __mspabi_slli_15              
0000cac0  __mspabi_slli_2               
0000cabe  __mspabi_slli_3               
0000cabc  __mspabi_slli_4               
0000caba  __mspabi_slli_5               
0000cab8  __mspabi_slli_6               
0000cab6  __mspabi_slli_7               
0000cab4  __mspabi_slli_8               
0000cab2  __mspabi_slli_9               
0000ca42  __mspabi_srai                 
0000ca6a  __mspabi_srai_1               
0000ca58  __mspabi_srai_10              
0000ca56  __mspabi_srai_11              
0000ca54  __mspabi_srai_12              
0000ca52  __mspabi_srai_13              
0000ca50  __mspabi_srai_14              
0000ca4e  __mspabi_srai_15              
0000ca68  __mspabi_srai_2               
0000ca66  __mspabi_srai_3               
0000ca64  __mspabi_srai_4               
0000ca62  __mspabi_srai_5               
0000ca60  __mspabi_srai_6               
0000ca5e  __mspabi_srai_7               
0000ca5c  __mspabi_srai_8               
0000ca5a  __mspabi_srai_9               
0000c758  __mspabi_srli                 
0000c79e  __mspabi_srli_1               
0000c77a  __mspabi_srli_10              
0000c776  __mspabi_srli_11              
0000c772  __mspabi_srli_12              
0000c76e  __mspabi_srli_13              
0000c76a  __mspabi_srli_14              
0000c766  __mspabi_srli_15              
0000c79a  __mspabi_srli_2               
0000c796  __mspabi_srli_3               
0000c792  __mspabi_srli_4               
0000c78e  __mspabi_srli_5               
0000c78a  __mspabi_srli_6               
0000c786  __mspabi_srli_7               
0000c782  __mspabi_srli_8               
0000c77e  __mspabi_srli_9               
0000cbae  _c_int00_noargs               
0000fffe  _reset_vector                 
000003b0  _stack                        
0000cd5a  _system_post_cinit            
0000cd56  _system_pre_init              
0000cd50  abort                         
0000cd5c  ascii_table                   
00000214  bit_num                       
00000215  byte                          
0000c1ca  convert_font_size             
0000c000  draw_bitmap                   
0000c342  draw_rect                     
0000c52e  draw_string_sin_fixed         
0000c828  fill_display                  
0000cd2a  get_abs                       
0000cc00  get_pots                      
0000c98e  get_sin                       
00000210  h_index                       
0000c956  init_LCD                      
0000ca16  init_USCI                     
0000cb36  init_buttons                  
0000d02a  init_cmd_array                
0000cce6  init_ports                    
0000cb56  init_pots                     
0000c59a  main                          
0000ccd4  memcpy                        
0000c9bc  play_pong_round               
0000020c  pot_vals                      
0000cc18  send_data_array               
0000cac6  set_cursor                    
0000cb74  set_instruction               
0000cfdc  sine_array                    
0000d07c  str_continue                  
0000d070  str_left_winner               
0000d058  str_right_winner              
0000d044  str_subtitle                  
0000d086  str_subtitle2                 
0000d064  str_title                     
00000212  w_index                       
0000cd3e  wait_for_button_press         
0000cc5c  wait_ms                       
0000c6ba  write_char                    
0000c91c  write_small_string            
0000c42e  write_string                  


GLOBAL SYMBOLS: SORTED BY Symbol Address 

address   name                          
-------   ----                          
00000000  IE1                           
00000001  IE2                           
00000002  IFG1                          
00000003  IFG2                          
00000010  P3REN                         
00000018  P3IN                          
00000019  P3OUT                         
0000001a  P3DIR                         
0000001b  P3SEL                         
00000020  P1IN                          
00000021  P1OUT                         
00000022  P1DIR                         
00000023  P1IFG                         
00000024  P1IES                         
00000025  P1IE                          
00000026  P1SEL                         
00000027  P1REN                         
00000028  P2IN                          
00000029  P2OUT                         
0000002a  P2DIR                         
0000002b  P2IFG                         
0000002c  P2IES                         
0000002d  P2IE                          
0000002e  P2SEL                         
0000002f  P2REN                         
00000041  P1SEL2                        
00000042  P2SEL2                        
00000043  P3SEL2                        
00000048  ADC10DTC0                     
00000049  ADC10DTC1                     
0000004a  ADC10AE0                      
00000050  __STACK_SIZE                  
00000053  BCSCTL3                       
00000056  DCOCTL                        
00000057  BCSCTL1                       
00000058  BCSCTL2                       
00000059  CACTL1                        
0000005a  CACTL2                        
0000005b  CAPD                          
0000005d  UCA0ABCTL                     
0000005e  UCA0IRTCTL                    
0000005f  UCA0IRRCTL                    
00000060  UCA0CTL0                      
00000061  UCA0CTL1                      
00000062  UCA0BR0                       
00000063  UCA0BR1                       
00000064  UCA0MCTL                      
00000065  UCA0STAT                      
00000066  UCA0RXBUF                     
00000067  UCA0TXBUF                     
00000068  UCB0CTL0                      
00000069  UCB0CTL1                      
0000006a  UCB0BR0                       
0000006b  UCB0BR1                       
0000006c  UCB0I2CIE                     
0000006d  UCB0STAT                      
0000006e  UCB0RXBUF                     
0000006f  UCB0TXBUF                     
00000118  UCB0I2COA                     
0000011a  UCB0I2CSA                     
0000011e  TA1IV                         
00000120  WDTCTL                        
00000128  FCTL1                         
0000012a  FCTL2                         
0000012c  FCTL3                         
0000012e  TA0IV                         
00000160  TA0CTL                        
00000162  TA0CCTL0                      
00000164  TA0CCTL1                      
00000166  TA0CCTL2                      
00000170  TA0R                          
00000172  TA0CCR0                       
00000174  TA0CCR1                       
00000176  TA0CCR2                       
00000180  TA1CTL                        
00000182  TA1CCTL0                      
00000184  TA1CCTL1                      
00000186  TA1CCTL2                      
00000190  TA1R                          
00000192  TA1CCR0                       
00000194  TA1CCR1                       
00000196  TA1CCR2                       
000001b0  ADC10CTL0                     
000001b2  ADC10CTL1                     
000001b4  ADC10MEM                      
000001bc  ADC10SA                       
0000020c  pot_vals                      
00000210  h_index                       
00000212  w_index                       
00000214  bit_num                       
00000215  byte                          
000003b0  _stack                        
00000400  __STACK_END                   
000010c0  TLV_CHECKSUM                  
000010da  TLV_ADC10_1_TAG               
000010db  TLV_ADC10_1_LEN               
000010f6  TLV_DCO_30_TAG                
000010f7  TLV_DCO_30_LEN                
000010f8  CALDCO_16MHZ                  
000010f9  CALBC1_16MHZ                  
000010fa  CALDCO_12MHZ                  
000010fb  CALBC1_12MHZ                  
000010fc  CALDCO_8MHZ                   
000010fd  CALBC1_8MHZ                   
000010fe  CALDCO_1MHZ                   
000010ff  CALBC1_1MHZ                   
0000c000  draw_bitmap                   
0000c1ca  convert_font_size             
0000c342  draw_rect                     
0000c42e  write_string                  
0000c4b2  __TI_decompress_lzss          
0000c52e  draw_string_sin_fixed         
0000c59a  main                          
0000c6ba  write_char                    
0000c758  __mspabi_srli                 
0000c766  __mspabi_srli_15              
0000c76a  __mspabi_srli_14              
0000c76e  __mspabi_srli_13              
0000c772  __mspabi_srli_12              
0000c776  __mspabi_srli_11              
0000c77a  __mspabi_srli_10              
0000c77e  __mspabi_srli_9               
0000c782  __mspabi_srli_8               
0000c786  __mspabi_srli_7               
0000c78a  __mspabi_srli_6               
0000c78e  __mspabi_srli_5               
0000c792  __mspabi_srli_4               
0000c796  __mspabi_srli_3               
0000c79a  __mspabi_srli_2               
0000c79e  __mspabi_srli_1               
0000c7a4  __TI_auto_init_nobinit_nopinit
0000c828  fill_display                  
0000c91c  write_small_string            
0000c956  init_LCD                      
0000c98e  get_sin                       
0000c9bc  play_pong_round               
0000ca16  init_USCI                     
0000ca42  __mspabi_srai                 
0000ca4e  __mspabi_srai_15              
0000ca50  __mspabi_srai_14              
0000ca52  __mspabi_srai_13              
0000ca54  __mspabi_srai_12              
0000ca56  __mspabi_srai_11              
0000ca58  __mspabi_srai_10              
0000ca5a  __mspabi_srai_9               
0000ca5c  __mspabi_srai_8               
0000ca5e  __mspabi_srai_7               
0000ca60  __mspabi_srai_6               
0000ca62  __mspabi_srai_5               
0000ca64  __mspabi_srai_4               
0000ca66  __mspabi_srai_3               
0000ca68  __mspabi_srai_2               
0000ca6a  __mspabi_srai_1               
0000ca6e  __mspabi_divi                 
0000ca6e  __mspabi_remi                 
0000ca9a  __mspabi_slli                 
0000caa6  __mspabi_slli_15              
0000caa8  __mspabi_slli_14              
0000caaa  __mspabi_slli_13              
0000caac  __mspabi_slli_12              
0000caae  __mspabi_slli_11              
0000cab0  __mspabi_slli_10              
0000cab2  __mspabi_slli_9               
0000cab4  __mspabi_slli_8               
0000cab6  __mspabi_slli_7               
0000cab8  __mspabi_slli_6               
0000caba  __mspabi_slli_5               
0000cabc  __mspabi_slli_4               
0000cabe  __mspabi_slli_3               
0000cac0  __mspabi_slli_2               
0000cac2  __mspabi_slli_1               
0000cac6  set_cursor                    
0000cb36  init_buttons                  
0000cb56  init_pots                     
0000cb74  set_instruction               
0000cb92  Port_2                        
0000cbae  _c_int00_noargs               
0000cc00  get_pots                      
0000cc18  send_data_array               
0000cc46  __mspabi_divu                 
0000cc46  __mspabi_remu                 
0000cc5c  wait_ms                       
0000cc86  __TI_zero_init_nomemset       
0000cc9a  __mspabi_mpyi                 
0000cc9a  __mspabi_mpyi_sw              
0000ccc2  __TI_decompress_none          
0000ccd4  memcpy                        
0000cce6  init_ports                    
0000ccf6  __mspabi_func_epilog_7        
0000ccf8  __mspabi_func_epilog_6        
0000ccfa  __mspabi_func_epilog_5        
0000ccfc  __mspabi_func_epilog_4        
0000ccfe  __mspabi_func_epilog_3        
0000cd00  __mspabi_func_epilog_2        
0000cd02  __mspabi_func_epilog_1        
0000cd20  USCI                          
0000cd2a  get_abs                       
0000cd3e  wait_for_button_press         
0000cd48  __TI_ISR_TRAP                 
0000cd50  C$$EXIT                       
0000cd50  abort                         
0000cd56  _system_pre_init              
0000cd5a  _system_post_cinit            
0000cd5c  ascii_table                   
0000cfdc  sine_array                    
0000d02a  init_cmd_array                
0000d044  str_subtitle                  
0000d058  str_right_winner              
0000d064  str_title                     
0000d070  str_left_winner               
0000d07c  str_continue                  
0000d086  str_subtitle2                 
0000d0a0  __TI_Handler_Table_Base       
0000d0a6  __TI_Handler_Table_Limit      
0000d0aa  __TI_CINIT_Base               
0000d0b2  __TI_CINIT_Limit              
0000ffe0  __TI_int00                    
0000ffe4  __TI_int02                    
0000ffe6  __TI_int03                    
0000ffea  __TI_int05                    
0000ffec  __TI_int06                    
0000ffee  __TI_int07                    
0000fff0  __TI_int08                    
0000fff2  __TI_int09                    
0000fff4  __TI_int10                    
0000fff6  __TI_int11                    
0000fff8  __TI_int12                    
0000fffa  __TI_int13                    
0000fffc  __TI_int14                    
0000fffe  _reset_vector                 
ffffffff  __TI_pprof_out_hndl           
ffffffff  __TI_prof_data_size           
ffffffff  __TI_prof_data_start          
ffffffff  __c_args__                    

[234 symbols]
