******************************************************************************
                  MSP430 Linker Unix v18.1.5                   
******************************************************************************
>> Linked Sat Apr 27 20:32:04 2019

OUTPUT FILE NAME:   <software.out>
ENTRY POINT SYMBOL: "_c_int00_noargs"  address: 0000d122


MEMORY CONFIGURATION

         name            origin    length      used     unused   attr    fill
----------------------  --------  ---------  --------  --------  ----  --------
  SFR                   00000000   00000010  00000000  00000010  RWIX
  PERIPHERALS_8BIT      00000010   000000f0  00000000  000000f0  RWIX
  PERIPHERALS_16BIT     00000100   00000100  00000000  00000100  RWIX
  RAM                   00000200   00000200  00000075  0000018b  RWIX
  INFOD                 00001000   00000040  00000000  00000040  RWIX
  INFOC                 00001040   00000040  00000000  00000040  RWIX
  INFOB                 00001080   00000040  00000000  00000040  RWIX
  INFOA                 000010c0   00000040  00000000  00000040  RWIX
  FLASH                 0000c000   00003fde  00001cb7  00002327  RWIX
  BSLSIGNATURE          0000ffde   00000002  00000002  00000000  RWIX  ffff 
  INT00                 0000ffe0   00000002  00000002  00000000  RWIX
  INT01                 0000ffe2   00000002  00000000  00000002  RWIX
  INT02                 0000ffe4   00000002  00000002  00000000  RWIX
  INT03                 0000ffe6   00000002  00000002  00000000  RWIX
  INT04                 0000ffe8   00000002  00000000  00000002  RWIX
  INT05                 0000ffea   00000002  00000002  00000000  RWIX
  INT06                 0000ffec   00000002  00000002  00000000  RWIX
  INT07                 0000ffee   00000002  00000002  00000000  RWIX
  INT08                 0000fff0   00000002  00000002  00000000  RWIX
  INT09                 0000fff2   00000002  00000002  00000000  RWIX
  INT10                 0000fff4   00000002  00000002  00000000  RWIX
  INT11                 0000fff6   00000002  00000002  00000000  RWIX
  INT12                 0000fff8   00000002  00000002  00000000  RWIX
  INT13                 0000fffa   00000002  00000002  00000000  RWIX
  INT14                 0000fffc   00000002  00000002  00000000  RWIX
  RESET                 0000fffe   00000002  00000002  00000000  RWIX


SECTION ALLOCATION MAP

 output                                  attributes/
section   page    origin      length       input sections
--------  ----  ----------  ----------   ----------------
.bss       0    00000200    00000018     UNINITIALIZED
                  00000200    00000012     (.common:m_balls)
                  00000212    00000002     (.common:h_index)
                  00000214    00000002     (.common:w_index)
                  00000216    00000001     (.common:bit_num)
                  00000217    00000001     (.common:byte)

.data      0    00000218    0000000d     UNINITIALIZED
                  00000218    0000000d     main.obj (.data)

.stack     0    000003b0    00000050     UNINITIALIZED
                  000003b0    00000002     rts430_eabi.lib : boot.c.obj (.stack)
                  000003b2    0000004e     --HOLE--

.text      0    0000c000    00001216     
                  0000c000    0000053a     main.obj (.text:main)
                  0000c53a    000001ca     lib_lcd.obj (.text:draw_bitmap)
                  0000c704    00000178     lib_lcd.obj (.text:convert_font_size)
                  0000c87c    000000fc     lib_lcd.obj (.text:meta_ball_physics)
                  0000c978    000000d6     lib_lcd.obj (.text:draw_metaballs)
                  0000ca4e    0000009c     main.obj (.text:scene_05_scroller_help)
                  0000caea    00000092     lib_lcd.obj (.text:bouncy_bmp)
                  0000cb7c    00000084     lib_lcd.obj (.text:write_string)
                  0000cc00    0000007c     rts430_eabi.lib : copy_decompress_lzss.c.obj (.text:decompress:lzss:__TI_decompress_lzss)
                  0000cc7c    0000006c     lib_lcd.obj (.text:draw_string_sin_fixed)
                  0000cce8    00000062     lib_lcd.obj (.text:draw_string_sin)
                  0000cd4a    0000005c     lib_lcd.obj (.text:draw_string)
                  0000cda6    00000050     lib_lcd.obj (.text:write_char)
                  0000cdf6    0000004c     rts430_eabi.lib : lsr16.asm.obj (.text)
                  0000ce42    0000004a     lib_lcd.obj (.text:clean_area)
                  0000ce8c    00000042     rts430_eabi.lib : autoinit.c.obj (.text:__TI_auto_init_nobinit_nopinit:__TI_auto_init_nobinit_nopinit)
                  0000cece    0000003e     lib_lcd.obj (.text:fill_display)
                  0000cf0c    0000003e     main.obj (.text:scene_00_typer_help)
                  0000cf4a    0000003e     lib_lcd.obj (.text:string_typer)
                  0000cf88    0000003a     lib_lcd.obj (.text:write_h_string)
                  0000cfc2    00000038     init_SSD1306.obj (.text:init_LCD)
                  0000cffa    0000002e     lib_math.obj (.text:get_sin)
                  0000d028    0000002c     lib_lcd.obj (.text:get_meta_pot)
                  0000d054    0000002c     lib_lcd.obj (.text:init_USCI)
                  0000d080    0000002c     rts430_eabi.lib : div16s.asm.obj (.text)
                  0000d0ac    0000002c                     : lsl16.asm.obj (.text)
                  0000d0d8    0000002c     lib_lcd.obj (.text:set_cursor)
                  0000d104    0000001e     lib_lcd.obj (.text:set_instruction)
                  0000d122    0000001c     rts430_eabi.lib : boot.c.obj (.text:_c_int00_noargs)
                  0000d13e    00000018     lib_lcd.obj (.text:send_data_array)
                  0000d156    00000016     rts430_eabi.lib : div16u.asm.obj (.text)
                  0000d16c    00000016     delay.obj (.text:wait_ms)
                  0000d182    00000014     rts430_eabi.lib : copy_zero_init.c.obj (.text:decompress:ZI:__TI_zero_init_nomemset:__TI_zero_init_nomemset)
                  0000d196    00000014                     : mult16.asm.obj (.text)
                  0000d1aa    00000012                     : copy_decompress_none.c.obj (.text:decompress:none:__TI_decompress_none)
                  0000d1bc    00000012                     : memcpy.c.obj (.text:memcpy)
                  0000d1ce    00000010     init_SSD1306.obj (.text:init_ports)
                  0000d1de    00000010     rts430_eabi.lib : epilog.asm.obj (.text)
                  0000d1ee    0000000a     lib_lcd.obj (.text:USCI)
                  0000d1f8    0000000a     lib_math.obj (.text:get_abs)
                  0000d202    00000008     rts430_eabi.lib : isr_trap.asm.obj (.text:_isr:__TI_ISR_TRAP)
                  0000d20a    00000006                     : exit.c.obj (.text:abort)
                  0000d210    00000004                     : pre_init.c.obj (.text:_system_pre_init)
                  0000d214    00000002                     : startup.c.obj (.text:_system_post_cinit)

.const     0    0000d216    00000a81     
                  0000d216    00000492     main.obj (.const:.string:cityb)
                  0000d6a8    00000280     lib_lcd.obj (.const:ascii_table)
                  0000d928    00000148     main.obj (.const:.string:baabis)
                  0000da70    000000a0     main.obj (.const:.string:smiley1b)
                  0000db10    0000004e     lib_math.obj (.const:.string:sine_array)
                  0000db5e    0000004e     main.obj (.const:.string:str_scene01_2)
                  0000dbac    00000039     main.obj (.const:.string:str_scene06_7)
                  0000dbe5    00000001     --HOLE-- [fill = 0]
                  0000dbe6    0000001a     main.obj (.const:.string:str_scene05_5)
                  0000dc00    00000019     init_SSD1306.obj (.const:.string:init_cmd_array)
                  0000dc19    00000001     --HOLE-- [fill = 0]
                  0000dc1a    00000012     main.obj (.const:.string:str_scene05_4)
                  0000dc2c    00000010     main.obj (.const:.string:str_scene05_6)
                  0000dc3c    0000000f     main.obj (.const:.string:str_scene06_11)
                  0000dc4b    00000001     --HOLE-- [fill = 0]
                  0000dc4c    0000000c     main.obj (.const:.string:str_scene06_10)
                  0000dc58    0000000c     main.obj (.const:.string:str_scene06_8)
                  0000dc64    0000000c     main.obj (.const:.string:str_scene06_9)
                  0000dc70    0000000a     main.obj (.const:.string:str_scene00_1)
                  0000dc7a    00000009     main.obj (.const:.string:str_scene02_hoo)
                  0000dc83    00000001     --HOLE-- [fill = 0]
                  0000dc84    00000008     main.obj (.const:.string:str_scene06_12)
                  0000dc8c    00000006     main.obj (.const:.string:str_scene00_3)
                  0000dc92    00000005     main.obj (.const:.string:str_scene00_0)

.cinit     0    0000dc98    00000020     
                  0000dc98    0000000e     (.cinit..data.load) [load image, compression = lzss]
                  0000dca6    00000006     (__TI_handler_table)
                  0000dcac    00000004     (.cinit..bss.load) [load image, compression = zero_init]
                  0000dcb0    00000008     (__TI_cinit_table)

.binit     0    0000c000    00000000     

.init_array 
*          0    0000c000    00000000     UNINITIALIZED

TRAPINT    0    0000ffe0    00000002     
                  0000ffe0    00000002     rts430_eabi.lib : int00.asm.obj (.int00)

PORT1      0    0000ffe4    00000002     
                  0000ffe4    00000002     rts430_eabi.lib : int02.asm.obj (.int02)

PORT2      0    0000ffe6    00000002     
                  0000ffe6    00000002     rts430_eabi.lib : int03.asm.obj (.int03)

ADC10      0    0000ffea    00000002     
                  0000ffea    00000002     rts430_eabi.lib : int05.asm.obj (.int05)

USCIAB0TX 
*          0    0000ffec    00000002     
                  0000ffec    00000002     lib_lcd.obj (.int06)

USCIAB0RX 
*          0    0000ffee    00000002     
                  0000ffee    00000002     rts430_eabi.lib : int07.asm.obj (.int07)

TIMER0_A1 
*          0    0000fff0    00000002     
                  0000fff0    00000002     rts430_eabi.lib : int08.asm.obj (.int08)

TIMER0_A0 
*          0    0000fff2    00000002     
                  0000fff2    00000002     rts430_eabi.lib : int09.asm.obj (.int09)

WDT        0    0000fff4    00000002     
                  0000fff4    00000002     rts430_eabi.lib : int10.asm.obj (.int10)

COMPARATORA 
*          0    0000fff6    00000002     
                  0000fff6    00000002     rts430_eabi.lib : int11.asm.obj (.int11)

TIMER1_A1 
*          0    0000fff8    00000002     
                  0000fff8    00000002     rts430_eabi.lib : int12.asm.obj (.int12)

TIMER1_A0 
*          0    0000fffa    00000002     
                  0000fffa    00000002     rts430_eabi.lib : int13.asm.obj (.int13)

NMI        0    0000fffc    00000002     
                  0000fffc    00000002     rts430_eabi.lib : int14.asm.obj (.int14)

.reset     0    0000fffe    00000002     
                  0000fffe    00000002     rts430_eabi.lib : boot.c.obj (.reset)

$fill000   0    0000ffde    00000002     
                  0000ffde    00000002     --HOLE-- [fill = ffff]

MODULE SUMMARY

       Module                       code   ro data   rw data
       ------                       ----   -------   -------
    ./
       main.obj                     1556   1942      31     
       lib_lcd.obj                  2408   642       6      
       lib_math.obj                 56     78        0      
       init_SSD1306.obj             72     25        0      
       delay.obj                    22     0         0      
    +--+----------------------------+------+---------+---------+
       Total:                       4114   2687      37     
                                                            
    /home/ben/ti/ccsv8/tools/compiler/ti-cgt-msp430_18.1.5.LTS/lib/rts430_eabi.lib
       copy_decompress_lzss.c.obj   124    0         0      
       lsr16.asm.obj                76     0         0      
       autoinit.c.obj               66     0         0      
       div16s.asm.obj               44     0         0      
       lsl16.asm.obj                44     0         0      
       boot.c.obj                   28     2         0      
       div16u.asm.obj               22     0         0      
       copy_zero_init.c.obj         20     0         0      
       mult16.asm.obj               20     0         0      
       copy_decompress_none.c.obj   18     0         0      
       memcpy.c.obj                 18     0         0      
       epilog.asm.obj               16     0         0      
       isr_trap.asm.obj             8      0         0      
       exit.c.obj                   6      0         0      
       pre_init.c.obj               4      0         0      
       int00.asm.obj                0      2         0      
       int02.asm.obj                0      2         0      
       int03.asm.obj                0      2         0      
       int05.asm.obj                0      2         0      
       int07.asm.obj                0      2         0      
       int08.asm.obj                0      2         0      
       int09.asm.obj                0      2         0      
       int10.asm.obj                0      2         0      
       int11.asm.obj                0      2         0      
       int12.asm.obj                0      2         0      
       int13.asm.obj                0      2         0      
       int14.asm.obj                0      2         0      
       startup.c.obj                2      0         0      
    +--+----------------------------+------+---------+---------+
       Total:                       516    26        0      
                                                            
       Stack:                       0      0         80     
       Linker Generated:            0      32        0      
    +--+----------------------------+------+---------+---------+
       Grand Total:                 4630   2745      117    


LINKER GENERATED COPY TABLES

__TI_cinit_table @ 0000dcb0 records: 2, size/record: 4, table size: 8
	.data: load addr=0000dc98, load size=0000000e bytes, run addr=00000218, run size=0000000d bytes, compression=lzss
	.bss: load addr=0000dcac, load size=00000004 bytes, run addr=00000200, run size=00000018 bytes, compression=zero_init


LINKER GENERATED HANDLER TABLE

__TI_handler_table @ 0000dca6 records: 3, size/record: 2, table size: 6
	index: 0, handler: __TI_zero_init
	index: 1, handler: __TI_decompress_lzss
	index: 2, handler: __TI_decompress_none


GLOBAL SYMBOLS: SORTED ALPHABETICALLY BY Name 

address   name                          
-------   ----                          
0000004a  ADC10AE0                      
000001b0  ADC10CTL0                     
000001b2  ADC10CTL1                     
00000048  ADC10DTC0                     
00000049  ADC10DTC1                     
000001b4  ADC10MEM                      
000001bc  ADC10SA                       
00000057  BCSCTL1                       
00000058  BCSCTL2                       
00000053  BCSCTL3                       
0000d20a  C$$EXIT                       
00000059  CACTL1                        
0000005a  CACTL2                        
000010fb  CALBC1_12MHZ                  
000010f9  CALBC1_16MHZ                  
000010ff  CALBC1_1MHZ                   
000010fd  CALBC1_8MHZ                   
000010fa  CALDCO_12MHZ                  
000010f8  CALDCO_16MHZ                  
000010fe  CALDCO_1MHZ                   
000010fc  CALDCO_8MHZ                   
0000005b  CAPD                          
00000056  DCOCTL                        
00000128  FCTL1                         
0000012a  FCTL2                         
0000012c  FCTL3                         
00000000  IE1                           
00000001  IE2                           
00000002  IFG1                          
00000003  IFG2                          
00000022  P1DIR                         
00000025  P1IE                          
00000024  P1IES                         
00000023  P1IFG                         
00000020  P1IN                          
00000021  P1OUT                         
00000027  P1REN                         
00000026  P1SEL                         
00000041  P1SEL2                        
0000002a  P2DIR                         
0000002d  P2IE                          
0000002c  P2IES                         
0000002b  P2IFG                         
00000028  P2IN                          
00000029  P2OUT                         
0000002f  P2REN                         
0000002e  P2SEL                         
00000042  P2SEL2                        
0000001a  P3DIR                         
00000018  P3IN                          
00000019  P3OUT                         
00000010  P3REN                         
0000001b  P3SEL                         
00000043  P3SEL2                        
00000172  TA0CCR0                       
00000174  TA0CCR1                       
00000176  TA0CCR2                       
00000162  TA0CCTL0                      
00000164  TA0CCTL1                      
00000166  TA0CCTL2                      
00000160  TA0CTL                        
0000012e  TA0IV                         
00000170  TA0R                          
00000192  TA1CCR0                       
00000194  TA1CCR1                       
00000196  TA1CCR2                       
00000182  TA1CCTL0                      
00000184  TA1CCTL1                      
00000186  TA1CCTL2                      
00000180  TA1CTL                        
0000011e  TA1IV                         
00000190  TA1R                          
000010db  TLV_ADC10_1_LEN               
000010da  TLV_ADC10_1_TAG               
000010c0  TLV_CHECKSUM                  
000010f7  TLV_DCO_30_LEN                
000010f6  TLV_DCO_30_TAG                
0000005d  UCA0ABCTL                     
00000062  UCA0BR0                       
00000063  UCA0BR1                       
00000060  UCA0CTL0                      
00000061  UCA0CTL1                      
0000005f  UCA0IRRCTL                    
0000005e  UCA0IRTCTL                    
00000064  UCA0MCTL                      
00000066  UCA0RXBUF                     
00000065  UCA0STAT                      
00000067  UCA0TXBUF                     
0000006a  UCB0BR0                       
0000006b  UCB0BR1                       
00000068  UCB0CTL0                      
00000069  UCB0CTL1                      
0000006c  UCB0I2CIE                     
00000118  UCB0I2COA                     
0000011a  UCB0I2CSA                     
0000006e  UCB0RXBUF                     
0000006d  UCB0STAT                      
0000006f  UCB0TXBUF                     
0000d1ee  USCI                          
00000120  WDTCTL                        
00000400  __STACK_END                   
00000050  __STACK_SIZE                  
0000dcb0  __TI_CINIT_Base               
0000dcb8  __TI_CINIT_Limit              
0000dca6  __TI_Handler_Table_Base       
0000dcac  __TI_Handler_Table_Limit      
0000d202  __TI_ISR_TRAP                 
0000ce8c  __TI_auto_init_nobinit_nopinit
0000cc00  __TI_decompress_lzss          
0000d1aa  __TI_decompress_none          
0000ffe0  __TI_int00                    
0000ffe4  __TI_int02                    
0000ffe6  __TI_int03                    
0000ffea  __TI_int05                    
0000ffec  __TI_int06                    
0000ffee  __TI_int07                    
0000fff0  __TI_int08                    
0000fff2  __TI_int09                    
0000fff4  __TI_int10                    
0000fff6  __TI_int11                    
0000fff8  __TI_int12                    
0000fffa  __TI_int13                    
0000fffc  __TI_int14                    
ffffffff  __TI_pprof_out_hndl           
ffffffff  __TI_prof_data_size           
ffffffff  __TI_prof_data_start          
0000d182  __TI_zero_init_nomemset       
ffffffff  __c_args__                    
0000d080  __mspabi_divi                 
0000d156  __mspabi_divu                 
0000d1ea  __mspabi_func_epilog_1        
0000d1e8  __mspabi_func_epilog_2        
0000d1e6  __mspabi_func_epilog_3        
0000d1e4  __mspabi_func_epilog_4        
0000d1e2  __mspabi_func_epilog_5        
0000d1e0  __mspabi_func_epilog_6        
0000d1de  __mspabi_func_epilog_7        
0000d196  __mspabi_mpyi                 
0000d196  __mspabi_mpyi_sw              
0000d080  __mspabi_remi                 
0000d156  __mspabi_remu                 
0000d0ac  __mspabi_slli                 
0000d0d4  __mspabi_slli_1               
0000d0c2  __mspabi_slli_10              
0000d0c0  __mspabi_slli_11              
0000d0be  __mspabi_slli_12              
0000d0bc  __mspabi_slli_13              
0000d0ba  __mspabi_slli_14              
0000d0b8  __mspabi_slli_15              
0000d0d2  __mspabi_slli_2               
0000d0d0  __mspabi_slli_3               
0000d0ce  __mspabi_slli_4               
0000d0cc  __mspabi_slli_5               
0000d0ca  __mspabi_slli_6               
0000d0c8  __mspabi_slli_7               
0000d0c6  __mspabi_slli_8               
0000d0c4  __mspabi_slli_9               
0000cdf6  __mspabi_srli                 
0000ce3c  __mspabi_srli_1               
0000ce18  __mspabi_srli_10              
0000ce14  __mspabi_srli_11              
0000ce10  __mspabi_srli_12              
0000ce0c  __mspabi_srli_13              
0000ce08  __mspabi_srli_14              
0000ce04  __mspabi_srli_15              
0000ce38  __mspabi_srli_2               
0000ce34  __mspabi_srli_3               
0000ce30  __mspabi_srli_4               
0000ce2c  __mspabi_srli_5               
0000ce28  __mspabi_srli_6               
0000ce24  __mspabi_srli_7               
0000ce20  __mspabi_srli_8               
0000ce1c  __mspabi_srli_9               
0000d122  _c_int00_noargs               
0000fffe  _reset_vector                 
000003b0  _stack                        
0000d214  _system_post_cinit            
0000d210  _system_pre_init              
0000d20a  abort                         
0000d6a8  ascii_table                   
0000d928  baabis                        
00000216  bit_num                       
0000caea  bouncy_bmp                    
00000217  byte                          
0000d216  cityb                         
0000ce42  clean_area                    
0000c704  convert_font_size             
0000c53a  draw_bitmap                   
0000c978  draw_metaballs                
0000cd4a  draw_string                   
0000cce8  draw_string_sin               
0000cc7c  draw_string_sin_fixed         
0000cece  fill_display                  
0000d1f8  get_abs                       
0000d028  get_meta_pot                  
0000cffa  get_sin                       
00000212  h_index                       
0000cfc2  init_LCD                      
0000d054  init_USCI                     
0000dc00  init_cmd_array                
0000d1ce  init_ports                    
00000200  m_balls                       
0000c000  main                          
0000d1bc  memcpy                        
0000c87c  meta_ball_physics             
0000cf0c  scene_00_typer_help           
0000ca4e  scene_05_scroller_help        
0000d13e  send_data_array               
0000d0d8  set_cursor                    
0000d104  set_instruction               
0000db10  sine_array                    
0000da70  smiley1b                      
0000dc92  str_scene00_0                 
0000dc70  str_scene00_1                 
0000dc8c  str_scene00_3                 
0000db5e  str_scene01_2                 
0000dc7a  str_scene02_hoo               
0000dc1a  str_scene05_4                 
0000dbe6  str_scene05_5                 
0000dc2c  str_scene05_6                 
0000dc4c  str_scene06_10                
0000dc3c  str_scene06_11                
0000dc84  str_scene06_12                
0000dbac  str_scene06_7                 
0000dc58  str_scene06_8                 
0000dc64  str_scene06_9                 
0000cf4a  string_typer                  
00000224  time_ms                       
00000214  w_index                       
0000d16c  wait_ms                       
0000cda6  write_char                    
0000cf88  write_h_string                
0000cb7c  write_string                  
00000218  x                             
0000021c  x1                            
00000220  x2                            
0000021a  y                             
0000021e  y1                            
00000222  y2                            


GLOBAL SYMBOLS: SORTED BY Symbol Address 

address   name                          
-------   ----                          
00000000  IE1                           
00000001  IE2                           
00000002  IFG1                          
00000003  IFG2                          
00000010  P3REN                         
00000018  P3IN                          
00000019  P3OUT                         
0000001a  P3DIR                         
0000001b  P3SEL                         
00000020  P1IN                          
00000021  P1OUT                         
00000022  P1DIR                         
00000023  P1IFG                         
00000024  P1IES                         
00000025  P1IE                          
00000026  P1SEL                         
00000027  P1REN                         
00000028  P2IN                          
00000029  P2OUT                         
0000002a  P2DIR                         
0000002b  P2IFG                         
0000002c  P2IES                         
0000002d  P2IE                          
0000002e  P2SEL                         
0000002f  P2REN                         
00000041  P1SEL2                        
00000042  P2SEL2                        
00000043  P3SEL2                        
00000048  ADC10DTC0                     
00000049  ADC10DTC1                     
0000004a  ADC10AE0                      
00000050  __STACK_SIZE                  
00000053  BCSCTL3                       
00000056  DCOCTL                        
00000057  BCSCTL1                       
00000058  BCSCTL2                       
00000059  CACTL1                        
0000005a  CACTL2                        
0000005b  CAPD                          
0000005d  UCA0ABCTL                     
0000005e  UCA0IRTCTL                    
0000005f  UCA0IRRCTL                    
00000060  UCA0CTL0                      
00000061  UCA0CTL1                      
00000062  UCA0BR0                       
00000063  UCA0BR1                       
00000064  UCA0MCTL                      
00000065  UCA0STAT                      
00000066  UCA0RXBUF                     
00000067  UCA0TXBUF                     
00000068  UCB0CTL0                      
00000069  UCB0CTL1                      
0000006a  UCB0BR0                       
0000006b  UCB0BR1                       
0000006c  UCB0I2CIE                     
0000006d  UCB0STAT                      
0000006e  UCB0RXBUF                     
0000006f  UCB0TXBUF                     
00000118  UCB0I2COA                     
0000011a  UCB0I2CSA                     
0000011e  TA1IV                         
00000120  WDTCTL                        
00000128  FCTL1                         
0000012a  FCTL2                         
0000012c  FCTL3                         
0000012e  TA0IV                         
00000160  TA0CTL                        
00000162  TA0CCTL0                      
00000164  TA0CCTL1                      
00000166  TA0CCTL2                      
00000170  TA0R                          
00000172  TA0CCR0                       
00000174  TA0CCR1                       
00000176  TA0CCR2                       
00000180  TA1CTL                        
00000182  TA1CCTL0                      
00000184  TA1CCTL1                      
00000186  TA1CCTL2                      
00000190  TA1R                          
00000192  TA1CCR0                       
00000194  TA1CCR1                       
00000196  TA1CCR2                       
000001b0  ADC10CTL0                     
000001b2  ADC10CTL1                     
000001b4  ADC10MEM                      
000001bc  ADC10SA                       
00000200  m_balls                       
00000212  h_index                       
00000214  w_index                       
00000216  bit_num                       
00000217  byte                          
00000218  x                             
0000021a  y                             
0000021c  x1                            
0000021e  y1                            
00000220  x2                            
00000222  y2                            
00000224  time_ms                       
000003b0  _stack                        
00000400  __STACK_END                   
000010c0  TLV_CHECKSUM                  
000010da  TLV_ADC10_1_TAG               
000010db  TLV_ADC10_1_LEN               
000010f6  TLV_DCO_30_TAG                
000010f7  TLV_DCO_30_LEN                
000010f8  CALDCO_16MHZ                  
000010f9  CALBC1_16MHZ                  
000010fa  CALDCO_12MHZ                  
000010fb  CALBC1_12MHZ                  
000010fc  CALDCO_8MHZ                   
000010fd  CALBC1_8MHZ                   
000010fe  CALDCO_1MHZ                   
000010ff  CALBC1_1MHZ                   
0000c000  main                          
0000c53a  draw_bitmap                   
0000c704  convert_font_size             
0000c87c  meta_ball_physics             
0000c978  draw_metaballs                
0000ca4e  scene_05_scroller_help        
0000caea  bouncy_bmp                    
0000cb7c  write_string                  
0000cc00  __TI_decompress_lzss          
0000cc7c  draw_string_sin_fixed         
0000cce8  draw_string_sin               
0000cd4a  draw_string                   
0000cda6  write_char                    
0000cdf6  __mspabi_srli                 
0000ce04  __mspabi_srli_15              
0000ce08  __mspabi_srli_14              
0000ce0c  __mspabi_srli_13              
0000ce10  __mspabi_srli_12              
0000ce14  __mspabi_srli_11              
0000ce18  __mspabi_srli_10              
0000ce1c  __mspabi_srli_9               
0000ce20  __mspabi_srli_8               
0000ce24  __mspabi_srli_7               
0000ce28  __mspabi_srli_6               
0000ce2c  __mspabi_srli_5               
0000ce30  __mspabi_srli_4               
0000ce34  __mspabi_srli_3               
0000ce38  __mspabi_srli_2               
0000ce3c  __mspabi_srli_1               
0000ce42  clean_area                    
0000ce8c  __TI_auto_init_nobinit_nopinit
0000cece  fill_display                  
0000cf0c  scene_00_typer_help           
0000cf4a  string_typer                  
0000cf88  write_h_string                
0000cfc2  init_LCD                      
0000cffa  get_sin                       
0000d028  get_meta_pot                  
0000d054  init_USCI                     
0000d080  __mspabi_divi                 
0000d080  __mspabi_remi                 
0000d0ac  __mspabi_slli                 
0000d0b8  __mspabi_slli_15              
0000d0ba  __mspabi_slli_14              
0000d0bc  __mspabi_slli_13              
0000d0be  __mspabi_slli_12              
0000d0c0  __mspabi_slli_11              
0000d0c2  __mspabi_slli_10              
0000d0c4  __mspabi_slli_9               
0000d0c6  __mspabi_slli_8               
0000d0c8  __mspabi_slli_7               
0000d0ca  __mspabi_slli_6               
0000d0cc  __mspabi_slli_5               
0000d0ce  __mspabi_slli_4               
0000d0d0  __mspabi_slli_3               
0000d0d2  __mspabi_slli_2               
0000d0d4  __mspabi_slli_1               
0000d0d8  set_cursor                    
0000d104  set_instruction               
0000d122  _c_int00_noargs               
0000d13e  send_data_array               
0000d156  __mspabi_divu                 
0000d156  __mspabi_remu                 
0000d16c  wait_ms                       
0000d182  __TI_zero_init_nomemset       
0000d196  __mspabi_mpyi                 
0000d196  __mspabi_mpyi_sw              
0000d1aa  __TI_decompress_none          
0000d1bc  memcpy                        
0000d1ce  init_ports                    
0000d1de  __mspabi_func_epilog_7        
0000d1e0  __mspabi_func_epilog_6        
0000d1e2  __mspabi_func_epilog_5        
0000d1e4  __mspabi_func_epilog_4        
0000d1e6  __mspabi_func_epilog_3        
0000d1e8  __mspabi_func_epilog_2        
0000d1ea  __mspabi_func_epilog_1        
0000d1ee  USCI                          
0000d1f8  get_abs                       
0000d202  __TI_ISR_TRAP                 
0000d20a  C$$EXIT                       
0000d20a  abort                         
0000d210  _system_pre_init              
0000d214  _system_post_cinit            
0000d216  cityb                         
0000d6a8  ascii_table                   
0000d928  baabis                        
0000da70  smiley1b                      
0000db10  sine_array                    
0000db5e  str_scene01_2                 
0000dbac  str_scene06_7                 
0000dbe6  str_scene05_5                 
0000dc00  init_cmd_array                
0000dc1a  str_scene05_4                 
0000dc2c  str_scene05_6                 
0000dc3c  str_scene06_11                
0000dc4c  str_scene06_10                
0000dc58  str_scene06_8                 
0000dc64  str_scene06_9                 
0000dc70  str_scene00_1                 
0000dc7a  str_scene02_hoo               
0000dc84  str_scene06_12                
0000dc8c  str_scene00_3                 
0000dc92  str_scene00_0                 
0000dca6  __TI_Handler_Table_Base       
0000dcac  __TI_Handler_Table_Limit      
0000dcb0  __TI_CINIT_Base               
0000dcb8  __TI_CINIT_Limit              
0000ffe0  __TI_int00                    
0000ffe4  __TI_int02                    
0000ffe6  __TI_int03                    
0000ffea  __TI_int05                    
0000ffec  __TI_int06                    
0000ffee  __TI_int07                    
0000fff0  __TI_int08                    
0000fff2  __TI_int09                    
0000fff4  __TI_int10                    
0000fff6  __TI_int11                    
0000fff8  __TI_int12                    
0000fffa  __TI_int13                    
0000fffc  __TI_int14                    
0000fffe  _reset_vector                 
ffffffff  __TI_pprof_out_hndl           
ffffffff  __TI_prof_data_size           
ffffffff  __TI_prof_data_start          
ffffffff  __c_args__                    

[239 symbols]
