<?xml version="1.0" encoding="ISO-8859-1" ?>
<link_info>
   <banner>MSP430 Linker Unix v18.1.5.LTS</banner>
   <copyright>Copyright (c) 2003-2018 Texas Instruments Incorporated</copyright>
   <link_time>0x5cc8f6b9</link_time>
   <link_errors>0x0</link_errors>
   <output_file>software.out</output_file>
   <entry_point>
      <name>_c_int00_noargs</name>
      <address>0xca30</address>
   </entry_point>
   <input_file_list>
      <input_file id="fl-1">
         <path>./</path>
         <kind>object</kind>
         <file>buttons.obj</file>
         <name>buttons.obj</name>
      </input_file>
      <input_file id="fl-2">
         <path>./</path>
         <kind>object</kind>
         <file>delay.obj</file>
         <name>delay.obj</name>
      </input_file>
      <input_file id="fl-3">
         <path>./</path>
         <kind>object</kind>
         <file>erandom.obj</file>
         <name>erandom.obj</name>
      </input_file>
      <input_file id="fl-4">
         <path>./</path>
         <kind>object</kind>
         <file>init_SSD1306.obj</file>
         <name>init_SSD1306.obj</name>
      </input_file>
      <input_file id="fl-5">
         <path>./</path>
         <kind>object</kind>
         <file>lib_lcd.obj</file>
         <name>lib_lcd.obj</name>
      </input_file>
      <input_file id="fl-6">
         <path>./</path>
         <kind>object</kind>
         <file>lib_math.obj</file>
         <name>lib_math.obj</name>
      </input_file>
      <input_file id="fl-7">
         <path>./</path>
         <kind>object</kind>
         <file>main.obj</file>
         <name>main.obj</name>
      </input_file>
      <input_file id="fl-8">
         <path>./</path>
         <kind>object</kind>
         <file>pong.obj</file>
         <name>pong.obj</name>
      </input_file>
      <input_file id="fl-9">
         <path>./</path>
         <kind>object</kind>
         <file>pots.obj</file>
         <name>pots.obj</name>
      </input_file>
      <input_file id="fl-e">
         <kind>object</kind>
         <file>&lt;internal&gt;</file>
         <name>&lt;internal&gt;</name>
      </input_file>
      <input_file id="fl-24">
         <path>/home/ben/ti/ccsv8/tools/compiler/ti-cgt-msp430_18.1.5.LTS/lib/</path>
         <kind>archive</kind>
         <file>rts430_eabi.lib</file>
         <name>asr16.asm.obj</name>
      </input_file>
      <input_file id="fl-25">
         <path>/home/ben/ti/ccsv8/tools/compiler/ti-cgt-msp430_18.1.5.LTS/lib/</path>
         <kind>archive</kind>
         <file>rts430_eabi.lib</file>
         <name>div16u.asm.obj</name>
      </input_file>
      <input_file id="fl-26">
         <path>/home/ben/ti/ccsv8/tools/compiler/ti-cgt-msp430_18.1.5.LTS/lib/</path>
         <kind>archive</kind>
         <file>rts430_eabi.lib</file>
         <name>epilog.asm.obj</name>
      </input_file>
      <input_file id="fl-27">
         <path>/home/ben/ti/ccsv8/tools/compiler/ti-cgt-msp430_18.1.5.LTS/lib/</path>
         <kind>archive</kind>
         <file>rts430_eabi.lib</file>
         <name>int00.asm.obj</name>
      </input_file>
      <input_file id="fl-28">
         <path>/home/ben/ti/ccsv8/tools/compiler/ti-cgt-msp430_18.1.5.LTS/lib/</path>
         <kind>archive</kind>
         <file>rts430_eabi.lib</file>
         <name>int02.asm.obj</name>
      </input_file>
      <input_file id="fl-29">
         <path>/home/ben/ti/ccsv8/tools/compiler/ti-cgt-msp430_18.1.5.LTS/lib/</path>
         <kind>archive</kind>
         <file>rts430_eabi.lib</file>
         <name>int07.asm.obj</name>
      </input_file>
      <input_file id="fl-2a">
         <path>/home/ben/ti/ccsv8/tools/compiler/ti-cgt-msp430_18.1.5.LTS/lib/</path>
         <kind>archive</kind>
         <file>rts430_eabi.lib</file>
         <name>int08.asm.obj</name>
      </input_file>
      <input_file id="fl-2b">
         <path>/home/ben/ti/ccsv8/tools/compiler/ti-cgt-msp430_18.1.5.LTS/lib/</path>
         <kind>archive</kind>
         <file>rts430_eabi.lib</file>
         <name>int09.asm.obj</name>
      </input_file>
      <input_file id="fl-2c">
         <path>/home/ben/ti/ccsv8/tools/compiler/ti-cgt-msp430_18.1.5.LTS/lib/</path>
         <kind>archive</kind>
         <file>rts430_eabi.lib</file>
         <name>int11.asm.obj</name>
      </input_file>
      <input_file id="fl-2d">
         <path>/home/ben/ti/ccsv8/tools/compiler/ti-cgt-msp430_18.1.5.LTS/lib/</path>
         <kind>archive</kind>
         <file>rts430_eabi.lib</file>
         <name>int12.asm.obj</name>
      </input_file>
      <input_file id="fl-2e">
         <path>/home/ben/ti/ccsv8/tools/compiler/ti-cgt-msp430_18.1.5.LTS/lib/</path>
         <kind>archive</kind>
         <file>rts430_eabi.lib</file>
         <name>int13.asm.obj</name>
      </input_file>
      <input_file id="fl-2f">
         <path>/home/ben/ti/ccsv8/tools/compiler/ti-cgt-msp430_18.1.5.LTS/lib/</path>
         <kind>archive</kind>
         <file>rts430_eabi.lib</file>
         <name>int14.asm.obj</name>
      </input_file>
      <input_file id="fl-30">
         <path>/home/ben/ti/ccsv8/tools/compiler/ti-cgt-msp430_18.1.5.LTS/lib/</path>
         <kind>archive</kind>
         <file>rts430_eabi.lib</file>
         <name>isr_trap.asm.obj</name>
      </input_file>
      <input_file id="fl-31">
         <path>/home/ben/ti/ccsv8/tools/compiler/ti-cgt-msp430_18.1.5.LTS/lib/</path>
         <kind>archive</kind>
         <file>rts430_eabi.lib</file>
         <name>lsl16.asm.obj</name>
      </input_file>
      <input_file id="fl-32">
         <path>/home/ben/ti/ccsv8/tools/compiler/ti-cgt-msp430_18.1.5.LTS/lib/</path>
         <kind>archive</kind>
         <file>rts430_eabi.lib</file>
         <name>lsr16.asm.obj</name>
      </input_file>
      <input_file id="fl-33">
         <path>/home/ben/ti/ccsv8/tools/compiler/ti-cgt-msp430_18.1.5.LTS/lib/</path>
         <kind>archive</kind>
         <file>rts430_eabi.lib</file>
         <name>mult16.asm.obj</name>
      </input_file>
      <input_file id="fl-34">
         <path>/home/ben/ti/ccsv8/tools/compiler/ti-cgt-msp430_18.1.5.LTS/lib/</path>
         <kind>archive</kind>
         <file>rts430_eabi.lib</file>
         <name>boot.c.obj</name>
      </input_file>
      <input_file id="fl-35">
         <path>/home/ben/ti/ccsv8/tools/compiler/ti-cgt-msp430_18.1.5.LTS/lib/</path>
         <kind>archive</kind>
         <file>rts430_eabi.lib</file>
         <name>autoinit.c.obj</name>
      </input_file>
      <input_file id="fl-36">
         <path>/home/ben/ti/ccsv8/tools/compiler/ti-cgt-msp430_18.1.5.LTS/lib/</path>
         <kind>archive</kind>
         <file>rts430_eabi.lib</file>
         <name>copy_zero_init.c.obj</name>
      </input_file>
      <input_file id="fl-37">
         <path>/home/ben/ti/ccsv8/tools/compiler/ti-cgt-msp430_18.1.5.LTS/lib/</path>
         <kind>archive</kind>
         <file>rts430_eabi.lib</file>
         <name>cpy_tbl.c.obj</name>
      </input_file>
      <input_file id="fl-38">
         <path>/home/ben/ti/ccsv8/tools/compiler/ti-cgt-msp430_18.1.5.LTS/lib/</path>
         <kind>archive</kind>
         <file>rts430_eabi.lib</file>
         <name>mpu_init.c.obj</name>
      </input_file>
      <input_file id="fl-39">
         <path>/home/ben/ti/ccsv8/tools/compiler/ti-cgt-msp430_18.1.5.LTS/lib/</path>
         <kind>archive</kind>
         <file>rts430_eabi.lib</file>
         <name>pre_init.c.obj</name>
      </input_file>
      <input_file id="fl-3a">
         <path>/home/ben/ti/ccsv8/tools/compiler/ti-cgt-msp430_18.1.5.LTS/lib/</path>
         <kind>archive</kind>
         <file>rts430_eabi.lib</file>
         <name>startup.c.obj</name>
      </input_file>
      <input_file id="fl-3b">
         <path>/home/ben/ti/ccsv8/tools/compiler/ti-cgt-msp430_18.1.5.LTS/lib/</path>
         <kind>archive</kind>
         <file>rts430_eabi.lib</file>
         <name>copy_decompress_none.c.obj</name>
      </input_file>
      <input_file id="fl-3c">
         <path>/home/ben/ti/ccsv8/tools/compiler/ti-cgt-msp430_18.1.5.LTS/lib/</path>
         <kind>archive</kind>
         <file>rts430_eabi.lib</file>
         <name>copy_decompress_lzss.c.obj</name>
      </input_file>
      <input_file id="fl-3d">
         <path>/home/ben/ti/ccsv8/tools/compiler/ti-cgt-msp430_18.1.5.LTS/lib/</path>
         <kind>archive</kind>
         <file>rts430_eabi.lib</file>
         <name>exit.c.obj</name>
      </input_file>
      <input_file id="fl-3e">
         <path>/home/ben/ti/ccsv8/tools/compiler/ti-cgt-msp430_18.1.5.LTS/lib/</path>
         <kind>archive</kind>
         <file>rts430_eabi.lib</file>
         <name>_lock.c.obj</name>
      </input_file>
      <input_file id="fl-3f">
         <path>/home/ben/ti/ccsv8/tools/compiler/ti-cgt-msp430_18.1.5.LTS/lib/</path>
         <kind>archive</kind>
         <file>rts430_eabi.lib</file>
         <name>args_main.c.obj</name>
      </input_file>
      <input_file id="fl-40">
         <path>/home/ben/ti/ccsv8/tools/compiler/ti-cgt-msp430_18.1.5.LTS/lib/</path>
         <kind>archive</kind>
         <file>rts430_eabi.lib</file>
         <name>memcpy.c.obj</name>
      </input_file>
      <input_file id="fl-41">
         <path>/home/ben/ti/ccsv8/tools/compiler/ti-cgt-msp430_18.1.5.LTS/lib/</path>
         <kind>archive</kind>
         <file>rts430_eabi.lib</file>
         <name>exit_gvars.c.obj</name>
      </input_file>
   </input_file_list>
   <object_component_list>
      <object_component id="oc-276">
         <name>.bss</name>
         <uninitialized>true</uninitialized>
         <run_address>0x214</run_address>
         <size>0xc</size>
         <input_file_ref idref="fl-8"/>
      </object_component>
      <object_component id="oc-384">
         <name>.common:byte</name>
         <uninitialized>true</uninitialized>
         <run_address>0x225</run_address>
         <size>0x1</size>
      </object_component>
      <object_component id="oc-385">
         <name>.common:bit_num</name>
         <uninitialized>true</uninitialized>
         <run_address>0x224</run_address>
         <size>0x1</size>
      </object_component>
      <object_component id="oc-250">
         <name>.common:pot_vals</name>
         <uninitialized>true</uninitialized>
         <run_address>0x220</run_address>
         <size>0x4</size>
      </object_component>
      <object_component id="oc-156">
         <name>.data</name>
         <load_address>0x210</load_address>
         <run_address>0x210</run_address>
         <size>0x2</size>
         <input_file_ref idref="fl-1"/>
      </object_component>
      <object_component id="oc-19a">
         <name>.data</name>
         <load_address>0x212</load_address>
         <run_address>0x212</run_address>
         <size>0x2</size>
         <input_file_ref idref="fl-3"/>
      </object_component>
      <object_component id="oc-255">
         <name>.data</name>
         <load_address>0x20c</load_address>
         <run_address>0x20c</run_address>
         <size>0x4</size>
         <input_file_ref idref="fl-7"/>
      </object_component>
      <object_component id="oc-283">
         <name>.data:score_str$1</name>
         <load_address>0x200</load_address>
         <run_address>0x200</run_address>
         <size>0xb</size>
         <input_file_ref idref="fl-7"/>
      </object_component>
      <object_component id="oc-b1">
         <name>.stack</name>
         <uninitialized>true</uninitialized>
         <run_address>0x3b0</run_address>
         <size>0x2</size>
         <input_file_ref idref="fl-34"/>
      </object_component>
      <object_component id="oc-403">
         <name>.stack</name>
         <uninitialized>true</uninitialized>
         <run_address>0x3b0</run_address>
         <size>0x0</size>
      </object_component>
      <object_component id="oc-2f9">
         <name>.text:convert_font_size</name>
         <load_address>0xc000</load_address>
         <run_address>0xc000</run_address>
         <size>0x178</size>
         <input_file_ref idref="fl-5"/>
      </object_component>
      <object_component id="oc-39b">
         <name>.text:draw_rect</name>
         <load_address>0xc178</load_address>
         <run_address>0xc178</run_address>
         <size>0xec</size>
         <input_file_ref idref="fl-5"/>
      </object_component>
      <object_component id="oc-262">
         <name>.text:write_string</name>
         <load_address>0xc264</load_address>
         <run_address>0xc264</run_address>
         <size>0x84</size>
         <input_file_ref idref="fl-5"/>
      </object_component>
      <object_component id="oc-172">
         <name>.text:main</name>
         <load_address>0xc2e8</load_address>
         <run_address>0xc2e8</run_address>
         <size>0x7e</size>
         <input_file_ref idref="fl-7"/>
      </object_component>
      <object_component id="oc-34">
         <name>.text:decompress:lzss:__TI_decompress_lzss</name>
         <load_address>0xc366</load_address>
         <run_address>0xc366</run_address>
         <size>0x7c</size>
         <input_file_ref idref="fl-3c"/>
      </object_component>
      <object_component id="oc-279">
         <name>.text:tick</name>
         <load_address>0xc3e2</load_address>
         <run_address>0xc3e2</run_address>
         <size>0x68</size>
         <input_file_ref idref="fl-8"/>
      </object_component>
      <object_component id="oc-1d6">
         <name>.text:display_score</name>
         <load_address>0xc44a</load_address>
         <run_address>0xc44a</run_address>
         <size>0x56</size>
         <input_file_ref idref="fl-7"/>
      </object_component>
      <object_component id="oc-302">
         <name>.text:write_char</name>
         <load_address>0xc4a0</load_address>
         <run_address>0xc4a0</run_address>
         <size>0x50</size>
         <input_file_ref idref="fl-5"/>
      </object_component>
      <object_component id="oc-1ca">
         <name>.text:play_pong_round</name>
         <load_address>0xc4f0</load_address>
         <run_address>0xc4f0</run_address>
         <size>0x4e</size>
         <input_file_ref idref="fl-8"/>
      </object_component>
      <object_component id="oc-313">
         <name>.text:update_ball_position</name>
         <load_address>0xc53e</load_address>
         <run_address>0xc53e</run_address>
         <size>0x4e</size>
         <input_file_ref idref="fl-8"/>
      </object_component>
      <object_component id="oc-ba">
         <name>.text</name>
         <load_address>0xc58c</load_address>
         <run_address>0xc58c</run_address>
         <size>0x4c</size>
         <input_file_ref idref="fl-32"/>
      </object_component>
      <object_component id="oc-325">
         <name>.text:ball_in_paddle_range</name>
         <load_address>0xc5d8</load_address>
         <run_address>0xc5d8</run_address>
         <size>0x4a</size>
         <input_file_ref idref="fl-8"/>
      </object_component>
      <object_component id="oc-1f5">
         <name>.text:__TI_auto_init_nobinit_nopinit:__TI_auto_init_nobinit_nopinit</name>
         <load_address>0xc622</load_address>
         <run_address>0xc622</run_address>
         <size>0x42</size>
         <input_file_ref idref="fl-35"/>
      </object_component>
      <object_component id="oc-1a0">
         <name>.text:init_rand_adc_seed</name>
         <load_address>0xc664</load_address>
         <run_address>0xc664</run_address>
         <size>0x42</size>
         <input_file_ref idref="fl-3"/>
      </object_component>
      <object_component id="oc-14f">
         <name>.text:wait_for_bounce</name>
         <load_address>0xc6a6</load_address>
         <run_address>0xc6a6</run_address>
         <size>0x42</size>
         <input_file_ref idref="fl-1"/>
      </object_component>
      <object_component id="oc-259">
         <name>.text:fill_display</name>
         <load_address>0xc6e8</load_address>
         <run_address>0xc6e8</run_address>
         <size>0x3e</size>
         <input_file_ref idref="fl-5"/>
      </object_component>
      <object_component id="oc-30d">
         <name>.text:update_paddle_positions</name>
         <load_address>0xc726</load_address>
         <run_address>0xc726</run_address>
         <size>0x3e</size>
         <input_file_ref idref="fl-8"/>
      </object_component>
      <object_component id="oc-1be">
         <name>.text:display_start</name>
         <load_address>0xc764</load_address>
         <run_address>0xc764</run_address>
         <size>0x3c</size>
         <input_file_ref idref="fl-7"/>
      </object_component>
      <object_component id="oc-15c">
         <name>.text:rand</name>
         <load_address>0xc7a0</load_address>
         <run_address>0xc7a0</run_address>
         <size>0x3a</size>
         <input_file_ref idref="fl-3"/>
      </object_component>
      <object_component id="oc-26b">
         <name>.text:write_small_string</name>
         <load_address>0xc7da</load_address>
         <run_address>0xc7da</run_address>
         <size>0x3a</size>
         <input_file_ref idref="fl-5"/>
      </object_component>
      <object_component id="oc-249">
         <name>.text:init_LCD</name>
         <load_address>0xc814</load_address>
         <run_address>0xc814</run_address>
         <size>0x38</size>
         <input_file_ref idref="fl-4"/>
      </object_component>
      <object_component id="oc-e1">
         <name>.text:Port_2</name>
         <load_address>0xc84c</load_address>
         <run_address>0xc84c</run_address>
         <size>0x34</size>
         <input_file_ref idref="fl-1"/>
      </object_component>
      <object_component id="oc-1e2">
         <name>.text:display_game_over</name>
         <load_address>0xc880</load_address>
         <run_address>0xc880</run_address>
         <size>0x34</size>
         <input_file_ref idref="fl-7"/>
      </object_component>
      <object_component id="oc-331">
         <name>.text:draw_ball_and_paddles</name>
         <load_address>0xc8b4</load_address>
         <run_address>0xc8b4</run_address>
         <size>0x2c</size>
         <input_file_ref idref="fl-8"/>
      </object_component>
      <object_component id="oc-243">
         <name>.text:init_USCI</name>
         <load_address>0xc8e0</load_address>
         <run_address>0xc8e0</run_address>
         <size>0x2c</size>
         <input_file_ref idref="fl-5"/>
      </object_component>
      <object_component id="oc-3b8">
         <name>.text</name>
         <load_address>0xc90c</load_address>
         <run_address>0xc90c</run_address>
         <size>0x2c</size>
         <input_file_ref idref="fl-24"/>
      </object_component>
      <object_component id="oc-b5">
         <name>.text</name>
         <load_address>0xc938</load_address>
         <run_address>0xc938</run_address>
         <size>0x2c</size>
         <input_file_ref idref="fl-31"/>
      </object_component>
      <object_component id="oc-2e0">
         <name>.text:set_cursor</name>
         <load_address>0xc964</load_address>
         <run_address>0xc964</run_address>
         <size>0x2c</size>
         <input_file_ref idref="fl-5"/>
      </object_component>
      <object_component id="oc-337">
         <name>.text:draw_paddles</name>
         <load_address>0xc990</load_address>
         <run_address>0xc990</run_address>
         <size>0x22</size>
         <input_file_ref idref="fl-8"/>
      </object_component>
      <object_component id="oc-38e">
         <name>.text:map</name>
         <load_address>0xc9b2</load_address>
         <run_address>0xc9b2</run_address>
         <size>0x22</size>
         <input_file_ref idref="fl-8"/>
      </object_component>
      <object_component id="oc-1b2">
         <name>.text:init_buttons</name>
         <load_address>0xc9d4</load_address>
         <run_address>0xc9d4</run_address>
         <size>0x20</size>
         <input_file_ref idref="fl-1"/>
      </object_component>
      <object_component id="oc-1ac">
         <name>.text:init_pots</name>
         <load_address>0xc9f4</load_address>
         <run_address>0xc9f4</run_address>
         <size>0x1e</size>
         <input_file_ref idref="fl-9"/>
      </object_component>
      <object_component id="oc-2d5">
         <name>.text:set_instruction</name>
         <load_address>0xca12</load_address>
         <run_address>0xca12</run_address>
         <size>0x1e</size>
         <input_file_ref idref="fl-5"/>
      </object_component>
      <object_component id="oc-10b">
         <name>.text:_c_int00_noargs</name>
         <load_address>0xca30</load_address>
         <run_address>0xca30</run_address>
         <size>0x1c</size>
         <input_file_ref idref="fl-34"/>
      </object_component>
      <object_component id="oc-1dc">
         <name>.text:check_game_over</name>
         <load_address>0xca4c</load_address>
         <run_address>0xca4c</run_address>
         <size>0x1c</size>
         <input_file_ref idref="fl-7"/>
      </object_component>
      <object_component id="oc-31f">
         <name>.text:check_horizontal_collisions</name>
         <load_address>0xca68</load_address>
         <run_address>0xca68</run_address>
         <size>0x1a</size>
         <input_file_ref idref="fl-8"/>
      </object_component>
      <object_component id="oc-f3">
         <name>.text:watchdog_timer</name>
         <load_address>0xca82</load_address>
         <run_address>0xca82</run_address>
         <size>0x1a</size>
         <input_file_ref idref="fl-7"/>
      </object_component>
      <object_component id="oc-388">
         <name>.text:get_pots</name>
         <load_address>0xca9c</load_address>
         <run_address>0xca9c</run_address>
         <size>0x18</size>
         <input_file_ref idref="fl-9"/>
      </object_component>
      <object_component id="oc-2f3">
         <name>.text:send_data_array</name>
         <load_address>0xcab4</load_address>
         <run_address>0xcab4</run_address>
         <size>0x18</size>
         <input_file_ref idref="fl-5"/>
      </object_component>
      <object_component id="oc-33d">
         <name>.text:draw_ball</name>
         <load_address>0xcacc</load_address>
         <run_address>0xcacc</run_address>
         <size>0x16</size>
         <input_file_ref idref="fl-8"/>
      </object_component>
      <object_component id="oc-3b2">
         <name>.text</name>
         <load_address>0xcae2</load_address>
         <run_address>0xcae2</run_address>
         <size>0x16</size>
         <input_file_ref idref="fl-25"/>
      </object_component>
      <object_component id="oc-2cc">
         <name>.text:wait_ms</name>
         <load_address>0xcaf8</load_address>
         <run_address>0xcaf8</run_address>
         <size>0x16</size>
         <input_file_ref idref="fl-2"/>
      </object_component>
      <object_component id="oc-319">
         <name>.text:check_vertical_collisions</name>
         <load_address>0xcb0e</load_address>
         <run_address>0xcb0e</run_address>
         <size>0x14</size>
         <input_file_ref idref="fl-8"/>
      </object_component>
      <object_component id="oc-f9">
         <name>.text:decompress:ZI:__TI_zero_init_nomemset:__TI_zero_init_nomemset</name>
         <load_address>0xcb22</load_address>
         <run_address>0xcb22</run_address>
         <size>0x14</size>
         <input_file_ref idref="fl-36"/>
      </object_component>
      <object_component id="oc-2eb">
         <name>.text</name>
         <load_address>0xcb36</load_address>
         <run_address>0xcb36</run_address>
         <size>0x14</size>
         <input_file_ref idref="fl-33"/>
      </object_component>
      <object_component id="oc-1d0">
         <name>.text:update_score</name>
         <load_address>0xcb4a</load_address>
         <run_address>0xcb4a</run_address>
         <size>0x14</size>
         <input_file_ref idref="fl-7"/>
      </object_component>
      <object_component id="oc-3a">
         <name>.text:decompress:none:__TI_decompress_none</name>
         <load_address>0xcb5e</load_address>
         <run_address>0xcb5e</run_address>
         <size>0x12</size>
         <input_file_ref idref="fl-3b"/>
      </object_component>
      <object_component id="oc-cf">
         <name>.text:memcpy</name>
         <load_address>0xcb70</load_address>
         <run_address>0xcb70</run_address>
         <size>0x12</size>
         <input_file_ref idref="fl-40"/>
      </object_component>
      <object_component id="oc-23d">
         <name>.text:init_ports</name>
         <load_address>0xcb82</load_address>
         <run_address>0xcb82</run_address>
         <size>0x10</size>
         <input_file_ref idref="fl-4"/>
      </object_component>
      <object_component id="oc-bf">
         <name>.text</name>
         <load_address>0xcb92</load_address>
         <run_address>0xcb92</run_address>
         <size>0x10</size>
         <input_file_ref idref="fl-26"/>
      </object_component>
      <object_component id="oc-32b">
         <name>.text:clear_display</name>
         <load_address>0xcba2</load_address>
         <run_address>0xcba2</run_address>
         <size>0xe</size>
         <input_file_ref idref="fl-8"/>
      </object_component>
      <object_component id="oc-1a6">
         <name>.text:init_display</name>
         <load_address>0xcbb0</load_address>
         <run_address>0xcbb0</run_address>
         <size>0xc</size>
         <input_file_ref idref="fl-7"/>
      </object_component>
      <object_component id="oc-ed">
         <name>.text:USCI</name>
         <load_address>0xcbbc</load_address>
         <run_address>0xcbbc</run_address>
         <size>0xa</size>
         <input_file_ref idref="fl-5"/>
      </object_component>
      <object_component id="oc-1b8">
         <name>.text:init_game</name>
         <load_address>0xcbc6</load_address>
         <run_address>0xcbc6</run_address>
         <size>0xa</size>
         <input_file_ref idref="fl-7"/>
      </object_component>
      <object_component id="oc-1c4">
         <name>.text:wait_for_button_press</name>
         <load_address>0xcbd0</load_address>
         <run_address>0xcbd0</run_address>
         <size>0xa</size>
         <input_file_ref idref="fl-1"/>
      </object_component>
      <object_component id="oc-e7">
         <name>.text:ADC10_ISR</name>
         <load_address>0xcbda</load_address>
         <run_address>0xcbda</run_address>
         <size>0x8</size>
         <input_file_ref idref="fl-3"/>
      </object_component>
      <object_component id="oc-dc">
         <name>.text:_isr:__TI_ISR_TRAP</name>
         <load_address>0xcbe2</load_address>
         <run_address>0xcbe2</run_address>
         <size>0x8</size>
         <input_file_ref idref="fl-30"/>
      </object_component>
      <object_component id="oc-1e9">
         <name>.text:abort</name>
         <load_address>0xcbea</load_address>
         <run_address>0xcbea</run_address>
         <size>0x6</size>
         <input_file_ref idref="fl-3d"/>
      </object_component>
      <object_component id="oc-236">
         <name>.text:srand</name>
         <load_address>0xcbf0</load_address>
         <run_address>0xcbf0</run_address>
         <size>0x6</size>
         <input_file_ref idref="fl-3"/>
      </object_component>
      <object_component id="oc-16c">
         <name>.text:_system_pre_init</name>
         <load_address>0xcbf6</load_address>
         <run_address>0xcbf6</run_address>
         <size>0x4</size>
         <input_file_ref idref="fl-39"/>
      </object_component>
      <object_component id="oc-2a2">
         <name>.text:_system_post_cinit</name>
         <load_address>0xcbfa</load_address>
         <run_address>0xcbfa</run_address>
         <size>0x2</size>
         <input_file_ref idref="fl-3a"/>
      </object_component>
      <object_component id="oc-402">
         <name>.cinit..data.load</name>
         <load_address>0xcee0</load_address>
         <run_address>0xcee0</run_address>
         <size>0x13</size>
      </object_component>
      <object_component id="oc-3ff">
         <name>__TI_handler_table</name>
         <load_address>0xcef4</load_address>
         <run_address>0xcef4</run_address>
         <size>0x6</size>
      </object_component>
      <object_component id="oc-401">
         <name>.cinit..bss.load</name>
         <load_address>0xcefa</load_address>
         <run_address>0xcefa</run_address>
         <size>0x4</size>
      </object_component>
      <object_component id="oc-400">
         <name>__TI_cinit_table</name>
         <load_address>0xcefe</load_address>
         <run_address>0xcefe</run_address>
         <size>0x8</size>
      </object_component>
      <object_component id="oc-2f0">
         <name>.const:ascii_table</name>
         <load_address>0xcbfc</load_address>
         <run_address>0xcbfc</run_address>
         <size>0x280</size>
         <input_file_ref idref="fl-5"/>
      </object_component>
      <object_component id="oc-2d2">
         <name>.const:.string:init_cmd_array</name>
         <load_address>0xce7c</load_address>
         <run_address>0xce7c</run_address>
         <size>0x19</size>
         <input_file_ref idref="fl-4"/>
      </object_component>
      <object_component id="oc-268">
         <name>.const:.string:str_subtitle</name>
         <load_address>0xce96</load_address>
         <run_address>0xce96</run_address>
         <size>0x14</size>
         <input_file_ref idref="fl-7"/>
      </object_component>
      <object_component id="oc-289">
         <name>.const:.string:str_right_winner</name>
         <load_address>0xceaa</load_address>
         <run_address>0xceaa</run_address>
         <size>0xc</size>
         <input_file_ref idref="fl-7"/>
      </object_component>
      <object_component id="oc-25f">
         <name>.const:.string:str_title</name>
         <load_address>0xceb6</load_address>
         <run_address>0xceb6</run_address>
         <size>0xc</size>
         <input_file_ref idref="fl-7"/>
      </object_component>
      <object_component id="oc-28c">
         <name>.const:.string:str_left_winner</name>
         <load_address>0xcec2</load_address>
         <run_address>0xcec2</run_address>
         <size>0xb</size>
         <input_file_ref idref="fl-7"/>
      </object_component>
      <object_component id="oc-284">
         <name>.const:.string:str_continue</name>
         <load_address>0xcece</load_address>
         <run_address>0xcece</run_address>
         <size>0xa</size>
         <input_file_ref idref="fl-7"/>
      </object_component>
      <object_component id="oc-271">
         <name>.const:.string:str_subtitle2</name>
         <load_address>0xced8</load_address>
         <run_address>0xced8</run_address>
         <size>0x7</size>
         <input_file_ref idref="fl-7"/>
      </object_component>
      <object_component id="oc-3c1">
         <name>.binit</name>
         <load_address>0xc000</load_address>
         <run_address>0xc000</run_address>
         <size>0x0</size>
      </object_component>
      <object_component id="oc-40">
         <name>.int00</name>
         <load_address>0xffe0</load_address>
         <run_address>0xffe0</run_address>
         <size>0x2</size>
         <input_file_ref idref="fl-27"/>
      </object_component>
      <object_component id="oc-41">
         <name>.int02</name>
         <load_address>0xffe4</load_address>
         <run_address>0xffe4</run_address>
         <size>0x2</size>
         <input_file_ref idref="fl-28"/>
      </object_component>
      <object_component id="oc-42">
         <name>.int03</name>
         <load_address>0xffe6</load_address>
         <run_address>0xffe6</run_address>
         <size>0x2</size>
         <input_file_ref idref="fl-1"/>
      </object_component>
      <object_component id="oc-43">
         <name>.int05</name>
         <load_address>0xffea</load_address>
         <run_address>0xffea</run_address>
         <size>0x2</size>
         <input_file_ref idref="fl-3"/>
      </object_component>
      <object_component id="oc-44">
         <name>.int06</name>
         <load_address>0xffec</load_address>
         <run_address>0xffec</run_address>
         <size>0x2</size>
         <input_file_ref idref="fl-5"/>
      </object_component>
      <object_component id="oc-45">
         <name>.int07</name>
         <load_address>0xffee</load_address>
         <run_address>0xffee</run_address>
         <size>0x2</size>
         <input_file_ref idref="fl-29"/>
      </object_component>
      <object_component id="oc-46">
         <name>.int08</name>
         <load_address>0xfff0</load_address>
         <run_address>0xfff0</run_address>
         <size>0x2</size>
         <input_file_ref idref="fl-2a"/>
      </object_component>
      <object_component id="oc-47">
         <name>.int09</name>
         <load_address>0xfff2</load_address>
         <run_address>0xfff2</run_address>
         <size>0x2</size>
         <input_file_ref idref="fl-2b"/>
      </object_component>
      <object_component id="oc-48">
         <name>.int10</name>
         <load_address>0xfff4</load_address>
         <run_address>0xfff4</run_address>
         <size>0x2</size>
         <input_file_ref idref="fl-7"/>
      </object_component>
      <object_component id="oc-49">
         <name>.int11</name>
         <load_address>0xfff6</load_address>
         <run_address>0xfff6</run_address>
         <size>0x2</size>
         <input_file_ref idref="fl-2c"/>
      </object_component>
      <object_component id="oc-4a">
         <name>.int12</name>
         <load_address>0xfff8</load_address>
         <run_address>0xfff8</run_address>
         <size>0x2</size>
         <input_file_ref idref="fl-2d"/>
      </object_component>
      <object_component id="oc-4b">
         <name>.int13</name>
         <load_address>0xfffa</load_address>
         <run_address>0xfffa</run_address>
         <size>0x2</size>
         <input_file_ref idref="fl-2e"/>
      </object_component>
      <object_component id="oc-4c">
         <name>.int14</name>
         <load_address>0xfffc</load_address>
         <run_address>0xfffc</run_address>
         <size>0x2</size>
         <input_file_ref idref="fl-2f"/>
      </object_component>
      <object_component id="oc-b4">
         <name>.reset</name>
         <load_address>0xfffe</load_address>
         <run_address>0xfffe</run_address>
         <size>0x2</size>
         <input_file_ref idref="fl-34"/>
      </object_component>
      <object_component id="oc-197">
         <name>.debug_info</name>
         <load_address>0x0</load_address>
         <run_address>0x0</run_address>
         <size>0x236</size>
         <input_file_ref idref="fl-1"/>
      </object_component>
      <object_component id="oc-157">
         <name>.debug_info</name>
         <load_address>0x236</load_address>
         <run_address>0x236</run_address>
         <size>0xd0</size>
         <input_file_ref idref="fl-1"/>
      </object_component>
      <object_component id="oc-1c5">
         <name>.debug_info</name>
         <load_address>0x306</load_address>
         <run_address>0x306</run_address>
         <size>0x113</size>
         <input_file_ref idref="fl-1"/>
      </object_component>
      <object_component id="oc-150">
         <name>.debug_info</name>
         <load_address>0x419</load_address>
         <run_address>0x419</run_address>
         <size>0x153</size>
         <input_file_ref idref="fl-1"/>
      </object_component>
      <object_component id="oc-1b3">
         <name>.debug_info</name>
         <load_address>0x56c</load_address>
         <run_address>0x56c</run_address>
         <size>0x101</size>
         <input_file_ref idref="fl-1"/>
      </object_component>
      <object_component id="oc-e2">
         <name>.debug_info</name>
         <load_address>0x66d</load_address>
         <run_address>0x66d</run_address>
         <size>0x10c</size>
         <input_file_ref idref="fl-1"/>
      </object_component>
      <object_component id="oc-22f">
         <name>.debug_info</name>
         <load_address>0x779</load_address>
         <run_address>0x779</run_address>
         <size>0x26b</size>
         <input_file_ref idref="fl-1"/>
      </object_component>
      <object_component id="oc-ca">
         <name>.debug_info</name>
         <load_address>0x9e4</load_address>
         <run_address>0x9e4</run_address>
         <size>0x84</size>
         <input_file_ref idref="fl-1"/>
      </object_component>
      <object_component id="oc-2c3">
         <name>.debug_info</name>
         <load_address>0xa68</load_address>
         <run_address>0xa68</run_address>
         <size>0x275</size>
         <input_file_ref idref="fl-1"/>
      </object_component>
      <object_component id="oc-22a">
         <name>.debug_info</name>
         <load_address>0xcdd</load_address>
         <run_address>0xcdd</run_address>
         <size>0xbb</size>
         <input_file_ref idref="fl-1"/>
      </object_component>
      <object_component id="oc-2cd">
         <name>.debug_info</name>
         <load_address>0xd98</load_address>
         <run_address>0xd98</run_address>
         <size>0x117</size>
         <input_file_ref idref="fl-2"/>
      </object_component>
      <object_component id="oc-2c9">
         <name>.debug_info</name>
         <load_address>0xeaf</load_address>
         <run_address>0xeaf</run_address>
         <size>0x1f4</size>
         <input_file_ref idref="fl-3"/>
      </object_component>
      <object_component id="oc-19b">
         <name>.debug_info</name>
         <load_address>0x10a3</load_address>
         <run_address>0x10a3</run_address>
         <size>0xc1</size>
         <input_file_ref idref="fl-3"/>
      </object_component>
      <object_component id="oc-237">
         <name>.debug_info</name>
         <load_address>0x1164</load_address>
         <run_address>0x1164</run_address>
         <size>0x115</size>
         <input_file_ref idref="fl-3"/>
      </object_component>
      <object_component id="oc-15d">
         <name>.debug_info</name>
         <load_address>0x1279</load_address>
         <run_address>0x1279</run_address>
         <size>0x10c</size>
         <input_file_ref idref="fl-3"/>
      </object_component>
      <object_component id="oc-1a1">
         <name>.debug_info</name>
         <load_address>0x1385</load_address>
         <run_address>0x1385</run_address>
         <size>0x13b</size>
         <input_file_ref idref="fl-3"/>
      </object_component>
      <object_component id="oc-e8">
         <name>.debug_info</name>
         <load_address>0x14c0</load_address>
         <run_address>0x14c0</run_address>
         <size>0xfc</size>
         <input_file_ref idref="fl-3"/>
      </object_component>
      <object_component id="oc-37b">
         <name>.debug_info</name>
         <load_address>0x15bc</load_address>
         <run_address>0x15bc</run_address>
         <size>0x1ee</size>
         <input_file_ref idref="fl-4"/>
      </object_component>
      <object_component id="oc-2d3">
         <name>.debug_info</name>
         <load_address>0x17aa</load_address>
         <run_address>0x17aa</run_address>
         <size>0xda</size>
         <input_file_ref idref="fl-4"/>
      </object_component>
      <object_component id="oc-23e">
         <name>.debug_info</name>
         <load_address>0x1884</load_address>
         <run_address>0x1884</run_address>
         <size>0x10c</size>
         <input_file_ref idref="fl-4"/>
      </object_component>
      <object_component id="oc-24a">
         <name>.debug_info</name>
         <load_address>0x1990</load_address>
         <run_address>0x1990</run_address>
         <size>0x150</size>
         <input_file_ref idref="fl-4"/>
      </object_component>
      <object_component id="oc-2e7">
         <name>.debug_info</name>
         <load_address>0x1ae0</load_address>
         <run_address>0x1ae0</run_address>
         <size>0x2c6</size>
         <input_file_ref idref="fl-5"/>
      </object_component>
      <object_component id="oc-2f1">
         <name>.debug_info</name>
         <load_address>0x1da6</load_address>
         <run_address>0x1da6</run_address>
         <size>0xcf</size>
         <input_file_ref idref="fl-5"/>
      </object_component>
      <object_component id="oc-2d6">
         <name>.debug_info</name>
         <load_address>0x1e75</load_address>
         <run_address>0x1e75</run_address>
         <size>0x173</size>
         <input_file_ref idref="fl-5"/>
      </object_component>
      <object_component id="oc-2e1">
         <name>.debug_info</name>
         <load_address>0x1fe8</load_address>
         <run_address>0x1fe8</run_address>
         <size>0x171</size>
         <input_file_ref idref="fl-5"/>
      </object_component>
      <object_component id="oc-2f4">
         <name>.debug_info</name>
         <load_address>0x2159</load_address>
         <run_address>0x2159</run_address>
         <size>0x16d</size>
         <input_file_ref idref="fl-5"/>
      </object_component>
      <object_component id="oc-2fa">
         <name>.debug_info</name>
         <load_address>0x22c6</load_address>
         <run_address>0x22c6</run_address>
         <size>0x2d2</size>
         <input_file_ref idref="fl-5"/>
      </object_component>
      <object_component id="oc-263">
         <name>.debug_info</name>
         <load_address>0x2598</load_address>
         <run_address>0x2598</run_address>
         <size>0x1ea</size>
         <input_file_ref idref="fl-5"/>
      </object_component>
      <object_component id="oc-303">
         <name>.debug_info</name>
         <load_address>0x2782</load_address>
         <run_address>0x2782</run_address>
         <size>0x1e2</size>
         <input_file_ref idref="fl-5"/>
      </object_component>
      <object_component id="oc-26c">
         <name>.debug_info</name>
         <load_address>0x2964</load_address>
         <run_address>0x2964</run_address>
         <size>0x19e</size>
         <input_file_ref idref="fl-5"/>
      </object_component>
      <object_component id="oc-244">
         <name>.debug_info</name>
         <load_address>0x2b02</load_address>
         <run_address>0x2b02</run_address>
         <size>0xfb</size>
         <input_file_ref idref="fl-5"/>
      </object_component>
      <object_component id="oc-25a">
         <name>.debug_info</name>
         <load_address>0x2bfd</load_address>
         <run_address>0x2bfd</run_address>
         <size>0x19a</size>
         <input_file_ref idref="fl-5"/>
      </object_component>
      <object_component id="oc-39c">
         <name>.debug_info</name>
         <load_address>0x2d97</load_address>
         <run_address>0x2d97</run_address>
         <size>0x311</size>
         <input_file_ref idref="fl-5"/>
      </object_component>
      <object_component id="oc-ee">
         <name>.debug_info</name>
         <load_address>0x30a8</load_address>
         <run_address>0x30a8</run_address>
         <size>0xf5</size>
         <input_file_ref idref="fl-5"/>
      </object_component>
      <object_component id="oc-282">
         <name>.debug_info</name>
         <load_address>0x319d</load_address>
         <run_address>0x319d</run_address>
         <size>0x45d</size>
         <input_file_ref idref="fl-7"/>
      </object_component>
      <object_component id="oc-260">
         <name>.debug_info</name>
         <load_address>0x35fa</load_address>
         <run_address>0x35fa</run_address>
         <size>0xc8</size>
         <input_file_ref idref="fl-7"/>
      </object_component>
      <object_component id="oc-269">
         <name>.debug_info</name>
         <load_address>0x36c2</load_address>
         <run_address>0x36c2</run_address>
         <size>0xce</size>
         <input_file_ref idref="fl-7"/>
      </object_component>
      <object_component id="oc-272">
         <name>.debug_info</name>
         <load_address>0x3790</load_address>
         <run_address>0x3790</run_address>
         <size>0xd0</size>
         <input_file_ref idref="fl-7"/>
      </object_component>
      <object_component id="oc-285">
         <name>.debug_info</name>
         <load_address>0x3860</load_address>
         <run_address>0x3860</run_address>
         <size>0xce</size>
         <input_file_ref idref="fl-7"/>
      </object_component>
      <object_component id="oc-28d">
         <name>.debug_info</name>
         <load_address>0x392e</load_address>
         <run_address>0x392e</run_address>
         <size>0xd4</size>
         <input_file_ref idref="fl-7"/>
      </object_component>
      <object_component id="oc-28a">
         <name>.debug_info</name>
         <load_address>0x3a02</load_address>
         <run_address>0x3a02</run_address>
         <size>0xd6</size>
         <input_file_ref idref="fl-7"/>
      </object_component>
      <object_component id="oc-256">
         <name>.debug_info</name>
         <load_address>0x3ad8</load_address>
         <run_address>0x3ad8</run_address>
         <size>0xef</size>
         <input_file_ref idref="fl-7"/>
      </object_component>
      <object_component id="oc-f4">
         <name>.debug_info</name>
         <load_address>0x3bc7</load_address>
         <run_address>0x3bc7</run_address>
         <size>0x108</size>
         <input_file_ref idref="fl-7"/>
      </object_component>
      <object_component id="oc-1a7">
         <name>.debug_info</name>
         <load_address>0x3ccf</load_address>
         <run_address>0x3ccf</run_address>
         <size>0x122</size>
         <input_file_ref idref="fl-7"/>
      </object_component>
      <object_component id="oc-1b9">
         <name>.debug_info</name>
         <load_address>0x3df1</load_address>
         <run_address>0x3df1</run_address>
         <size>0xf1</size>
         <input_file_ref idref="fl-7"/>
      </object_component>
      <object_component id="oc-1bf">
         <name>.debug_info</name>
         <load_address>0x3ee2</load_address>
         <run_address>0x3ee2</run_address>
         <size>0x14c</size>
         <input_file_ref idref="fl-7"/>
      </object_component>
      <object_component id="oc-1dd">
         <name>.debug_info</name>
         <load_address>0x402e</load_address>
         <run_address>0x402e</run_address>
         <size>0x10d</size>
         <input_file_ref idref="fl-7"/>
      </object_component>
      <object_component id="oc-1d1">
         <name>.debug_info</name>
         <load_address>0x413b</load_address>
         <run_address>0x413b</run_address>
         <size>0x123</size>
         <input_file_ref idref="fl-7"/>
      </object_component>
      <object_component id="oc-1d7">
         <name>.debug_info</name>
         <load_address>0x425e</load_address>
         <run_address>0x425e</run_address>
         <size>0x16d</size>
         <input_file_ref idref="fl-7"/>
      </object_component>
      <object_component id="oc-1e3">
         <name>.debug_info</name>
         <load_address>0x43cb</load_address>
         <run_address>0x43cb</run_address>
         <size>0x16e</size>
         <input_file_ref idref="fl-7"/>
      </object_component>
      <object_component id="oc-173">
         <name>.debug_info</name>
         <load_address>0x4539</load_address>
         <run_address>0x4539</run_address>
         <size>0x25d</size>
         <input_file_ref idref="fl-7"/>
      </object_component>
      <object_component id="oc-280">
         <name>.debug_info</name>
         <load_address>0x4796</load_address>
         <run_address>0x4796</run_address>
         <size>0x209</size>
         <input_file_ref idref="fl-8"/>
      </object_component>
      <object_component id="oc-277">
         <name>.debug_info</name>
         <load_address>0x499f</load_address>
         <run_address>0x499f</run_address>
         <size>0x16f</size>
         <input_file_ref idref="fl-8"/>
      </object_component>
      <object_component id="oc-38f">
         <name>.debug_info</name>
         <load_address>0x4b0e</load_address>
         <run_address>0x4b0e</run_address>
         <size>0x1cd</size>
         <input_file_ref idref="fl-8"/>
      </object_component>
      <object_component id="oc-30e">
         <name>.debug_info</name>
         <load_address>0x4cdb</load_address>
         <run_address>0x4cdb</run_address>
         <size>0x130</size>
         <input_file_ref idref="fl-8"/>
      </object_component>
      <object_component id="oc-314">
         <name>.debug_info</name>
         <load_address>0x4e0b</load_address>
         <run_address>0x4e0b</run_address>
         <size>0x113</size>
         <input_file_ref idref="fl-8"/>
      </object_component>
      <object_component id="oc-31a">
         <name>.debug_info</name>
         <load_address>0x4f1e</load_address>
         <run_address>0x4f1e</run_address>
         <size>0x115</size>
         <input_file_ref idref="fl-8"/>
      </object_component>
      <object_component id="oc-320">
         <name>.debug_info</name>
         <load_address>0x5033</load_address>
         <run_address>0x5033</run_address>
         <size>0x125</size>
         <input_file_ref idref="fl-8"/>
      </object_component>
      <object_component id="oc-326">
         <name>.debug_info</name>
         <load_address>0x5158</load_address>
         <run_address>0x5158</run_address>
         <size>0x133</size>
         <input_file_ref idref="fl-8"/>
      </object_component>
      <object_component id="oc-32c">
         <name>.debug_info</name>
         <load_address>0x528b</load_address>
         <run_address>0x528b</run_address>
         <size>0x107</size>
         <input_file_ref idref="fl-8"/>
      </object_component>
      <object_component id="oc-33e">
         <name>.debug_info</name>
         <load_address>0x5392</load_address>
         <run_address>0x5392</run_address>
         <size>0x134</size>
         <input_file_ref idref="fl-8"/>
      </object_component>
      <object_component id="oc-338">
         <name>.debug_info</name>
         <load_address>0x54c6</load_address>
         <run_address>0x54c6</run_address>
         <size>0x112</size>
         <input_file_ref idref="fl-8"/>
      </object_component>
      <object_component id="oc-332">
         <name>.debug_info</name>
         <load_address>0x55d8</load_address>
         <run_address>0x55d8</run_address>
         <size>0x18c</size>
         <input_file_ref idref="fl-8"/>
      </object_component>
      <object_component id="oc-27a">
         <name>.debug_info</name>
         <load_address>0x5764</load_address>
         <run_address>0x5764</run_address>
         <size>0x223</size>
         <input_file_ref idref="fl-8"/>
      </object_component>
      <object_component id="oc-1cb">
         <name>.debug_info</name>
         <load_address>0x5987</load_address>
         <run_address>0x5987</run_address>
         <size>0x15a</size>
         <input_file_ref idref="fl-8"/>
      </object_component>
      <object_component id="oc-251">
         <name>.debug_info</name>
         <load_address>0x5ae1</load_address>
         <run_address>0x5ae1</run_address>
         <size>0x1e0</size>
         <input_file_ref idref="fl-9"/>
      </object_component>
      <object_component id="oc-1ad">
         <name>.debug_info</name>
         <load_address>0x5cc1</load_address>
         <run_address>0x5cc1</run_address>
         <size>0xf2</size>
         <input_file_ref idref="fl-9"/>
      </object_component>
      <object_component id="oc-389">
         <name>.debug_info</name>
         <load_address>0x5db3</load_address>
         <run_address>0x5db3</run_address>
         <size>0xf0</size>
         <input_file_ref idref="fl-9"/>
      </object_component>
      <object_component id="oc-3b9">
         <name>.debug_info</name>
         <load_address>0x5ea3</load_address>
         <run_address>0x5ea3</run_address>
         <size>0x123</size>
         <input_file_ref idref="fl-24"/>
      </object_component>
      <object_component id="oc-3b3">
         <name>.debug_info</name>
         <load_address>0x5fc6</load_address>
         <run_address>0x5fc6</run_address>
         <size>0x124</size>
         <input_file_ref idref="fl-25"/>
      </object_component>
      <object_component id="oc-c0">
         <name>.debug_info</name>
         <load_address>0x60ea</load_address>
         <run_address>0x60ea</run_address>
         <size>0x131</size>
         <input_file_ref idref="fl-26"/>
      </object_component>
      <object_component id="oc-dd">
         <name>.debug_info</name>
         <load_address>0x621b</load_address>
         <run_address>0x621b</run_address>
         <size>0x112</size>
         <input_file_ref idref="fl-30"/>
      </object_component>
      <object_component id="oc-b6">
         <name>.debug_info</name>
         <load_address>0x632d</load_address>
         <run_address>0x632d</run_address>
         <size>0x123</size>
         <input_file_ref idref="fl-31"/>
      </object_component>
      <object_component id="oc-bb">
         <name>.debug_info</name>
         <load_address>0x6450</load_address>
         <run_address>0x6450</run_address>
         <size>0x123</size>
         <input_file_ref idref="fl-32"/>
      </object_component>
      <object_component id="oc-2ec">
         <name>.debug_info</name>
         <load_address>0x6573</load_address>
         <run_address>0x6573</run_address>
         <size>0x124</size>
         <input_file_ref idref="fl-33"/>
      </object_component>
      <object_component id="oc-b2">
         <name>.debug_info</name>
         <load_address>0x6697</load_address>
         <run_address>0x6697</run_address>
         <size>0x100</size>
         <input_file_ref idref="fl-34"/>
      </object_component>
      <object_component id="oc-10c">
         <name>.debug_info</name>
         <load_address>0x6797</load_address>
         <run_address>0x6797</run_address>
         <size>0x17a</size>
         <input_file_ref idref="fl-34"/>
      </object_component>
      <object_component id="oc-2a9">
         <name>.debug_info</name>
         <load_address>0x6911</load_address>
         <run_address>0x6911</run_address>
         <size>0x47d</size>
         <input_file_ref idref="fl-35"/>
      </object_component>
      <object_component id="oc-1f6">
         <name>.debug_info</name>
         <load_address>0x6d8e</load_address>
         <run_address>0x6d8e</run_address>
         <size>0x1e0</size>
         <input_file_ref idref="fl-35"/>
      </object_component>
      <object_component id="oc-365">
         <name>.debug_info</name>
         <load_address>0x6f6e</load_address>
         <run_address>0x6f6e</run_address>
         <size>0x39</size>
         <input_file_ref idref="fl-35"/>
      </object_component>
      <object_component id="oc-371">
         <name>.debug_info</name>
         <load_address>0x6fa7</load_address>
         <run_address>0x6fa7</run_address>
         <size>0x2c</size>
         <input_file_ref idref="fl-35"/>
      </object_component>
      <object_component id="oc-2b4">
         <name>.debug_info</name>
         <load_address>0x6fd3</load_address>
         <run_address>0x6fd3</run_address>
         <size>0x2c</size>
         <input_file_ref idref="fl-35"/>
      </object_component>
      <object_component id="oc-36a">
         <name>.debug_info</name>
         <load_address>0x6fff</load_address>
         <run_address>0x6fff</run_address>
         <size>0xcd</size>
         <input_file_ref idref="fl-35"/>
      </object_component>
      <object_component id="oc-16a">
         <name>.debug_info</name>
         <load_address>0x70cc</load_address>
         <run_address>0x70cc</run_address>
         <size>0x1bf</size>
         <input_file_ref idref="fl-36"/>
      </object_component>
      <object_component id="oc-fa">
         <name>.debug_info</name>
         <load_address>0x728b</load_address>
         <run_address>0x728b</run_address>
         <size>0x1d2</size>
         <input_file_ref idref="fl-36"/>
      </object_component>
      <object_component id="oc-165">
         <name>.debug_info</name>
         <load_address>0x745d</load_address>
         <run_address>0x745d</run_address>
         <size>0x46</size>
         <input_file_ref idref="fl-36"/>
      </object_component>
      <object_component id="oc-142">
         <name>.debug_info</name>
         <load_address>0x74a3</load_address>
         <run_address>0x74a3</run_address>
         <size>0x2c</size>
         <input_file_ref idref="fl-36"/>
      </object_component>
      <object_component id="oc-16d">
         <name>.debug_info</name>
         <load_address>0x74cf</load_address>
         <run_address>0x74cf</run_address>
         <size>0x153</size>
         <input_file_ref idref="fl-39"/>
      </object_component>
      <object_component id="oc-2a3">
         <name>.debug_info</name>
         <load_address>0x7622</load_address>
         <run_address>0x7622</run_address>
         <size>0x150</size>
         <input_file_ref idref="fl-3a"/>
      </object_component>
      <object_component id="oc-db">
         <name>.debug_info</name>
         <load_address>0x7772</load_address>
         <run_address>0x7772</run_address>
         <size>0x180</size>
         <input_file_ref idref="fl-3b"/>
      </object_component>
      <object_component id="oc-3b">
         <name>.debug_info</name>
         <load_address>0x78f2</load_address>
         <run_address>0x78f2</run_address>
         <size>0x1ea</size>
         <input_file_ref idref="fl-3b"/>
      </object_component>
      <object_component id="oc-d6">
         <name>.debug_info</name>
         <load_address>0x7adc</load_address>
         <run_address>0x7adc</run_address>
         <size>0x46</size>
         <input_file_ref idref="fl-3b"/>
      </object_component>
      <object_component id="oc-147">
         <name>.debug_info</name>
         <load_address>0x7b22</load_address>
         <run_address>0x7b22</run_address>
         <size>0x2c</size>
         <input_file_ref idref="fl-3b"/>
      </object_component>
      <object_component id="oc-13f">
         <name>.debug_info</name>
         <load_address>0x7b4e</load_address>
         <run_address>0x7b4e</run_address>
         <size>0x176</size>
         <input_file_ref idref="fl-3c"/>
      </object_component>
      <object_component id="oc-35">
         <name>.debug_info</name>
         <load_address>0x7cc4</load_address>
         <run_address>0x7cc4</run_address>
         <size>0x292</size>
         <input_file_ref idref="fl-3c"/>
      </object_component>
      <object_component id="oc-c5">
         <name>.debug_info</name>
         <load_address>0x7f56</load_address>
         <run_address>0x7f56</run_address>
         <size>0x60</size>
         <input_file_ref idref="fl-3c"/>
      </object_component>
      <object_component id="oc-18e">
         <name>.debug_info</name>
         <load_address>0x7fb6</load_address>
         <run_address>0x7fb6</run_address>
         <size>0x46</size>
         <input_file_ref idref="fl-3c"/>
      </object_component>
      <object_component id="oc-13a">
         <name>.debug_info</name>
         <load_address>0x7ffc</load_address>
         <run_address>0x7ffc</run_address>
         <size>0x39</size>
         <input_file_ref idref="fl-3c"/>
      </object_component>
      <object_component id="oc-1ea">
         <name>.debug_info</name>
         <load_address>0x8035</load_address>
         <run_address>0x8035</run_address>
         <size>0x122</size>
         <input_file_ref idref="fl-3d"/>
      </object_component>
      <object_component id="oc-141">
         <name>.debug_info</name>
         <load_address>0x8157</load_address>
         <run_address>0x8157</run_address>
         <size>0x181</size>
         <input_file_ref idref="fl-40"/>
      </object_component>
      <object_component id="oc-d0">
         <name>.debug_info</name>
         <load_address>0x82d8</load_address>
         <run_address>0x82d8</run_address>
         <size>0x17a</size>
         <input_file_ref idref="fl-40"/>
      </object_component>
      <object_component id="oc-404">
         <name>.debug_info</name>
         <load_address>0x8452</load_address>
         <run_address>0x8452</run_address>
         <size>0x98</size>
      </object_component>
      <object_component id="oc-229">
         <name>.debug_line</name>
         <load_address>0x0</load_address>
         <run_address>0x0</run_address>
         <size>0x5c</size>
         <input_file_ref idref="fl-1"/>
      </object_component>
      <object_component id="oc-199">
         <name>.debug_line</name>
         <load_address>0x5c</load_address>
         <run_address>0x5c</run_address>
         <size>0x30</size>
         <input_file_ref idref="fl-1"/>
      </object_component>
      <object_component id="oc-1c8">
         <name>.debug_line</name>
         <load_address>0x8c</load_address>
         <run_address>0x8c</run_address>
         <size>0x41</size>
         <input_file_ref idref="fl-1"/>
      </object_component>
      <object_component id="oc-153">
         <name>.debug_line</name>
         <load_address>0xcd</load_address>
         <run_address>0xcd</run_address>
         <size>0x54</size>
         <input_file_ref idref="fl-1"/>
      </object_component>
      <object_component id="oc-1b6">
         <name>.debug_line</name>
         <load_address>0x121</load_address>
         <run_address>0x121</run_address>
         <size>0x44</size>
         <input_file_ref idref="fl-1"/>
      </object_component>
      <object_component id="oc-e5">
         <name>.debug_line</name>
         <load_address>0x165</load_address>
         <run_address>0x165</run_address>
         <size>0x49</size>
         <input_file_ref idref="fl-1"/>
      </object_component>
      <object_component id="oc-232">
         <name>.debug_line</name>
         <load_address>0x1ae</load_address>
         <run_address>0x1ae</run_address>
         <size>0x73</size>
         <input_file_ref idref="fl-1"/>
      </object_component>
      <object_component id="oc-cd">
         <name>.debug_line</name>
         <load_address>0x221</load_address>
         <run_address>0x221</run_address>
         <size>0x20</size>
         <input_file_ref idref="fl-1"/>
      </object_component>
      <object_component id="oc-2c6">
         <name>.debug_line</name>
         <load_address>0x241</load_address>
         <run_address>0x241</run_address>
         <size>0x77</size>
         <input_file_ref idref="fl-1"/>
      </object_component>
      <object_component id="oc-22d">
         <name>.debug_line</name>
         <load_address>0x2b8</load_address>
         <run_address>0x2b8</run_address>
         <size>0x74</size>
         <input_file_ref idref="fl-1"/>
      </object_component>
      <object_component id="oc-2d0">
         <name>.debug_line</name>
         <load_address>0x32c</load_address>
         <run_address>0x32c</run_address>
         <size>0x44</size>
         <input_file_ref idref="fl-2"/>
      </object_component>
      <object_component id="oc-377">
         <name>.debug_line</name>
         <load_address>0x370</load_address>
         <run_address>0x370</run_address>
         <size>0x5c</size>
         <input_file_ref idref="fl-3"/>
      </object_component>
      <object_component id="oc-235">
         <name>.debug_line</name>
         <load_address>0x3cc</load_address>
         <run_address>0x3cc</run_address>
         <size>0x30</size>
         <input_file_ref idref="fl-3"/>
      </object_component>
      <object_component id="oc-23a">
         <name>.debug_line</name>
         <load_address>0x3fc</load_address>
         <run_address>0x3fc</run_address>
         <size>0x40</size>
         <input_file_ref idref="fl-3"/>
      </object_component>
      <object_component id="oc-160">
         <name>.debug_line</name>
         <load_address>0x43c</load_address>
         <run_address>0x43c</run_address>
         <size>0x47</size>
         <input_file_ref idref="fl-3"/>
      </object_component>
      <object_component id="oc-1a4">
         <name>.debug_line</name>
         <load_address>0x483</load_address>
         <run_address>0x483</run_address>
         <size>0x4b</size>
         <input_file_ref idref="fl-3"/>
      </object_component>
      <object_component id="oc-eb">
         <name>.debug_line</name>
         <load_address>0x4ce</load_address>
         <run_address>0x4ce</run_address>
         <size>0x40</size>
         <input_file_ref idref="fl-3"/>
      </object_component>
      <object_component id="oc-3b0">
         <name>.debug_line</name>
         <load_address>0x50e</load_address>
         <run_address>0x50e</run_address>
         <size>0x7a</size>
         <input_file_ref idref="fl-4"/>
      </object_component>
      <object_component id="oc-37a">
         <name>.debug_line</name>
         <load_address>0x588</load_address>
         <run_address>0x588</run_address>
         <size>0x35</size>
         <input_file_ref idref="fl-4"/>
      </object_component>
      <object_component id="oc-241">
         <name>.debug_line</name>
         <load_address>0x5bd</load_address>
         <run_address>0x5bd</run_address>
         <size>0x47</size>
         <input_file_ref idref="fl-4"/>
      </object_component>
      <object_component id="oc-24d">
         <name>.debug_line</name>
         <load_address>0x604</load_address>
         <run_address>0x604</run_address>
         <size>0x4f</size>
         <input_file_ref idref="fl-4"/>
      </object_component>
      <object_component id="oc-37f">
         <name>.debug_line</name>
         <load_address>0x653</load_address>
         <run_address>0x653</run_address>
         <size>0x6c</size>
         <input_file_ref idref="fl-5"/>
      </object_component>
      <object_component id="oc-382">
         <name>.debug_line</name>
         <load_address>0x6bf</load_address>
         <run_address>0x6bf</run_address>
         <size>0x33</size>
         <input_file_ref idref="fl-5"/>
      </object_component>
      <object_component id="oc-2d9">
         <name>.debug_line</name>
         <load_address>0x6f2</load_address>
         <run_address>0x6f2</run_address>
         <size>0x50</size>
         <input_file_ref idref="fl-5"/>
      </object_component>
      <object_component id="oc-2e4">
         <name>.debug_line</name>
         <load_address>0x742</load_address>
         <run_address>0x742</run_address>
         <size>0x45</size>
         <input_file_ref idref="fl-5"/>
      </object_component>
      <object_component id="oc-2f7">
         <name>.debug_line</name>
         <load_address>0x787</load_address>
         <run_address>0x787</run_address>
         <size>0x49</size>
         <input_file_ref idref="fl-5"/>
      </object_component>
      <object_component id="oc-2fd">
         <name>.debug_line</name>
         <load_address>0x7d0</load_address>
         <run_address>0x7d0</run_address>
         <size>0xc2</size>
         <input_file_ref idref="fl-5"/>
      </object_component>
      <object_component id="oc-266">
         <name>.debug_line</name>
         <load_address>0x892</load_address>
         <run_address>0x892</run_address>
         <size>0x57</size>
         <input_file_ref idref="fl-5"/>
      </object_component>
      <object_component id="oc-306">
         <name>.debug_line</name>
         <load_address>0x8e9</load_address>
         <run_address>0x8e9</run_address>
         <size>0x49</size>
         <input_file_ref idref="fl-5"/>
      </object_component>
      <object_component id="oc-26f">
         <name>.debug_line</name>
         <load_address>0x932</load_address>
         <run_address>0x932</run_address>
         <size>0x50</size>
         <input_file_ref idref="fl-5"/>
      </object_component>
      <object_component id="oc-247">
         <name>.debug_line</name>
         <load_address>0x982</load_address>
         <run_address>0x982</run_address>
         <size>0x4d</size>
         <input_file_ref idref="fl-5"/>
      </object_component>
      <object_component id="oc-25d">
         <name>.debug_line</name>
         <load_address>0x9cf</load_address>
         <run_address>0x9cf</run_address>
         <size>0x57</size>
         <input_file_ref idref="fl-5"/>
      </object_component>
      <object_component id="oc-39f">
         <name>.debug_line</name>
         <load_address>0xa26</load_address>
         <run_address>0xa26</run_address>
         <size>0x98</size>
         <input_file_ref idref="fl-5"/>
      </object_component>
      <object_component id="oc-f1">
         <name>.debug_line</name>
         <load_address>0xabe</load_address>
         <run_address>0xabe</run_address>
         <size>0x44</size>
         <input_file_ref idref="fl-5"/>
      </object_component>
      <object_component id="oc-347">
         <name>.debug_line</name>
         <load_address>0xb02</load_address>
         <run_address>0xb02</run_address>
         <size>0xbb</size>
         <input_file_ref idref="fl-7"/>
      </object_component>
      <object_component id="oc-2ea">
         <name>.debug_line</name>
         <load_address>0xbbd</load_address>
         <run_address>0xbbd</run_address>
         <size>0x30</size>
         <input_file_ref idref="fl-7"/>
      </object_component>
      <object_component id="oc-301">
         <name>.debug_line</name>
         <load_address>0xbed</load_address>
         <run_address>0xbed</run_address>
         <size>0x30</size>
         <input_file_ref idref="fl-7"/>
      </object_component>
      <object_component id="oc-30a">
         <name>.debug_line</name>
         <load_address>0xc1d</load_address>
         <run_address>0xc1d</run_address>
         <size>0x30</size>
         <input_file_ref idref="fl-7"/>
      </object_component>
      <object_component id="oc-349">
         <name>.debug_line</name>
         <load_address>0xc4d</load_address>
         <run_address>0xc4d</run_address>
         <size>0x30</size>
         <input_file_ref idref="fl-7"/>
      </object_component>
      <object_component id="oc-34d">
         <name>.debug_line</name>
         <load_address>0xc7d</load_address>
         <run_address>0xc7d</run_address>
         <size>0x30</size>
         <input_file_ref idref="fl-7"/>
      </object_component>
      <object_component id="oc-34b">
         <name>.debug_line</name>
         <load_address>0xcad</load_address>
         <run_address>0xcad</run_address>
         <size>0x30</size>
         <input_file_ref idref="fl-7"/>
      </object_component>
      <object_component id="oc-2df">
         <name>.debug_line</name>
         <load_address>0xcdd</load_address>
         <run_address>0xcdd</run_address>
         <size>0x2d</size>
         <input_file_ref idref="fl-7"/>
      </object_component>
      <object_component id="oc-f7">
         <name>.debug_line</name>
         <load_address>0xd0a</load_address>
         <run_address>0xd0a</run_address>
         <size>0x40</size>
         <input_file_ref idref="fl-7"/>
      </object_component>
      <object_component id="oc-1aa">
         <name>.debug_line</name>
         <load_address>0xd4a</load_address>
         <run_address>0xd4a</run_address>
         <size>0x3f</size>
         <input_file_ref idref="fl-7"/>
      </object_component>
      <object_component id="oc-1bc">
         <name>.debug_line</name>
         <load_address>0xd89</load_address>
         <run_address>0xd89</run_address>
         <size>0x41</size>
         <input_file_ref idref="fl-7"/>
      </object_component>
      <object_component id="oc-1c2">
         <name>.debug_line</name>
         <load_address>0xdca</load_address>
         <run_address>0xdca</run_address>
         <size>0x43</size>
         <input_file_ref idref="fl-7"/>
      </object_component>
      <object_component id="oc-1e0">
         <name>.debug_line</name>
         <load_address>0xe0d</load_address>
         <run_address>0xe0d</run_address>
         <size>0x3d</size>
         <input_file_ref idref="fl-7"/>
      </object_component>
      <object_component id="oc-1d4">
         <name>.debug_line</name>
         <load_address>0xe4a</load_address>
         <run_address>0xe4a</run_address>
         <size>0x47</size>
         <input_file_ref idref="fl-7"/>
      </object_component>
      <object_component id="oc-1da">
         <name>.debug_line</name>
         <load_address>0xe91</load_address>
         <run_address>0xe91</run_address>
         <size>0x45</size>
         <input_file_ref idref="fl-7"/>
      </object_component>
      <object_component id="oc-1e6">
         <name>.debug_line</name>
         <load_address>0xed6</load_address>
         <run_address>0xed6</run_address>
         <size>0x4b</size>
         <input_file_ref idref="fl-7"/>
      </object_component>
      <object_component id="oc-176">
         <name>.debug_line</name>
         <load_address>0xf21</load_address>
         <run_address>0xf21</run_address>
         <size>0x6b</size>
         <input_file_ref idref="fl-7"/>
      </object_component>
      <object_component id="oc-345">
         <name>.debug_line</name>
         <load_address>0xf8c</load_address>
         <run_address>0xf8c</run_address>
         <size>0x4d</size>
         <input_file_ref idref="fl-8"/>
      </object_component>
      <object_component id="oc-30c">
         <name>.debug_line</name>
         <load_address>0xfd9</load_address>
         <run_address>0xfd9</run_address>
         <size>0x2d</size>
         <input_file_ref idref="fl-8"/>
      </object_component>
      <object_component id="oc-392">
         <name>.debug_line</name>
         <load_address>0x1006</load_address>
         <run_address>0x1006</run_address>
         <size>0x40</size>
         <input_file_ref idref="fl-8"/>
      </object_component>
      <object_component id="oc-311">
         <name>.debug_line</name>
         <load_address>0x1046</load_address>
         <run_address>0x1046</run_address>
         <size>0x42</size>
         <input_file_ref idref="fl-8"/>
      </object_component>
      <object_component id="oc-317">
         <name>.debug_line</name>
         <load_address>0x1088</load_address>
         <run_address>0x1088</run_address>
         <size>0x41</size>
         <input_file_ref idref="fl-8"/>
      </object_component>
      <object_component id="oc-31d">
         <name>.debug_line</name>
         <load_address>0x10c9</load_address>
         <run_address>0x10c9</run_address>
         <size>0x3d</size>
         <input_file_ref idref="fl-8"/>
      </object_component>
      <object_component id="oc-323">
         <name>.debug_line</name>
         <load_address>0x1106</load_address>
         <run_address>0x1106</run_address>
         <size>0x3d</size>
         <input_file_ref idref="fl-8"/>
      </object_component>
      <object_component id="oc-329">
         <name>.debug_line</name>
         <load_address>0x1143</load_address>
         <run_address>0x1143</run_address>
         <size>0x4a</size>
         <input_file_ref idref="fl-8"/>
      </object_component>
      <object_component id="oc-32f">
         <name>.debug_line</name>
         <load_address>0x118d</load_address>
         <run_address>0x118d</run_address>
         <size>0x40</size>
         <input_file_ref idref="fl-8"/>
      </object_component>
      <object_component id="oc-341">
         <name>.debug_line</name>
         <load_address>0x11cd</load_address>
         <run_address>0x11cd</run_address>
         <size>0x41</size>
         <input_file_ref idref="fl-8"/>
      </object_component>
      <object_component id="oc-33b">
         <name>.debug_line</name>
         <load_address>0x120e</load_address>
         <run_address>0x120e</run_address>
         <size>0x41</size>
         <input_file_ref idref="fl-8"/>
      </object_component>
      <object_component id="oc-335">
         <name>.debug_line</name>
         <load_address>0x124f</load_address>
         <run_address>0x124f</run_address>
         <size>0x4c</size>
         <input_file_ref idref="fl-8"/>
      </object_component>
      <object_component id="oc-27d">
         <name>.debug_line</name>
         <load_address>0x129b</load_address>
         <run_address>0x129b</run_address>
         <size>0x5a</size>
         <input_file_ref idref="fl-8"/>
      </object_component>
      <object_component id="oc-1ce">
         <name>.debug_line</name>
         <load_address>0x12f5</load_address>
         <run_address>0x12f5</run_address>
         <size>0x51</size>
         <input_file_ref idref="fl-8"/>
      </object_component>
      <object_component id="oc-2dd">
         <name>.debug_line</name>
         <load_address>0x1346</load_address>
         <run_address>0x1346</run_address>
         <size>0x69</size>
         <input_file_ref idref="fl-9"/>
      </object_component>
      <object_component id="oc-1b0">
         <name>.debug_line</name>
         <load_address>0x13af</load_address>
         <run_address>0x13af</run_address>
         <size>0x41</size>
         <input_file_ref idref="fl-9"/>
      </object_component>
      <object_component id="oc-38c">
         <name>.debug_line</name>
         <load_address>0x13f0</load_address>
         <run_address>0x13f0</run_address>
         <size>0x44</size>
         <input_file_ref idref="fl-9"/>
      </object_component>
      <object_component id="oc-3bc">
         <name>.debug_line</name>
         <load_address>0x1434</load_address>
         <run_address>0x1434</run_address>
         <size>0x4e</size>
         <input_file_ref idref="fl-24"/>
      </object_component>
      <object_component id="oc-3b6">
         <name>.debug_line</name>
         <load_address>0x1482</load_address>
         <run_address>0x1482</run_address>
         <size>0x43</size>
         <input_file_ref idref="fl-25"/>
      </object_component>
      <object_component id="oc-c3">
         <name>.debug_line</name>
         <load_address>0x14c5</load_address>
         <run_address>0x14c5</run_address>
         <size>0x40</size>
         <input_file_ref idref="fl-26"/>
      </object_component>
      <object_component id="oc-e0">
         <name>.debug_line</name>
         <load_address>0x1505</load_address>
         <run_address>0x1505</run_address>
         <size>0x3d</size>
         <input_file_ref idref="fl-30"/>
      </object_component>
      <object_component id="oc-b9">
         <name>.debug_line</name>
         <load_address>0x1542</load_address>
         <run_address>0x1542</run_address>
         <size>0x4e</size>
         <input_file_ref idref="fl-31"/>
      </object_component>
      <object_component id="oc-be">
         <name>.debug_line</name>
         <load_address>0x1590</load_address>
         <run_address>0x1590</run_address>
         <size>0x5e</size>
         <input_file_ref idref="fl-32"/>
      </object_component>
      <object_component id="oc-2ef">
         <name>.debug_line</name>
         <load_address>0x15ee</load_address>
         <run_address>0x15ee</run_address>
         <size>0x42</size>
         <input_file_ref idref="fl-33"/>
      </object_component>
      <object_component id="oc-136">
         <name>.debug_line</name>
         <load_address>0x1630</load_address>
         <run_address>0x1630</run_address>
         <size>0x2a</size>
         <input_file_ref idref="fl-34"/>
      </object_component>
      <object_component id="oc-10f">
         <name>.debug_line</name>
         <load_address>0x165a</load_address>
         <run_address>0x165a</run_address>
         <size>0x46</size>
         <input_file_ref idref="fl-34"/>
      </object_component>
      <object_component id="oc-364">
         <name>.debug_line</name>
         <load_address>0x16a0</load_address>
         <run_address>0x16a0</run_address>
         <size>0xc2</size>
         <input_file_ref idref="fl-35"/>
      </object_component>
      <object_component id="oc-1f9">
         <name>.debug_line</name>
         <load_address>0x1762</load_address>
         <run_address>0x1762</run_address>
         <size>0x76</size>
         <input_file_ref idref="fl-35"/>
      </object_component>
      <object_component id="oc-368">
         <name>.debug_line</name>
         <load_address>0x17d8</load_address>
         <run_address>0x17d8</run_address>
         <size>0x2e</size>
[...]
      </symbol>
      <symbol id="sm-69">
         <name>__c_args__</name>
         <value>0xffffffff</value>
      </symbol>
      <symbol id="sm-6a">
         <name>__TI_pprof_out_hndl</name>
         <value>0xffffffff</value>
      </symbol>
      <symbol id="sm-6b">
         <name>__TI_prof_data_start</name>
         <value>0xffffffff</value>
      </symbol>
      <symbol id="sm-6c">
         <name>__TI_prof_data_size</name>
         <value>0xffffffff</value>
      </symbol>
      <symbol id="sm-db">
         <name>__TI_int03</name>
         <value>0xffe6</value>
         <object_component_ref idref="oc-42"/>
      </symbol>
      <symbol id="sm-dc">
         <name>wait_for_bounce</name>
         <value>0xc6a6</value>
         <object_component_ref idref="oc-14f"/>
      </symbol>
      <symbol id="sm-dd">
         <name>wait_for_button_press</name>
         <value>0xcbd0</value>
         <object_component_ref idref="oc-1c4"/>
      </symbol>
      <symbol id="sm-de">
         <name>Port_2</name>
         <value>0xc84c</value>
         <object_component_ref idref="oc-e1"/>
      </symbol>
      <symbol id="sm-df">
         <name>init_buttons</name>
         <value>0xc9d4</value>
         <object_component_ref idref="oc-1b2"/>
      </symbol>
      <symbol id="sm-eb">
         <name>wait_ms</name>
         <value>0xcaf8</value>
         <object_component_ref idref="oc-2cc"/>
      </symbol>
      <symbol id="sm-115">
         <name>lfsr</name>
         <value>0x212</value>
         <object_component_ref idref="oc-19a"/>
      </symbol>
      <symbol id="sm-116">
         <name>ADC10_ISR</name>
         <value>0xcbda</value>
         <object_component_ref idref="oc-e7"/>
      </symbol>
      <symbol id="sm-117">
         <name>__TI_int05</name>
         <value>0xffea</value>
         <object_component_ref idref="oc-43"/>
      </symbol>
      <symbol id="sm-118">
         <name>init_rand_adc_seed</name>
         <value>0xc664</value>
         <object_component_ref idref="oc-1a0"/>
      </symbol>
      <symbol id="sm-119">
         <name>rand</name>
         <value>0xc7a0</value>
         <object_component_ref idref="oc-15c"/>
      </symbol>
      <symbol id="sm-11a">
         <name>srand</name>
         <value>0xcbf0</value>
         <object_component_ref idref="oc-236"/>
      </symbol>
      <symbol id="sm-133">
         <name>init_cmd_array</name>
         <value>0xce7c</value>
         <object_component_ref idref="oc-2d2"/>
      </symbol>
      <symbol id="sm-134">
         <name>init_ports</name>
         <value>0xcb82</value>
         <object_component_ref idref="oc-23d"/>
      </symbol>
      <symbol id="sm-135">
         <name>init_LCD</name>
         <value>0xc814</value>
         <object_component_ref idref="oc-249"/>
      </symbol>
      <symbol id="sm-1bf">
         <name>byte</name>
         <value>0x225</value>
      </symbol>
      <symbol id="sm-1c0">
         <name>bit_num</name>
         <value>0x224</value>
      </symbol>
      <symbol id="sm-1c1">
         <name>fill_display</name>
         <value>0xc6e8</value>
         <object_component_ref idref="oc-259"/>
      </symbol>
      <symbol id="sm-1c2">
         <name>ascii_table</name>
         <value>0xcbfc</value>
         <object_component_ref idref="oc-2f0"/>
      </symbol>
      <symbol id="sm-1c3">
         <name>__TI_int06</name>
         <value>0xffec</value>
         <object_component_ref idref="oc-44"/>
      </symbol>
      <symbol id="sm-1c4">
         <name>write_small_string</name>
         <value>0xc7da</value>
         <object_component_ref idref="oc-26b"/>
      </symbol>
      <symbol id="sm-1c5">
         <name>send_data_array</name>
         <value>0xcab4</value>
         <object_component_ref idref="oc-2f3"/>
      </symbol>
      <symbol id="sm-1c6">
         <name>USCI</name>
         <value>0xcbbc</value>
         <object_component_ref idref="oc-ed"/>
      </symbol>
      <symbol id="sm-1c7">
         <name>draw_rect</name>
         <value>0xc178</value>
         <object_component_ref idref="oc-39b"/>
      </symbol>
      <symbol id="sm-1c8">
         <name>convert_font_size</name>
         <value>0xc000</value>
         <object_component_ref idref="oc-2f9"/>
      </symbol>
      <symbol id="sm-1c9">
         <name>set_cursor</name>
         <value>0xc964</value>
         <object_component_ref idref="oc-2e0"/>
      </symbol>
      <symbol id="sm-1ca">
         <name>set_instruction</name>
         <value>0xca12</value>
         <object_component_ref idref="oc-2d5"/>
      </symbol>
      <symbol id="sm-1cb">
         <name>write_string</name>
         <value>0xc264</value>
         <object_component_ref idref="oc-262"/>
      </symbol>
      <symbol id="sm-1cc">
         <name>write_char</name>
         <value>0xc4a0</value>
         <object_component_ref idref="oc-302"/>
      </symbol>
      <symbol id="sm-1cd">
         <name>init_USCI</name>
         <value>0xc8e0</value>
         <object_component_ref idref="oc-243"/>
      </symbol>
      <symbol id="sm-24b">
         <name>str_left_winner</name>
         <value>0xcec2</value>
         <object_component_ref idref="oc-28c"/>
      </symbol>
      <symbol id="sm-24c">
         <name>__TI_int10</name>
         <value>0xfff4</value>
         <object_component_ref idref="oc-48"/>
      </symbol>
      <symbol id="sm-24d">
         <name>str_continue</name>
         <value>0xcece</value>
         <object_component_ref idref="oc-284"/>
      </symbol>
      <symbol id="sm-24e">
         <name>watchdog_timer</name>
         <value>0xca82</value>
         <object_component_ref idref="oc-f3"/>
      </symbol>
      <symbol id="sm-24f">
         <name>main</name>
         <value>0xc2e8</value>
         <object_component_ref idref="oc-172"/>
      </symbol>
      <symbol id="sm-250">
         <name>str_subtitle</name>
         <value>0xce96</value>
         <object_component_ref idref="oc-268"/>
      </symbol>
      <symbol id="sm-251">
         <name>str_title</name>
         <value>0xceb6</value>
         <object_component_ref idref="oc-25f"/>
      </symbol>
      <symbol id="sm-252">
         <name>str_right_winner</name>
         <value>0xceaa</value>
         <object_component_ref idref="oc-289"/>
      </symbol>
      <symbol id="sm-253">
         <name>str_subtitle2</name>
         <value>0xced8</value>
         <object_component_ref idref="oc-271"/>
      </symbol>
      <symbol id="sm-2da">
         <name>play_pong_round</name>
         <value>0xc4f0</value>
         <object_component_ref idref="oc-1ca"/>
      </symbol>
      <symbol id="sm-2ef">
         <name>pot_vals</name>
         <value>0x220</value>
      </symbol>
      <symbol id="sm-2f0">
         <name>get_pots</name>
         <value>0xca9c</value>
         <object_component_ref idref="oc-388"/>
      </symbol>
      <symbol id="sm-2f1">
         <name>init_pots</name>
         <value>0xc9f4</value>
         <object_component_ref idref="oc-1ac"/>
      </symbol>
      <symbol id="sm-2f9">
         <name>__mspabi_srai</name>
         <value>0xc90c</value>
         <object_component_ref idref="oc-3b8"/>
      </symbol>
      <symbol id="sm-2fa">
         <name>__mspabi_srai_8</name>
         <value>0xc926</value>
         <object_component_ref idref="oc-3b8"/>
      </symbol>
      <symbol id="sm-2fb">
         <name>__mspabi_srai_9</name>
         <value>0xc924</value>
         <object_component_ref idref="oc-3b8"/>
      </symbol>
      <symbol id="sm-2fc">
         <name>__mspabi_srai_6</name>
         <value>0xc92a</value>
         <object_component_ref idref="oc-3b8"/>
      </symbol>
      <symbol id="sm-2fd">
         <name>__mspabi_srai_7</name>
         <value>0xc928</value>
         <object_component_ref idref="oc-3b8"/>
      </symbol>
      <symbol id="sm-2fe">
         <name>__mspabi_srai_4</name>
         <value>0xc92e</value>
         <object_component_ref idref="oc-3b8"/>
      </symbol>
      <symbol id="sm-2ff">
         <name>__mspabi_srai_5</name>
         <value>0xc92c</value>
         <object_component_ref idref="oc-3b8"/>
      </symbol>
      <symbol id="sm-300">
         <name>__mspabi_srai_2</name>
         <value>0xc932</value>
         <object_component_ref idref="oc-3b8"/>
      </symbol>
      <symbol id="sm-301">
         <name>__mspabi_srai_3</name>
         <value>0xc930</value>
         <object_component_ref idref="oc-3b8"/>
      </symbol>
      <symbol id="sm-302">
         <name>__mspabi_srai_1</name>
         <value>0xc934</value>
         <object_component_ref idref="oc-3b8"/>
      </symbol>
      <symbol id="sm-303">
         <name>__mspabi_srai_15</name>
         <value>0xc918</value>
         <object_component_ref idref="oc-3b8"/>
      </symbol>
      <symbol id="sm-304">
         <name>__mspabi_srai_14</name>
         <value>0xc91a</value>
         <object_component_ref idref="oc-3b8"/>
      </symbol>
      <symbol id="sm-305">
         <name>__mspabi_srai_13</name>
         <value>0xc91c</value>
         <object_component_ref idref="oc-3b8"/>
      </symbol>
      <symbol id="sm-306">
         <name>__mspabi_srai_12</name>
         <value>0xc91e</value>
         <object_component_ref idref="oc-3b8"/>
      </symbol>
      <symbol id="sm-307">
         <name>__mspabi_srai_11</name>
         <value>0xc920</value>
         <object_component_ref idref="oc-3b8"/>
      </symbol>
      <symbol id="sm-308">
         <name>__mspabi_srai_10</name>
         <value>0xc922</value>
         <object_component_ref idref="oc-3b8"/>
      </symbol>
      <symbol id="sm-312">
         <name>__mspabi_remu</name>
         <value>0xcae2</value>
         <object_component_ref idref="oc-3b2"/>
      </symbol>
      <symbol id="sm-313">
         <name>__mspabi_divu</name>
         <value>0xcae2</value>
         <object_component_ref idref="oc-3b2"/>
      </symbol>
      <symbol id="sm-31c">
         <name>__mspabi_func_epilog_2</name>
         <value>0xcb9c</value>
         <object_component_ref idref="oc-bf"/>
      </symbol>
      <symbol id="sm-31d">
         <name>__mspabi_func_epilog_3</name>
         <value>0xcb9a</value>
         <object_component_ref idref="oc-bf"/>
      </symbol>
      <symbol id="sm-31e">
         <name>__mspabi_func_epilog_1</name>
         <value>0xcb9e</value>
         <object_component_ref idref="oc-bf"/>
      </symbol>
      <symbol id="sm-31f">
         <name>__mspabi_func_epilog_6</name>
         <value>0xcb94</value>
         <object_component_ref idref="oc-bf"/>
      </symbol>
      <symbol id="sm-320">
         <name>__mspabi_func_epilog_7</name>
         <value>0xcb92</value>
         <object_component_ref idref="oc-bf"/>
      </symbol>
      <symbol id="sm-321">
         <name>__mspabi_func_epilog_4</name>
         <value>0xcb98</value>
         <object_component_ref idref="oc-bf"/>
      </symbol>
      <symbol id="sm-322">
         <name>__mspabi_func_epilog_5</name>
         <value>0xcb96</value>
         <object_component_ref idref="oc-bf"/>
      </symbol>
      <symbol id="sm-325">
         <name>__TI_int00</name>
         <value>0xffe0</value>
         <object_component_ref idref="oc-40"/>
      </symbol>
      <symbol id="sm-328">
         <name>__TI_int02</name>
         <value>0xffe4</value>
         <object_component_ref idref="oc-41"/>
      </symbol>
      <symbol id="sm-32b">
         <name>__TI_int07</name>
         <value>0xffee</value>
         <object_component_ref idref="oc-45"/>
      </symbol>
      <symbol id="sm-32e">
         <name>__TI_int08</name>
         <value>0xfff0</value>
         <object_component_ref idref="oc-46"/>
      </symbol>
      <symbol id="sm-331">
         <name>__TI_int09</name>
         <value>0xfff2</value>
         <object_component_ref idref="oc-47"/>
      </symbol>
      <symbol id="sm-334">
         <name>__TI_int11</name>
         <value>0xfff6</value>
         <object_component_ref idref="oc-49"/>
      </symbol>
      <symbol id="sm-337">
         <name>__TI_int12</name>
         <value>0xfff8</value>
         <object_component_ref idref="oc-4a"/>
      </symbol>
      <symbol id="sm-33a">
         <name>__TI_int13</name>
         <value>0xfffa</value>
         <object_component_ref idref="oc-4b"/>
      </symbol>
      <symbol id="sm-33d">
         <name>__TI_int14</name>
         <value>0xfffc</value>
         <object_component_ref idref="oc-4c"/>
      </symbol>
      <symbol id="sm-345">
         <name>__TI_ISR_TRAP</name>
         <value>0xcbe2</value>
         <object_component_ref idref="oc-dc"/>
      </symbol>
      <symbol id="sm-34d">
         <name>__mspabi_slli</name>
         <value>0xc938</value>
         <object_component_ref idref="oc-b5"/>
      </symbol>
      <symbol id="sm-34e">
         <name>__mspabi_slli_9</name>
         <value>0xc950</value>
         <object_component_ref idref="oc-b5"/>
      </symbol>
      <symbol id="sm-34f">
         <name>__mspabi_slli_8</name>
         <value>0xc952</value>
         <object_component_ref idref="oc-b5"/>
      </symbol>
      <symbol id="sm-350">
         <name>__mspabi_slli_7</name>
         <value>0xc954</value>
         <object_component_ref idref="oc-b5"/>
      </symbol>
      <symbol id="sm-351">
         <name>__mspabi_slli_6</name>
         <value>0xc956</value>
         <object_component_ref idref="oc-b5"/>
      </symbol>
      <symbol id="sm-352">
         <name>__mspabi_slli_5</name>
         <value>0xc958</value>
         <object_component_ref idref="oc-b5"/>
      </symbol>
      <symbol id="sm-353">
         <name>__mspabi_slli_4</name>
         <value>0xc95a</value>
         <object_component_ref idref="oc-b5"/>
      </symbol>
      <symbol id="sm-354">
         <name>__mspabi_slli_3</name>
         <value>0xc95c</value>
         <object_component_ref idref="oc-b5"/>
      </symbol>
      <symbol id="sm-355">
         <name>__mspabi_slli_2</name>
         <value>0xc95e</value>
         <object_component_ref idref="oc-b5"/>
      </symbol>
      <symbol id="sm-356">
         <name>__mspabi_slli_1</name>
         <value>0xc960</value>
         <object_component_ref idref="oc-b5"/>
      </symbol>
      <symbol id="sm-357">
         <name>__mspabi_slli_15</name>
         <value>0xc944</value>
         <object_component_ref idref="oc-b5"/>
      </symbol>
      <symbol id="sm-358">
         <name>__mspabi_slli_14</name>
         <value>0xc946</value>
         <object_component_ref idref="oc-b5"/>
      </symbol>
      <symbol id="sm-359">
         <name>__mspabi_slli_13</name>
         <value>0xc948</value>
         <object_component_ref idref="oc-b5"/>
      </symbol>
      <symbol id="sm-35a">
         <name>__mspabi_slli_12</name>
         <value>0xc94a</value>
         <object_component_ref idref="oc-b5"/>
      </symbol>
      <symbol id="sm-35b">
         <name>__mspabi_slli_11</name>
         <value>0xc94c</value>
         <object_component_ref idref="oc-b5"/>
      </symbol>
      <symbol id="sm-35c">
         <name>__mspabi_slli_10</name>
         <value>0xc94e</value>
         <object_component_ref idref="oc-b5"/>
      </symbol>
      <symbol id="sm-364">
         <name>__mspabi_srli_8</name>
         <value>0xc5b6</value>
         <object_component_ref idref="oc-ba"/>
      </symbol>
      <symbol id="sm-365">
         <name>__mspabi_srli_9</name>
         <value>0xc5b2</value>
         <object_component_ref idref="oc-ba"/>
      </symbol>
      <symbol id="sm-366">
         <name>__mspabi_srli_6</name>
         <value>0xc5be</value>
         <object_component_ref idref="oc-ba"/>
      </symbol>
      <symbol id="sm-367">
         <name>__mspabi_srli_7</name>
         <value>0xc5ba</value>
         <object_component_ref idref="oc-ba"/>
      </symbol>
      <symbol id="sm-368">
         <name>__mspabi_srli_4</name>
         <value>0xc5c6</value>
         <object_component_ref idref="oc-ba"/>
      </symbol>
      <symbol id="sm-369">
         <name>__mspabi_srli_5</name>
         <value>0xc5c2</value>
         <object_component_ref idref="oc-ba"/>
      </symbol>
      <symbol id="sm-36a">
         <name>__mspabi_srli_2</name>
         <value>0xc5ce</value>
         <object_component_ref idref="oc-ba"/>
      </symbol>
      <symbol id="sm-36b">
         <name>__mspabi_srli_3</name>
         <value>0xc5ca</value>
         <object_component_ref idref="oc-ba"/>
      </symbol>
      <symbol id="sm-36c">
         <name>__mspabi_srli_1</name>
         <value>0xc5d2</value>
         <object_component_ref idref="oc-ba"/>
      </symbol>
      <symbol id="sm-36d">
         <name>__mspabi_srli</name>
         <value>0xc58c</value>
         <object_component_ref idref="oc-ba"/>
      </symbol>
      <symbol id="sm-36e">
         <name>__mspabi_srli_15</name>
         <value>0xc59a</value>
         <object_component_ref idref="oc-ba"/>
      </symbol>
      <symbol id="sm-36f">
         <name>__mspabi_srli_14</name>
         <value>0xc59e</value>
         <object_component_ref idref="oc-ba"/>
      </symbol>
      <symbol id="sm-370">
         <name>__mspabi_srli_13</name>
         <value>0xc5a2</value>
         <object_component_ref idref="oc-ba"/>
      </symbol>
      <symbol id="sm-371">
         <name>__mspabi_srli_12</name>
         <value>0xc5a6</value>
         <object_component_ref idref="oc-ba"/>
      </symbol>
      <symbol id="sm-372">
         <name>__mspabi_srli_11</name>
         <value>0xc5aa</value>
         <object_component_ref idref="oc-ba"/>
      </symbol>
      <symbol id="sm-373">
         <name>__mspabi_srli_10</name>
         <value>0xc5ae</value>
         <object_component_ref idref="oc-ba"/>
      </symbol>
      <symbol id="sm-37d">
         <name>__mspabi_mpyi_sw</name>
         <value>0xcb36</value>
         <object_component_ref idref="oc-2eb"/>
      </symbol>
      <symbol id="sm-37e">
         <name>__mspabi_mpyi</name>
         <value>0xcb36</value>
         <object_component_ref idref="oc-2eb"/>
      </symbol>
      <symbol id="sm-38e">
         <name>_stack</name>
         <value>0x3b0</value>
         <object_component_ref idref="oc-b1"/>
      </symbol>
      <symbol id="sm-38f">
         <name>_c_int00_noargs</name>
         <value>0xca30</value>
         <object_component_ref idref="oc-10b"/>
      </symbol>
      <symbol id="sm-390">
         <name>_reset_vector</name>
         <value>0xfffe</value>
         <object_component_ref idref="oc-b4"/>
      </symbol>
      <symbol id="sm-3b2">
         <name>__TI_auto_init_nobinit_nopinit</name>
         <value>0xc622</value>
         <object_component_ref idref="oc-1f5"/>
      </symbol>
      <symbol id="sm-3ca">
         <name>__TI_zero_init_nomemset</name>
         <value>0xcb22</value>
         <object_component_ref idref="oc-f9"/>
      </symbol>
      <symbol id="sm-3d5">
         <name>_system_pre_init</name>
         <value>0xcbf6</value>
         <object_component_ref idref="oc-16c"/>
      </symbol>
      <symbol id="sm-3de">
         <name>_system_post_cinit</name>
         <value>0xcbfa</value>
         <object_component_ref idref="oc-2a2"/>
      </symbol>
      <symbol id="sm-3f4">
         <name>__TI_decompress_none</name>
         <value>0xcb5e</value>
         <object_component_ref idref="oc-3a"/>
      </symbol>
      <symbol id="sm-417">
         <name>__TI_decompress_lzss</name>
         <value>0xc366</value>
         <object_component_ref idref="oc-34"/>
      </symbol>
      <symbol id="sm-421">
         <name>C$$EXIT</name>
         <value>0xcbea</value>
         <object_component_ref idref="oc-1e9"/>
      </symbol>
      <symbol id="sm-422">
         <name>abort</name>
         <value>0xcbea</value>
         <object_component_ref idref="oc-1e9"/>
      </symbol>
      <symbol id="sm-432">
         <name>memcpy</name>
         <value>0xcb70</value>
         <object_component_ref idref="oc-cf"/>
      </symbol>
   </symbol_table>
   <title>Link successful</title>
</link_info>
