******************************************************************************
                  MSP430 Linker Unix v18.1.5                   
******************************************************************************
>> Linked Tue Apr 30 20:30:33 2019

OUTPUT FILE NAME:   <software.out>
ENTRY POINT SYMBOL: "_c_int00_noargs"  address: 0000ca30


MEMORY CONFIGURATION

         name            origin    length      used     unused   attr    fill
----------------------  --------  ---------  --------  --------  ----  --------
  SFR                   00000000   00000010  00000000  00000010  RWIX
  PERIPHERALS_8BIT      00000010   000000f0  00000000  000000f0  RWIX
  PERIPHERALS_16BIT     00000100   00000100  00000000  00000100  RWIX
  RAM                   00000200   00000200  00000076  0000018a  RWIX
  INFOD                 00001000   00000040  00000000  00000040  RWIX
  INFOC                 00001040   00000040  00000000  00000040  RWIX
  INFOB                 00001080   00000040  00000000  00000040  RWIX
  INFOA                 000010c0   00000040  00000000  00000040  RWIX
  FLASH                 0000c000   00003fde  00000f05  000030d9  RWIX
  BSLSIGNATURE          0000ffde   00000002  00000002  00000000  RWIX  ffff 
  INT00                 0000ffe0   00000002  00000002  00000000  RWIX
  INT01                 0000ffe2   00000002  00000000  00000002  RWIX
  INT02                 0000ffe4   00000002  00000002  00000000  RWIX
  INT03                 0000ffe6   00000002  00000002  00000000  RWIX
  INT04                 0000ffe8   00000002  00000000  00000002  RWIX
  INT05                 0000ffea   00000002  00000002  00000000  RWIX
  INT06                 0000ffec   00000002  00000002  00000000  RWIX
  INT07                 0000ffee   00000002  00000002  00000000  RWIX
  INT08                 0000fff0   00000002  00000002  00000000  RWIX
  INT09                 0000fff2   00000002  00000002  00000000  RWIX
  INT10                 0000fff4   00000002  00000002  00000000  RWIX
  INT11                 0000fff6   00000002  00000002  00000000  RWIX
  INT12                 0000fff8   00000002  00000002  00000000  RWIX
  INT13                 0000fffa   00000002  00000002  00000000  RWIX
  INT14                 0000fffc   00000002  00000002  00000000  RWIX
  RESET                 0000fffe   00000002  00000002  00000000  RWIX


SECTION ALLOCATION MAP

 output                                  attributes/
section   page    origin      length       input sections
--------  ----  ----------  ----------   ----------------
.data      0    00000200    00000014     UNINITIALIZED
                  00000200    0000000b     main.obj (.data:score_str$1)
                  0000020b    00000001     --HOLE--
                  0000020c    00000004     main.obj (.data)
                  00000210    00000002     buttons.obj (.data)
                  00000212    00000002     erandom.obj (.data)

.bss       0    00000214    00000012     UNINITIALIZED
                  00000214    0000000c     pong.obj (.bss)
                  00000220    00000004     (.common:pot_vals)
                  00000224    00000001     (.common:bit_num)
                  00000225    00000001     (.common:byte)

.stack     0    000003b0    00000050     UNINITIALIZED
                  000003b0    00000002     rts430_eabi.lib : boot.c.obj (.stack)
                  000003b2    0000004e     --HOLE--

.text      0    0000c000    00000bfc     
                  0000c000    00000178     lib_lcd.obj (.text:convert_font_size)
                  0000c178    000000ec     lib_lcd.obj (.text:draw_rect)
                  0000c264    00000084     lib_lcd.obj (.text:write_string)
                  0000c2e8    0000007e     main.obj (.text:main)
                  0000c366    0000007c     rts430_eabi.lib : copy_decompress_lzss.c.obj (.text:decompress:lzss:__TI_decompress_lzss)
                  0000c3e2    00000068     pong.obj (.text:tick)
                  0000c44a    00000056     main.obj (.text:display_score)
                  0000c4a0    00000050     lib_lcd.obj (.text:write_char)
                  0000c4f0    0000004e     pong.obj (.text:play_pong_round)
                  0000c53e    0000004e     pong.obj (.text:update_ball_position)
                  0000c58c    0000004c     rts430_eabi.lib : lsr16.asm.obj (.text)
                  0000c5d8    0000004a     pong.obj (.text:ball_in_paddle_range)
                  0000c622    00000042     rts430_eabi.lib : autoinit.c.obj (.text:__TI_auto_init_nobinit_nopinit:__TI_auto_init_nobinit_nopinit)
                  0000c664    00000042     erandom.obj (.text:init_rand_adc_seed)
                  0000c6a6    00000042     buttons.obj (.text:wait_for_bounce)
                  0000c6e8    0000003e     lib_lcd.obj (.text:fill_display)
                  0000c726    0000003e     pong.obj (.text:update_paddle_positions)
                  0000c764    0000003c     main.obj (.text:display_start)
                  0000c7a0    0000003a     erandom.obj (.text:rand)
                  0000c7da    0000003a     lib_lcd.obj (.text:write_small_string)
                  0000c814    00000038     init_SSD1306.obj (.text:init_LCD)
                  0000c84c    00000034     buttons.obj (.text:Port_2)
                  0000c880    00000034     main.obj (.text:display_game_over)
                  0000c8b4    0000002c     pong.obj (.text:draw_ball_and_paddles)
                  0000c8e0    0000002c     lib_lcd.obj (.text:init_USCI)
                  0000c90c    0000002c     rts430_eabi.lib : asr16.asm.obj (.text)
                  0000c938    0000002c                     : lsl16.asm.obj (.text)
                  0000c964    0000002c     lib_lcd.obj (.text:set_cursor)
                  0000c990    00000022     pong.obj (.text:draw_paddles)
                  0000c9b2    00000022     pong.obj (.text:map)
                  0000c9d4    00000020     buttons.obj (.text:init_buttons)
                  0000c9f4    0000001e     pots.obj (.text:init_pots)
                  0000ca12    0000001e     lib_lcd.obj (.text:set_instruction)
                  0000ca30    0000001c     rts430_eabi.lib : boot.c.obj (.text:_c_int00_noargs)
                  0000ca4c    0000001c     main.obj (.text:check_game_over)
                  0000ca68    0000001a     pong.obj (.text:check_horizontal_collisions)
                  0000ca82    0000001a     main.obj (.text:watchdog_timer)
                  0000ca9c    00000018     pots.obj (.text:get_pots)
                  0000cab4    00000018     lib_lcd.obj (.text:send_data_array)
                  0000cacc    00000016     pong.obj (.text:draw_ball)
                  0000cae2    00000016     rts430_eabi.lib : div16u.asm.obj (.text)
                  0000caf8    00000016     delay.obj (.text:wait_ms)
                  0000cb0e    00000014     pong.obj (.text:check_vertical_collisions)
                  0000cb22    00000014     rts430_eabi.lib : copy_zero_init.c.obj (.text:decompress:ZI:__TI_zero_init_nomemset:__TI_zero_init_nomemset)
                  0000cb36    00000014                     : mult16.asm.obj (.text)
                  0000cb4a    00000014     main.obj (.text:update_score)
                  0000cb5e    00000012     rts430_eabi.lib : copy_decompress_none.c.obj (.text:decompress:none:__TI_decompress_none)
                  0000cb70    00000012                     : memcpy.c.obj (.text:memcpy)
                  0000cb82    00000010     init_SSD1306.obj (.text:init_ports)
                  0000cb92    00000010     rts430_eabi.lib : epilog.asm.obj (.text)
                  0000cba2    0000000e     pong.obj (.text:clear_display)
                  0000cbb0    0000000c     main.obj (.text:init_display)
                  0000cbbc    0000000a     lib_lcd.obj (.text:USCI)
                  0000cbc6    0000000a     main.obj (.text:init_game)
                  0000cbd0    0000000a     buttons.obj (.text:wait_for_button_press)
                  0000cbda    00000008     erandom.obj (.text:ADC10_ISR)
                  0000cbe2    00000008     rts430_eabi.lib : isr_trap.asm.obj (.text:_isr:__TI_ISR_TRAP)
                  0000cbea    00000006                     : exit.c.obj (.text:abort)
                  0000cbf0    00000006     erandom.obj (.text:srand)
                  0000cbf6    00000004     rts430_eabi.lib : pre_init.c.obj (.text:_system_pre_init)
                  0000cbfa    00000002                     : startup.c.obj (.text:_system_post_cinit)

.const     0    0000cbfc    000002e3     
                  0000cbfc    00000280     lib_lcd.obj (.const:ascii_table)
                  0000ce7c    00000019     init_SSD1306.obj (.const:.string:init_cmd_array)
                  0000ce95    00000001     --HOLE-- [fill = 0]
                  0000ce96    00000014     main.obj (.const:.string:str_subtitle)
                  0000ceaa    0000000c     main.obj (.const:.string:str_right_winner)
                  0000ceb6    0000000c     main.obj (.const:.string:str_title)
                  0000cec2    0000000b     main.obj (.const:.string:str_left_winner)
                  0000cecd    00000001     --HOLE-- [fill = 0]
                  0000cece    0000000a     main.obj (.const:.string:str_continue)
                  0000ced8    00000007     main.obj (.const:.string:str_subtitle2)

.cinit     0    0000cee0    00000026     
                  0000cee0    00000013     (.cinit..data.load) [load image, compression = lzss]
                  0000cef3    00000001     --HOLE-- [fill = 0]
                  0000cef4    00000006     (__TI_handler_table)
                  0000cefa    00000004     (.cinit..bss.load) [load image, compression = zero_init]
                  0000cefe    00000008     (__TI_cinit_table)

.binit     0    0000c000    00000000     

.init_array 
*          0    0000c000    00000000     UNINITIALIZED

TRAPINT    0    0000ffe0    00000002     
                  0000ffe0    00000002     rts430_eabi.lib : int00.asm.obj (.int00)

PORT1      0    0000ffe4    00000002     
                  0000ffe4    00000002     rts430_eabi.lib : int02.asm.obj (.int02)

PORT2      0    0000ffe6    00000002     
                  0000ffe6    00000002     buttons.obj (.int03)

ADC10      0    0000ffea    00000002     
                  0000ffea    00000002     erandom.obj (.int05)

USCIAB0TX 
*          0    0000ffec    00000002     
                  0000ffec    00000002     lib_lcd.obj (.int06)

USCIAB0RX 
*          0    0000ffee    00000002     
                  0000ffee    00000002     rts430_eabi.lib : int07.asm.obj (.int07)

TIMER0_A1 
*          0    0000fff0    00000002     
                  0000fff0    00000002     rts430_eabi.lib : int08.asm.obj (.int08)

TIMER0_A0 
*          0    0000fff2    00000002     
                  0000fff2    00000002     rts430_eabi.lib : int09.asm.obj (.int09)

WDT        0    0000fff4    00000002     
                  0000fff4    00000002     main.obj (.int10)

COMPARATORA 
*          0    0000fff6    00000002     
                  0000fff6    00000002     rts430_eabi.lib : int11.asm.obj (.int11)

TIMER1_A1 
*          0    0000fff8    00000002     
                  0000fff8    00000002     rts430_eabi.lib : int12.asm.obj (.int12)

TIMER1_A0 
*          0    0000fffa    00000002     
                  0000fffa    00000002     rts430_eabi.lib : int13.asm.obj (.int13)

NMI        0    0000fffc    00000002     
                  0000fffc    00000002     rts430_eabi.lib : int14.asm.obj (.int14)

.reset     0    0000fffe    00000002     
                  0000fffe    00000002     rts430_eabi.lib : boot.c.obj (.reset)

$fill000   0    0000ffde    00000002     
                  0000ffde    00000002     --HOLE-- [fill = ffff]

MODULE SUMMARY

       Module                       code   ro data   rw data
       ------                       ----   -------   -------
    ./
       lib_lcd.obj                  1096   642       2      
       pong.obj                     590    0         12     
       main.obj                     420    74        15     
       buttons.obj                  160    2         2      
       erandom.obj                  138    2         2      
       init_SSD1306.obj             72     25        0      
       pots.obj                     54     0         4      
       delay.obj                    22     0         0      
    +--+----------------------------+------+---------+---------+
       Total:                       2552   745       37     
                                                            
    /home/ben/ti/ccsv8/tools/compiler/ti-cgt-msp430_18.1.5.LTS/lib/rts430_eabi.lib
       copy_decompress_lzss.c.obj   124    0         0      
       lsr16.asm.obj                76     0         0      
       autoinit.c.obj               66     0         0      
       asr16.asm.obj                44     0         0      
       lsl16.asm.obj                44     0         0      
       boot.c.obj                   28     2         0      
       div16u.asm.obj               22     0         0      
       copy_zero_init.c.obj         20     0         0      
       mult16.asm.obj               20     0         0      
       copy_decompress_none.c.obj   18     0         0      
       memcpy.c.obj                 18     0         0      
       epilog.asm.obj               16     0         0      
       isr_trap.asm.obj             8      0         0      
       exit.c.obj                   6      0         0      
       pre_init.c.obj               4      0         0      
       int00.asm.obj                0      2         0      
       int02.asm.obj                0      2         0      
       int07.asm.obj                0      2         0      
       int08.asm.obj                0      2         0      
       int09.asm.obj                0      2         0      
       int11.asm.obj                0      2         0      
       int12.asm.obj                0      2         0      
       int13.asm.obj                0      2         0      
       int14.asm.obj                0      2         0      
       startup.c.obj                2      0         0      
    +--+----------------------------+------+---------+---------+
       Total:                       516    20        0      
                                                            
       Stack:                       0      0         80     
       Linker Generated:            0      37        0      
    +--+----------------------------+------+---------+---------+
       Grand Total:                 3068   802       117    


LINKER GENERATED COPY TABLES

__TI_cinit_table @ 0000cefe records: 2, size/record: 4, table size: 8
	.data: load addr=0000cee0, load size=00000013 bytes, run addr=00000200, run size=00000014 bytes, compression=lzss
	.bss: load addr=0000cefa, load size=00000004 bytes, run addr=00000214, run size=00000012 bytes, compression=zero_init


LINKER GENERATED HANDLER TABLE

__TI_handler_table @ 0000cef4 records: 3, size/record: 2, table size: 6
	index: 0, handler: __TI_zero_init
	index: 1, handler: __TI_decompress_lzss
	index: 2, handler: __TI_decompress_none


GLOBAL SYMBOLS: SORTED ALPHABETICALLY BY Name 

address   name                          
-------   ----                          
0000004a  ADC10AE0                      
000001b0  ADC10CTL0                     
000001b2  ADC10CTL1                     
00000048  ADC10DTC0                     
00000049  ADC10DTC1                     
000001b4  ADC10MEM                      
000001bc  ADC10SA                       
0000cbda  ADC10_ISR                     
00000057  BCSCTL1                       
00000058  BCSCTL2                       
00000053  BCSCTL3                       
0000cbea  C$$EXIT                       
00000059  CACTL1                        
0000005a  CACTL2                        
000010fb  CALBC1_12MHZ                  
000010f9  CALBC1_16MHZ                  
000010ff  CALBC1_1MHZ                   
000010fd  CALBC1_8MHZ                   
000010fa  CALDCO_12MHZ                  
000010f8  CALDCO_16MHZ                  
000010fe  CALDCO_1MHZ                   
000010fc  CALDCO_8MHZ                   
0000005b  CAPD                          
00000056  DCOCTL                        
00000128  FCTL1                         
0000012a  FCTL2                         
0000012c  FCTL3                         
00000000  IE1                           
00000001  IE2                           
00000002  IFG1                          
00000003  IFG2                          
00000022  P1DIR                         
00000025  P1IE                          
00000024  P1IES                         
00000023  P1IFG                         
00000020  P1IN                          
00000021  P1OUT                         
00000027  P1REN                         
00000026  P1SEL                         
00000041  P1SEL2                        
0000002a  P2DIR                         
0000002d  P2IE                          
0000002c  P2IES                         
0000002b  P2IFG                         
00000028  P2IN                          
00000029  P2OUT                         
0000002f  P2REN                         
0000002e  P2SEL                         
00000042  P2SEL2                        
0000001a  P3DIR                         
00000018  P3IN                          
00000019  P3OUT                         
00000010  P3REN                         
0000001b  P3SEL                         
00000043  P3SEL2                        
0000c84c  Port_2                        
00000172  TA0CCR0                       
00000174  TA0CCR1                       
00000176  TA0CCR2                       
00000162  TA0CCTL0                      
00000164  TA0CCTL1                      
00000166  TA0CCTL2                      
00000160  TA0CTL                        
0000012e  TA0IV                         
00000170  TA0R                          
00000192  TA1CCR0                       
00000194  TA1CCR1                       
00000196  TA1CCR2                       
00000182  TA1CCTL0                      
00000184  TA1CCTL1                      
00000186  TA1CCTL2                      
00000180  TA1CTL                        
0000011e  TA1IV                         
00000190  TA1R                          
000010db  TLV_ADC10_1_LEN               
000010da  TLV_ADC10_1_TAG               
000010c0  TLV_CHECKSUM                  
000010f7  TLV_DCO_30_LEN                
000010f6  TLV_DCO_30_TAG                
0000005d  UCA0ABCTL                     
00000062  UCA0BR0                       
00000063  UCA0BR1                       
00000060  UCA0CTL0                      
00000061  UCA0CTL1                      
0000005f  UCA0IRRCTL                    
0000005e  UCA0IRTCTL                    
00000064  UCA0MCTL                      
00000066  UCA0RXBUF                     
00000065  UCA0STAT                      
00000067  UCA0TXBUF                     
0000006a  UCB0BR0                       
0000006b  UCB0BR1                       
00000068  UCB0CTL0                      
00000069  UCB0CTL1                      
0000006c  UCB0I2CIE                     
00000118  UCB0I2COA                     
0000011a  UCB0I2CSA                     
0000006e  UCB0RXBUF                     
0000006d  UCB0STAT                      
0000006f  UCB0TXBUF                     
0000cbbc  USCI                          
00000120  WDTCTL                        
00000400  __STACK_END                   
00000050  __STACK_SIZE                  
0000cefe  __TI_CINIT_Base               
0000cf06  __TI_CINIT_Limit              
0000cef4  __TI_Handler_Table_Base       
0000cefa  __TI_Handler_Table_Limit      
0000cbe2  __TI_ISR_TRAP                 
0000c622  __TI_auto_init_nobinit_nopinit
0000c366  __TI_decompress_lzss          
0000cb5e  __TI_decompress_none          
0000ffe0  __TI_int00                    
0000ffe4  __TI_int02                    
0000ffe6  __TI_int03                    
0000ffea  __TI_int05                    
0000ffec  __TI_int06                    
0000ffee  __TI_int07                    
0000fff0  __TI_int08                    
0000fff2  __TI_int09                    
0000fff4  __TI_int10                    
0000fff6  __TI_int11                    
0000fff8  __TI_int12                    
0000fffa  __TI_int13                    
0000fffc  __TI_int14                    
ffffffff  __TI_pprof_out_hndl           
ffffffff  __TI_prof_data_size           
ffffffff  __TI_prof_data_start          
0000cb22  __TI_zero_init_nomemset       
ffffffff  __c_args__                    
0000cae2  __mspabi_divu                 
0000cb9e  __mspabi_func_epilog_1        
0000cb9c  __mspabi_func_epilog_2        
0000cb9a  __mspabi_func_epilog_3        
0000cb98  __mspabi_func_epilog_4        
0000cb96  __mspabi_func_epilog_5        
0000cb94  __mspabi_func_epilog_6        
0000cb92  __mspabi_func_epilog_7        
0000cb36  __mspabi_mpyi                 
0000cb36  __mspabi_mpyi_sw              
0000cae2  __mspabi_remu                 
0000c938  __mspabi_slli                 
0000c960  __mspabi_slli_1               
0000c94e  __mspabi_slli_10              
0000c94c  __mspabi_slli_11              
0000c94a  __mspabi_slli_12              
0000c948  __mspabi_slli_13              
0000c946  __mspabi_slli_14              
0000c944  __mspabi_slli_15              
0000c95e  __mspabi_slli_2               
0000c95c  __mspabi_slli_3               
0000c95a  __mspabi_slli_4               
0000c958  __mspabi_slli_5               
0000c956  __mspabi_slli_6               
0000c954  __mspabi_slli_7               
0000c952  __mspabi_slli_8               
0000c950  __mspabi_slli_9               
0000c90c  __mspabi_srai                 
0000c934  __mspabi_srai_1               
0000c922  __mspabi_srai_10              
0000c920  __mspabi_srai_11              
0000c91e  __mspabi_srai_12              
0000c91c  __mspabi_srai_13              
0000c91a  __mspabi_srai_14              
0000c918  __mspabi_srai_15              
0000c932  __mspabi_srai_2               
0000c930  __mspabi_srai_3               
0000c92e  __mspabi_srai_4               
0000c92c  __mspabi_srai_5               
0000c92a  __mspabi_srai_6               
0000c928  __mspabi_srai_7               
0000c926  __mspabi_srai_8               
0000c924  __mspabi_srai_9               
0000c58c  __mspabi_srli                 
0000c5d2  __mspabi_srli_1               
0000c5ae  __mspabi_srli_10              
0000c5aa  __mspabi_srli_11              
0000c5a6  __mspabi_srli_12              
0000c5a2  __mspabi_srli_13              
0000c59e  __mspabi_srli_14              
0000c59a  __mspabi_srli_15              
0000c5ce  __mspabi_srli_2               
0000c5ca  __mspabi_srli_3               
0000c5c6  __mspabi_srli_4               
0000c5c2  __mspabi_srli_5               
0000c5be  __mspabi_srli_6               
0000c5ba  __mspabi_srli_7               
0000c5b6  __mspabi_srli_8               
0000c5b2  __mspabi_srli_9               
0000ca30  _c_int00_noargs               
0000fffe  _reset_vector                 
000003b0  _stack                        
0000cbfa  _system_post_cinit            
0000cbf6  _system_pre_init              
0000cbea  abort                         
0000cbfc  ascii_table                   
00000224  bit_num                       
00000225  byte                          
0000c000  convert_font_size             
0000c178  draw_rect                     
0000c6e8  fill_display                  
0000ca9c  get_pots                      
0000c814  init_LCD                      
0000c8e0  init_USCI                     
0000c9d4  init_buttons                  
0000ce7c  init_cmd_array                
0000cb82  init_ports                    
0000c9f4  init_pots                     
0000c664  init_rand_adc_seed            
00000212  lfsr                          
0000c2e8  main                          
0000cb70  memcpy                        
0000c4f0  play_pong_round               
00000220  pot_vals                      
0000c7a0  rand                          
0000cab4  send_data_array               
0000c964  set_cursor                    
0000ca12  set_instruction               
0000cbf0  srand                         
0000cece  str_continue                  
0000cec2  str_left_winner               
0000ceaa  str_right_winner              
0000ce96  str_subtitle                  
0000ced8  str_subtitle2                 
0000ceb6  str_title                     
0000c6a6  wait_for_bounce               
0000cbd0  wait_for_button_press         
0000caf8  wait_ms                       
0000ca82  watchdog_timer                
0000c4a0  write_char                    
0000c7da  write_small_string            
0000c264  write_string                  


GLOBAL SYMBOLS: SORTED BY Symbol Address 

address   name                          
-------   ----                          
00000000  IE1                           
00000001  IE2                           
00000002  IFG1                          
00000003  IFG2                          
00000010  P3REN                         
00000018  P3IN                          
00000019  P3OUT                         
0000001a  P3DIR                         
0000001b  P3SEL                         
00000020  P1IN                          
00000021  P1OUT                         
00000022  P1DIR                         
00000023  P1IFG                         
00000024  P1IES                         
00000025  P1IE                          
00000026  P1SEL                         
00000027  P1REN                         
00000028  P2IN                          
00000029  P2OUT                         
0000002a  P2DIR                         
0000002b  P2IFG                         
0000002c  P2IES                         
0000002d  P2IE                          
0000002e  P2SEL                         
0000002f  P2REN                         
00000041  P1SEL2                        
00000042  P2SEL2                        
00000043  P3SEL2                        
00000048  ADC10DTC0                     
00000049  ADC10DTC1                     
0000004a  ADC10AE0                      
00000050  __STACK_SIZE                  
00000053  BCSCTL3                       
00000056  DCOCTL                        
00000057  BCSCTL1                       
00000058  BCSCTL2                       
00000059  CACTL1                        
0000005a  CACTL2                        
0000005b  CAPD                          
0000005d  UCA0ABCTL                     
0000005e  UCA0IRTCTL                    
0000005f  UCA0IRRCTL                    
00000060  UCA0CTL0                      
00000061  UCA0CTL1                      
00000062  UCA0BR0                       
00000063  UCA0BR1                       
00000064  UCA0MCTL                      
00000065  UCA0STAT                      
00000066  UCA0RXBUF                     
00000067  UCA0TXBUF                     
00000068  UCB0CTL0                      
00000069  UCB0CTL1                      
0000006a  UCB0BR0                       
0000006b  UCB0BR1                       
0000006c  UCB0I2CIE                     
0000006d  UCB0STAT                      
0000006e  UCB0RXBUF                     
0000006f  UCB0TXBUF                     
00000118  UCB0I2COA                     
0000011a  UCB0I2CSA                     
0000011e  TA1IV                         
00000120  WDTCTL                        
00000128  FCTL1                         
0000012a  FCTL2                         
0000012c  FCTL3                         
0000012e  TA0IV                         
00000160  TA0CTL                        
00000162  TA0CCTL0                      
00000164  TA0CCTL1                      
00000166  TA0CCTL2                      
00000170  TA0R                          
00000172  TA0CCR0                       
00000174  TA0CCR1                       
00000176  TA0CCR2                       
00000180  TA1CTL                        
00000182  TA1CCTL0                      
00000184  TA1CCTL1                      
00000186  TA1CCTL2                      
00000190  TA1R                          
00000192  TA1CCR0                       
00000194  TA1CCR1                       
00000196  TA1CCR2                       
000001b0  ADC10CTL0                     
000001b2  ADC10CTL1                     
000001b4  ADC10MEM                      
000001bc  ADC10SA                       
00000212  lfsr                          
00000220  pot_vals                      
00000224  bit_num                       
00000225  byte                          
000003b0  _stack                        
00000400  __STACK_END                   
000010c0  TLV_CHECKSUM                  
000010da  TLV_ADC10_1_TAG               
000010db  TLV_ADC10_1_LEN               
000010f6  TLV_DCO_30_TAG                
000010f7  TLV_DCO_30_LEN                
000010f8  CALDCO_16MHZ                  
000010f9  CALBC1_16MHZ                  
000010fa  CALDCO_12MHZ                  
000010fb  CALBC1_12MHZ                  
000010fc  CALDCO_8MHZ                   
000010fd  CALBC1_8MHZ                   
000010fe  CALDCO_1MHZ                   
000010ff  CALBC1_1MHZ                   
0000c000  convert_font_size             
0000c178  draw_rect                     
0000c264  write_string                  
0000c2e8  main                          
0000c366  __TI_decompress_lzss          
0000c4a0  write_char                    
0000c4f0  play_pong_round               
0000c58c  __mspabi_srli                 
0000c59a  __mspabi_srli_15              
0000c59e  __mspabi_srli_14              
0000c5a2  __mspabi_srli_13              
0000c5a6  __mspabi_srli_12              
0000c5aa  __mspabi_srli_11              
0000c5ae  __mspabi_srli_10              
0000c5b2  __mspabi_srli_9               
0000c5b6  __mspabi_srli_8               
0000c5ba  __mspabi_srli_7               
0000c5be  __mspabi_srli_6               
0000c5c2  __mspabi_srli_5               
0000c5c6  __mspabi_srli_4               
0000c5ca  __mspabi_srli_3               
0000c5ce  __mspabi_srli_2               
0000c5d2  __mspabi_srli_1               
0000c622  __TI_auto_init_nobinit_nopinit
0000c664  init_rand_adc_seed            
0000c6a6  wait_for_bounce               
0000c6e8  fill_display                  
0000c7a0  rand                          
0000c7da  write_small_string            
0000c814  init_LCD                      
0000c84c  Port_2                        
0000c8e0  init_USCI                     
0000c90c  __mspabi_srai                 
0000c918  __mspabi_srai_15              
0000c91a  __mspabi_srai_14              
0000c91c  __mspabi_srai_13              
0000c91e  __mspabi_srai_12              
0000c920  __mspabi_srai_11              
0000c922  __mspabi_srai_10              
0000c924  __mspabi_srai_9               
0000c926  __mspabi_srai_8               
0000c928  __mspabi_srai_7               
0000c92a  __mspabi_srai_6               
0000c92c  __mspabi_srai_5               
0000c92e  __mspabi_srai_4               
0000c930  __mspabi_srai_3               
0000c932  __mspabi_srai_2               
0000c934  __mspabi_srai_1               
0000c938  __mspabi_slli                 
0000c944  __mspabi_slli_15              
0000c946  __mspabi_slli_14              
0000c948  __mspabi_slli_13              
0000c94a  __mspabi_slli_12              
0000c94c  __mspabi_slli_11              
0000c94e  __mspabi_slli_10              
0000c950  __mspabi_slli_9               
0000c952  __mspabi_slli_8               
0000c954  __mspabi_slli_7               
0000c956  __mspabi_slli_6               
0000c958  __mspabi_slli_5               
0000c95a  __mspabi_slli_4               
0000c95c  __mspabi_slli_3               
0000c95e  __mspabi_slli_2               
0000c960  __mspabi_slli_1               
0000c964  set_cursor                    
0000c9d4  init_buttons                  
0000c9f4  init_pots                     
0000ca12  set_instruction               
0000ca30  _c_int00_noargs               
0000ca82  watchdog_timer                
0000ca9c  get_pots                      
0000cab4  send_data_array               
0000cae2  __mspabi_divu                 
0000cae2  __mspabi_remu                 
0000caf8  wait_ms                       
0000cb22  __TI_zero_init_nomemset       
0000cb36  __mspabi_mpyi                 
0000cb36  __mspabi_mpyi_sw              
0000cb5e  __TI_decompress_none          
0000cb70  memcpy                        
0000cb82  init_ports                    
0000cb92  __mspabi_func_epilog_7        
0000cb94  __mspabi_func_epilog_6        
0000cb96  __mspabi_func_epilog_5        
0000cb98  __mspabi_func_epilog_4        
0000cb9a  __mspabi_func_epilog_3        
0000cb9c  __mspabi_func_epilog_2        
0000cb9e  __mspabi_func_epilog_1        
0000cbbc  USCI                          
0000cbd0  wait_for_button_press         
0000cbda  ADC10_ISR                     
0000cbe2  __TI_ISR_TRAP                 
0000cbea  C$$EXIT                       
0000cbea  abort                         
0000cbf0  srand                         
0000cbf6  _system_pre_init              
0000cbfa  _system_post_cinit            
0000cbfc  ascii_table                   
0000ce7c  init_cmd_array                
0000ce96  str_subtitle                  
0000ceaa  str_right_winner              
0000ceb6  str_title                     
0000cec2  str_left_winner               
0000cece  str_continue                  
0000ced8  str_subtitle2                 
0000cef4  __TI_Handler_Table_Base       
0000cefa  __TI_Handler_Table_Limit      
0000cefe  __TI_CINIT_Base               
0000cf06  __TI_CINIT_Limit              
0000ffe0  __TI_int00                    
0000ffe4  __TI_int02                    
0000ffe6  __TI_int03                    
0000ffea  __TI_int05                    
0000ffec  __TI_int06                    
0000ffee  __TI_int07                    
0000fff0  __TI_int08                    
0000fff2  __TI_int09                    
0000fff4  __TI_int10                    
0000fff6  __TI_int11                    
0000fff8  __TI_int12                    
0000fffa  __TI_int13                    
0000fffc  __TI_int14                    
0000fffe  _reset_vector                 
ffffffff  __TI_pprof_out_hndl           
ffffffff  __TI_prof_data_size           
ffffffff  __TI_prof_data_start          
ffffffff  __c_args__                    

[232 symbols]
